12-19 19:23:35.228 I/ActivityManager(  771): START u0 {act=KikFragmentActivity.install.action flg=0x20000 cmp=kik.android/.chat.fragment.KikFragmentActivity (has extras)} from pid 19938
12-19 19:23:36.928 W/ActivityManager(  771):   Force finishing activity kik.android/.chat.fragment.KikFragmentActivity
12-19 19:23:36.958 I/ActivityManager(  771): Process kik.android (pid 19938) has died.
12-19 19:23:36.958 I/WindowState(  771): WIN DEATH: Window{42e1aa30 u0 kik.android/kik.android.chat.fragment.KikFragmentActivity}
12-19 19:23:37.428 I/ActivityManager(  771): Start proc kik.android for service kik.android/.net.communicator.CommunicatorService: pid=20339 uid=10076 gids={50076, 3003, 1028, 1015}
12-19 19:23:42.808 W/InputMethodManagerService(  771): Got RemoteException sending setActive(false) notification to pid 19938 uid 10076
12-19 19:24:58.198 I/ActivityManager(  771): START u0 {act=android.intent.action.MAIN cat=[android.intent.category.LAUNCHER] flg=0x10200000 cmp=kik.android/.chat.fragment.KikFragmentActivity bnds=[44,1536][245,1784]} from pid 9172
12-19 19:24:58.498 I/ActivityManager(  771): START u0 {act=KikFragmentActivity.install.action flg=0x20000 cmp=kik.android/.chat.fragment.KikFragmentActivity (has extras)} from pid 20339
12-19 19:25:03.468 I/ActivityManager(  771): START u0 {act=KikFragmentActivity.install.action flg=0x20000 cmp=kik.android/.chat.fragment.KikFragmentActivity (has extras)} from pid 20339
12-19 19:25:08.418 I/ActivityManager(  771): START u0 {act=KikFragmentActivity.install.action flg=0x20000 cmp=kik.android/.chat.fragment.KikFragmentActivity (has extras)} from pid 20339
12-19 19:25:09.638 I/ActivityManager(  771): START u0 {act=KikFragmentActivity.install.action flg=0x20000 cmp=kik.android/.chat.fragment.KikFragmentActivity (has extras)} from pid 20339
12-19 19:25:35.468 W/InputMethodManagerService(  771): Window already focused, ignoring focus gain of: com.android.internal.view.IInputMethodClient$Stub$Proxy@42cf8118 attribute=null, token = android.os.BinderProxy@427065a0
12-19 19:25:36.738 I/ActivityManager(  771): START u0 {act=KikFragmentActivity.install.action flg=0x20000 cmp=kik.android/.chat.fragment.KikFragmentActivity (has extras)} from pid 20339
12-19 19:25:46.608 W/InputMethodManagerService(  771): Window already focused, ignoring focus gain of: com.android.internal.view.IInputMethodClient$Stub$Proxy@438d2520 attribute=null, token = android.os.BinderProxy@427065a0
12-19 19:25:47.838 I/ActivityManager(  771): START u0 {act=KikFragmentActivity.install.action flg=0x20000 cmp=kik.android/.chat.fragment.KikFragmentActivity (has extras)} from pid 20339
12-19 19:25:57.868 D/MobileDataStateTracker(  771): default: setPolicyDataEnable(enabled=true)
12-19 19:26:13.058 I/ActivityManager(  771): START u0 {act=KikFragmentActivity.install.action flg=0x20000 cmp=kik.android/.chat.fragment.KikFragmentActivity (has extras)} from pid 20339
12-19 19:26:45.308 I/ActivityManager(  771): START u0 {act=KikFragmentActivity.install.action flg=0x20000 cmp=kik.android/.chat.fragment.KikFragmentActivity (has extras)} from pid 20339
12-19 19:26:45.308 I/ActivityManager(  771): START u0 {act=KikFragmentActivity.install.action flg=0x20000 cmp=kik.android/.chat.fragment.KikFragmentActivity (has extras)} from pid 20339
12-19 19:26:47.338 W/ActivityManager(  771):   Force finishing activity kik.android/.chat.fragment.KikFragmentActivity
12-19 19:26:47.378 I/ActivityManager(  771): Process kik.android (pid 20339) has died.
12-19 19:26:47.378 I/WindowState(  771): WIN DEATH: Window{42c55e88 u0 kik.android/kik.android.chat.fragment.KikFragmentActivity}
12-19 19:26:48.888 W/InputMethodManagerService(  771): Got RemoteException sending setActive(false) notification to pid 20339 uid 10076
12-19 19:26:49.538 I/ActivityManager(  771): START u0 {act=android.intent.action.MAIN cat=[android.intent.category.LAUNCHER] flg=0x10200000 cmp=kik.android/.chat.fragment.KikFragmentActivity bnds=[44,1536][245,1784]} from pid 9172
12-19 19:26:49.558 I/ActivityManager(  771): Start proc kik.android for activity kik.android/.chat.fragment.KikFragmentActivity: pid=20724 uid=10076 gids={50076, 3003, 1028, 1015}
12-19 19:26:53.538 I/ActivityManager(  771): START u0 {act=KikFragmentActivity.install.action flg=0x20000 cmp=kik.android/.chat.fragment.KikFragmentActivity (has extras)} from pid 20724
12-19 19:26:58.328 I/ActivityManager(  771): START u0 {act=KikFragmentActivity.install.action flg=0x20000 cmp=kik.android/.chat.fragment.KikFragmentActivity (has extras)} from pid 20724
12-19 19:27:04.318 I/ActivityManager(  771): START u0 {act=KikFragmentActivity.install.action flg=0x20000 cmp=kik.android/.chat.fragment.KikFragmentActivity (has extras)} from pid 20724
12-19 19:27:05.428 I/ActivityManager(  771): START u0 {act=KikFragmentActivity.install.action flg=0x20000 cmp=kik.android/.chat.fragment.KikFragmentActivity (has extras)} from pid 20724
12-19 19:27:59.858 W/InputMethodManagerService(  771): Window already focused, ignoring focus gain of: com.android.internal.view.IInputMethodClient$Stub$Proxy@42a7d378 attribute=null, token = android.os.BinderProxy@4273b700
12-19 19:28:00.528 I/ActivityManager(  771): START u0 {act=KikFragmentActivity.install.action flg=0x20000 cmp=kik.android/.chat.fragment.KikFragmentActivity (has extras)} from pid 20724
12-19 19:28:00.588 D/MobileDataStateTracker(  771): default: setPolicyDataEnable(enabled=true)
12-19 19:28:02.338 W/ActivityManager(  771):   Force finishing activity kik.android/.chat.fragment.KikFragmentActivity
12-19 19:28:02.358 I/ActivityManager(  771): Process kik.android (pid 20724) has died.
12-19 19:28:02.358 I/WindowState(  771): WIN DEATH: Window{43ae25a8 u0 kik.android/kik.android.chat.fragment.KikFragmentActivity}
12-19 19:28:17.778 W/InputMethodManagerService(  771): Got RemoteException sending setActive(false) notification to pid 20724 uid 10076
12-19 19:28:18.388 I/ActivityManager(  771): START u0 {act=android.intent.action.MAIN cat=[android.intent.category.LAUNCHER] flg=0x10200000 cmp=kik.android/.chat.fragment.KikFragmentActivity bnds=[44,1536][245,1784]} from pid 9172
12-19 19:28:18.418 I/ActivityManager(  771): Start proc kik.android for activity kik.android/.chat.fragment.KikFragmentActivity: pid=21068 uid=10076 gids={50076, 3003, 1028, 1015}
12-19 19:28:22.388 I/ActivityManager(  771): START u0 {act=KikFragmentActivity.install.action flg=0x20000 cmp=kik.android/.chat.fragment.KikFragmentActivity (has extras)} from pid 21068
12-19 19:28:28.588 I/ActivityManager(  771): START u0 {act=KikFragmentActivity.install.action flg=0x20000 cmp=kik.android/.chat.fragment.KikFragmentActivity (has extras)} from pid 21068
12-19 19:28:33.618 I/ActivityManager(  771): START u0 {act=KikFragmentActivity.install.action flg=0x20000 cmp=kik.android/.chat.fragment.KikFragmentActivity (has extras)} from pid 21068
12-19 19:28:34.828 I/ActivityManager(  771): START u0 {act=KikFragmentActivity.install.action flg=0x20000 cmp=kik.android/.chat.fragment.KikFragmentActivity (has extras)} from pid 21068
12-19 19:28:50.378 I/ActivityManager(  771): Start proc com.android.providers.calendar for content provider com.android.providers.calendar/.CalendarProvider2: pid=21248 uid=10001 gids={50001, 3003, 1028, 1015}
12-19 19:28:51.478 I/ActivityManager(  771): Killing 24717:android.process.acore/u0a3 (adj 10): empty for 2902s
12-19 19:28:51.528 I/ActivityManager(  771): Killing 2091:com.google.android.talk/u0a52 (adj 10): depends on provider com.android.providers.contacts/.ContactsProvider2 in dying proc android.process.acore
12-19 19:28:51.548 I/WindowState(  771): WIN DEATH: Window{42dae3d8 u0 com.google.android.talk/com.google.android.talk.SigningInActivity}
12-19 19:29:01.588 W/InputMethodManagerService(  771): Window already focused, ignoring focus gain of: com.android.internal.view.IInputMethodClient$Stub$Proxy@42d935c8 attribute=null, token = android.os.BinderProxy@42dca948
12-19 19:29:02.828 I/ActivityManager(  771): START u0 {act=KikFragmentActivity.install.action flg=0x20000 cmp=kik.android/.chat.fragment.KikFragmentActivity (has extras)} from pid 21068
12-19 19:29:07.888 I/ActivityManager(  771): START u0 {act=KikFragmentActivity.install.action flg=0x20000 cmp=kik.android/.chat.fragment.KikFragmentActivity (has extras)} from pid 21068
12-19 19:29:08.728 I/ActivityManager(  771): START u0 {act=KikFragmentActivity.install.action flg=0x20000 cmp=kik.android/.chat.fragment.KikFragmentActivity (has extras)} from pid 21068
12-19 19:30:02.528 I/ActivityManager(  771): START u0 {act=KikFragmentActivity.install.action flg=0x20000 cmp=kik.android/.chat.fragment.KikFragmentActivity bnds=[0,153][1080,345] (has extras)} from pid -1
12-19 19:30:02.528 W/ActivityManager(  771): startActivity called from non-Activity context; forcing Intent.FLAG_ACTIVITY_NEW_TASK for: Intent { act=KikFragmentActivity.install.action flg=0x20000 cmp=kik.android/.chat.fragment.KikFragmentActivity bnds=[0,153][1080,345] (has extras) }
12-19 19:30:02.708 W/InputMethodManagerService(  771): Window already focused, ignoring focus gain of: com.android.internal.view.IInputMethodClient$Stub$Proxy@43182120 attribute=null, token = android.os.BinderProxy@42dca948
12-19 19:30:05.208 I/ActivityManager(  771): START u0 {act=KikFragmentActivity.install.action flg=0x20000 cmp=kik.android/.chat.fragment.KikFragmentActivity (has extras)} from pid 21068
12-19 19:30:16.628 I/ActivityManager(  771): START u0 {act=KikFragmentActivity.install.action flg=0x20000 cmp=kik.android/.chat.fragment.KikFragmentActivity (has extras)} from pid 21068
12-19 19:30:18.618 I/ActivityManager(  771): START u0 {act=KikFragmentActivity.install.action flg=0x20000 cmp=kik.android/.chat.fragment.KikFragmentActivity bnds=[0,153][1080,345] (has extras)} from pid -1
12-19 19:30:18.618 W/ActivityManager(  771): startActivity called from non-Activity context; forcing Intent.FLAG_ACTIVITY_NEW_TASK for: Intent { act=KikFragmentActivity.install.action flg=0x20000 cmp=kik.android/.chat.fragment.KikFragmentActivity bnds=[0,153][1080,345] (has extras) }
12-19 19:30:18.788 W/InputMethodManagerService(  771): Window already focused, ignoring focus gain of: com.android.internal.view.IInputMethodClient$Stub$Proxy@43a13560 attribute=null, token = android.os.BinderProxy@42dca948
12-19 19:30:22.748 I/ActivityManager(  771): Start proc com.google.android.talk for broadcast com.google.android.talk/com.google.android.apps.babel.realtimechat.NotificationReceiver: pid=21456 uid=10052 gids={50052, 3003, 1028, 1015, 3002}
12-19 19:30:22.918 I/ActivityManager(  771): Killing 15834:com.google.android.partnersetup/u0a11 (adj 15): empty for 2703s
12-19 19:30:28.338 W/InputMethodManagerService(  771): Window already focused, ignoring focus gain of: com.android.internal.view.IInputMethodClient$Stub$Proxy@43858d18 attribute=null, token = android.os.BinderProxy@42dca948
12-19 19:30:32.708 I/ActivityManager(  771): START u0 {act=KikFragmentActivity.install.action flg=0x20000 cmp=kik.android/.chat.fragment.KikFragmentActivity (has extras)} from pid 21068
12-19 19:30:38.518 D/ConnectivityService(  771): Sampling interval elapsed, updating statistics ..
12-19 19:30:38.528 D/ConnectivityService(  771): Done.
12-19 19:30:38.528 D/ConnectivityService(  771): Setting timer for 720seconds
12-19 19:30:39.658 W/InputMethodManagerService(  771): Window already focused, ignoring focus gain of: com.android.internal.view.IInputMethodClient$Stub$Proxy@42d6afb8 attribute=null, token = android.os.BinderProxy@42dca948
12-19 19:30:40.998 I/ActivityManager(  771): START u0 {act=KikFragmentActivity.install.action flg=0x20000 cmp=kik.android/.chat.fragment.KikFragmentActivity (has extras)} from pid 21068
--------- beginning of /dev/log/main
12-19 19:30:58.798 I/CommunicatorService(21068): Jittered from 16000 to 18338
12-19 19:30:58.808 I/LoggingBufferedReader(21068): KIK_XML_RCV:  <pong/>
12-19 19:30:59.948 I/LoggingBufferedReader(21068): KIK_XML_RCV:  <message xmlns="kik:groups" from="steph_ro9@talk.kik.com/CANc3416d6a75c74b23927a45e668fc70cc" type="groupchat" id="54760e3b-49d6-4ae8-ad97-9058ff094a89" to="christine_zvb@talk.kik.com"><kik push="false" timestamp="1387499458781" app="chat" hop="true" qos="false"/><is-typing val="true"/><g jid="1099568289577_g@groups.kik.com"/></message>
12-19 19:31:01.898 I/LoggingBufferedReader(21068): KIK_XML_RCV:  <message xmlns="kik:groups" from="steph_ro9@talk.kik.com/CANc3416d6a75c74b23927a45e668fc70cc" type="groupchat" id="e9d79173-8b0b-47bf-b904-4bc86a5d1dd4" to="christine_zvb@talk.kik.com"><kik push="false" timestamp="1387499461527" app="chat" hop="true" qos="false"/><is-typing val="false"/><g jid="1099568289577_g@groups.kik.com"/></message>
12-19 19:31:02.748 W/CardsConsole(21068): Console.LOG: Application Cache Checking event (http://10.10.20.188:5000/:0)
12-19 19:31:02.788 W/CardsConsole(21068): Console.LOG: Application Cache Downloading event (http://10.10.20.188:5000/:0)
12-19 19:31:02.858 W/CardsConsole(21068): Console.LOG: Application Cache Progress event (0 of 26) http://10.10.20.188:5000/js/main.js (http://10.10.20.188:5000/:0)
12-19 19:31:02.878 W/CardsConsole(21068): Console.LOG: Application Cache Progress event (1 of 26) http://cdn.kik.com/cards/0/cards.js (http://10.10.20.188:5000/:0)
12-19 19:31:02.898 W/CardsConsole(21068): Console.LOG: Application Cache Progress event (2 of 26) http://10.10.20.188:5000/img/icon2.png (http://10.10.20.188:5000/:0)
12-19 19:31:02.908 W/CardsConsole(21068): Console.LOG: Application Cache Progress event (3 of 26) http://10.10.20.188:5000/ (http://10.10.20.188:5000/:0)
12-19 19:31:02.928 W/CardsConsole(21068): Console.LOG: Application Cache Progress event (4 of 26) http://10.10.20.188:5000/img/kik-button-small.png (http://10.10.20.188:5000/:0)
12-19 19:31:02.948 W/CardsConsole(21068): Console.LOG: Application Cache Progress event (5 of 26) http://10.10.20.188:5000/img/noprofile.png (http://10.10.20.188:5000/:0)
12-19 19:31:02.958 W/CardsConsole(21068): Console.LOG: Application Cache Progress event (6 of 26) http://10.10.20.188:5000/js/Friends.js (http://10.10.20.188:5000/:0)
12-19 19:31:02.978 W/CardsConsole(21068): Console.LOG: Application Cache Progress event (7 of 26) http://10.10.20.188:5000/img/kik.png (http://10.10.20.188:5000/:0)
12-19 19:31:02.988 W/CardsConsole(21068): Console.LOG: Application Cache Progress event (8 of 26) http://10.10.20.188:5000/img/friends.png (http://10.10.20.188:5000/:0)
12-19 19:31:03.008 W/CardsConsole(21068): Console.LOG: Application Cache Progress event (9 of 26) http://10.10.20.188:5000/js/seedrandom-min.js (http://10.10.20.188:5000/:0)
12-19 19:31:03.038 W/CardsConsole(21068): Console.LOG: Application Cache Progress event (10 of 26) http://10.10.20.188:5000/js/People.js (http://10.10.20.188:5000/:0)
12-19 19:31:03.048 W/CardsConsole(21068): Console.LOG: Application Cache Progress event (11 of 26) http://cdn.kik.com/app/1/app.js (http://10.10.20.188:5000/:0)
12-19 19:31:03.088 W/CardsConsole(21068): Console.LOG: Application Cache Progress event (12 of 26) http://10.10.20.188:5000/img/heart3.png (http://10.10.20.188:5000/:0)
12-19 19:31:03.088 W/CardsConsole(21068): Console.LOG: Application Cache Progress event (13 of 26) http://cdn.kik.com/app/1/default.css (http://10.10.20.188:5000/:0)
12-19 19:31:03.138 W/CardsConsole(21068): Console.LOG: Application Cache Progress event (14 of 26) http://10.10.20.188:5000/img/whiteplus.png (http://10.10.20.188:5000/:0)
12-19 19:31:03.148 W/CardsConsole(21068): Console.LOG: Application Cache Progress event (15 of 26) http://10.10.20.188:5000/img/boyfriend.png (http://10.10.20.188:5000/:0)
12-19 19:31:03.168 W/CardsConsole(21068): Console.LOG: Application Cache Progress event (16 of 26) http://10.10.20.188:5000/css/styles.css (http://10.10.20.188:5000/:0)
12-19 19:31:03.188 W/CardsConsole(21068): Console.LOG: Application Cache Progress event (17 of 26) http://10.10.20.188:5000/js/home.js (http://10.10.20.188:5000/:0)
12-19 19:31:03.198 W/CardsConsole(21068): Console.LOG: Application Cache Progress event (18 of 26) http://10.10.20.188:5000/img/whiteheart.png (http://10.10.20.188:5000/:0)
12-19 19:31:03.228 W/CardsConsole(21068): Console.LOG: Application Cache Progress event (19 of 26) http://10.10.20.188:5000/js/toDataURLCustom.js (http://10.10.20.188:5000/:0)
12-19 19:31:03.248 W/CardsConsole(21068): Console.LOG: Application Cache Progress event (20 of 26) http://10.10.20.188:5000/zerver/API.js (http://10.10.20.188:5000/:0)
12-19 19:31:03.248 W/CardsConsole(21068): Console.LOG: Application Cache Progress event (21 of 26) http://10.10.20.188:5000/js/signup.js (http://10.10.20.188:5000/:0)
12-19 19:31:03.318 W/CardsConsole(21068): Console.LOG: Application Cache Progress event (22 of 26) http://zeptojs.com/zepto.min.js (http://10.10.20.188:5000/:0)
12-19 19:31:03.358 W/CardsConsole(21068): Console.LOG: Application Cache Progress event (23 of 26) http://10.10.20.188:5000/js/You.js (http://10.10.20.188:5000/:0)
12-19 19:31:03.418 W/CardsConsole(21068): Console.LOG: Application Cache Progress event (24 of 26) http://10.10.20.188:5000/js/Calc.js (http://10.10.20.188:5000/:0)
12-19 19:31:03.428 W/CardsConsole(21068): Console.LOG: Application Cache Progress event (25 of 26) http://10.10.20.188:5000/img/whitedouble.png (http://10.10.20.188:5000/:0)
12-19 19:31:03.428 D/MobileDataStateTracker(  771): default: setPolicyDataEnable(enabled=true)
12-19 19:31:03.518 W/CardsConsole(21068): Console.LOG: Application Cache Progress event (26 of 26)  (http://10.10.20.188:5000/:0)
12-19 19:31:03.518 W/CardsConsole(21068): Console.LOG: Application Cache UpdateReady event (http://10.10.20.188:5000/:0)
12-19 19:31:03.528 I/CardsWebDebug(21068): Performing refresh, withCache=true
12-19 19:31:03.528 I/ActivityManager(  771): START u0 {act=KikFragmentActivity.install.action flg=0x20000 cmp=kik.android/.chat.fragment.KikFragmentActivity (has extras)} from pid 21068
12-19 19:31:03.618 I/KikNetSock(21068): Net Debug--> Sending stanza: kik.core.net.outgoing.XDataUpdateRequest
12-19 19:31:03.618 I/CommunicatorService(21068): Scheduling retry. num=1 reason: requested retry reset reset=true
12-19 19:31:03.618 I/CommunicatorService(21068): Jittered from 1000 to 1128
12-19 19:31:03.628 I/LoggingOutputStream(21068): KIK_XML_SND:  <iq type="set" id="ba6c25db-d964-4dc9-9ab2-f2cc226983ea"><query xmlns="kik:iq:xdata"><record-set pk="enc_card_list"><record sk="aBiOdXx5Py_zmyol9m6KCbLe6Xk-u3xB0a09dctrIjg">CiA7kiVOuwipagTkiZFj_gjdOf0aGnwvdAcUTGMFY6FQGhIQeNxVJVenxlwmP-2bD9kdJBrgASddHMo3CFwwZ8KqBJdttVVwhC3rugTpV5xPBIpxrTHE2hHFRbw_wf7OESw6rioSnLmP9xcC2he7JO7RPU6B1Chr69iCiZnfHnQYGbjhyexpM7SIANJzhlNlbZvcaU0ddpuU25JP7DhTNIxbnKeCi-UfRj_g4LWzcf_TG3x9pUT5ayY5KrthFetSbwZiNAAZtS4_7ZKB737R6BCQjkXXw-OTO1C8Yx69kdKELPk8dwePz6O2ChfQFKeoY9yHsioUcdHIkpNhzBa-OPs6ADY7V6Ums4RarEpq1P1cSpQsFcFK</record></record-set></query></iq>
12-19 19:31:03.658 I/LoggingBufferedReader(21068): KIK_XML_RCV:  <ack id="ba6c25db-d964-4dc9-9ab2-f2cc226983ea"/>
12-19 19:31:03.688 I/LoggingBufferedReader(21068): KIK_XML_RCV:  <iq type="result" id="ba6c25db-d964-4dc9-9ab2-f2cc226983ea" to="christine_zvb@talk.kik.com/CANb8c760a61a894f4bb8b8a5317b1004b8"><query xmlns="kik:iq:xdata"/></iq>
12-19 19:31:03.688 I/XDataAppManagerStorage(21068): Card list updated
12-19 19:31:03.948 D/CardsWebLog(21068): Setting app cache path to: /data/data/kik.android/cache/appCache
12-19 19:31:03.948 D/CardsWebLog(21068): Cache mode LOAD_DEFAULT
12-19 19:31:03.948 I/WebViewFragment(21068): SWITCH_TIMING: Starting to load URL http://10.10.20.188:5000/
12-19 19:31:03.958 E/WebViewFragment(21068): WEBVIEW! Cannot update cover, nullity:true, false
12-19 19:31:03.958 D/KikCardBrowserFragment(21068): Binding fragment
12-19 19:31:03.998 D/dalvikvm(21068): GC_FOR_ALLOC freed 16311K, 44% free 28341K/50520K, paused 40ms, total 40ms
12-19 19:31:04.018 W/AwContents(21068): nativeOnDraw failed; clearing to background color.
12-19 19:31:04.028 D/CardsWebLog(21068): URL maps to the same cannonical URL: data:///
12-19 19:31:04.028 D/CardsWebLog(21068): URL maps to the same cannonical URL: http://10.10.20.188:5000/
12-19 19:31:04.068 I/ExtWebView(21068): SWITCH_TIMING: Webview thinks its finished
12-19 19:31:04.108 W/CardsConsole(21068): Console.LOG: Document was loaded from Application Cache with manifest http://10.10.20.188:5000/cache.manifest (http://10.10.20.188:5000/:0)
12-19 19:31:04.108 W/CardsConsole(21068): Console.LOG: Application Cache Checking event (http://10.10.20.188:5000/:0)
12-19 19:31:04.238 W/CardsConsole(21068): Console.LOG: Application Cache NoUpdate event (http://10.10.20.188:5000/:0)
12-19 19:31:04.248 V/CardsWebPluginReg(21068): Success requesting plugin: Metrics
12-19 19:31:04.268 V/CardsWebPluginReg(21068): Success requesting plugin: Browser
12-19 19:31:04.318 W/CardsWebPluginReg(21068): Plugin not found: Media
12-19 19:31:04.318 V/CardsWebPluginReg(21068): Success requesting plugin: Kik
12-19 19:31:04.318 V/CardsWebPluginReg(21068): Success requesting plugin: Profile
12-19 19:31:04.328 V/CardsWebPluginReg(21068): Success requesting plugin: UserData
12-19 19:31:04.328 V/CardsWebPluginReg(21068): Success requesting plugin: Auth
12-19 19:31:04.328 V/CardsWebPluginReg(21068): Success requesting plugin: Photo
12-19 19:31:04.328 W/CardsWebPluginReg(21068): Plugin not found: Keyboard
12-19 19:31:04.338 V/CardsWebPluginReg(21068): Success requesting plugin: Picker
12-19 19:31:04.338 V/CardsWebPluginReg(21068): Success requesting plugin: Push
12-19 19:31:04.408 D/Finsky  ( 6678): [301] InAppBillingUtils.getPreferredAccount: kik.android: Account from first account - [2pgUuwH6iPKeadz0XuVYR3HCQak]
12-19 19:31:04.418 V/CardsWebPluginReg(21068): Success requesting plugin: IAP
12-19 19:31:04.578 W/CardsConsole(21068): Console.LOG: //d33vud085sp3wg.cloudfront.net/0WdUM1_QkB2n6BSSF6r-c4_jqi8/thumb.jpg (http://10.10.20.188:5000/zerver/API.js:639)
12-19 19:31:04.578 W/CardsConsole(21068): Console.LOG: //d33vud085sp3wg.cloudfront.net/hnmsBpTlK58BG3iOK3G4Cd5Iqlw/thumb.jpg (http://10.10.20.188:5000/zerver/API.js:639)
12-19 19:31:04.638 I/ExtWebView(21068): SWITCH_TIMING: Webview thinks its finished
12-19 19:31:04.648 I/WebViewFragment(21068): SWITCH_TIMING: Jairaj think its finished
12-19 19:31:04.648 I/WebViewFragment(21068): SWITCH_TIMING: Taking snapshot
12-19 19:31:04.718 D/dalvikvm(21068): GC_FOR_ALLOC freed 2395K, 45% free 28013K/50520K, paused 67ms, total 68ms
12-19 19:31:04.718 I/dalvikvm-heap(21068): Grow heap (frag case) to 34.462MB for 7348336-byte allocation
12-19 19:31:04.748 D/dalvikvm(21068): GC_FOR_ALLOC freed 7K, 31% free 35182K/50520K, paused 35ms, total 35ms
12-19 19:31:04.798 D/dalvikvm(21068): GC_CONCURRENT freed 45K, 31% free 35137K/50520K, paused 4ms+2ms, total 42ms
12-19 19:31:04.798 D/dalvikvm(21068): WAIT_FOR_CONCURRENT_GC blocked 15ms
12-19 19:31:04.798 I/dalvikvm-heap(21068): Grow heap (frag case) to 41.419MB for 7348336-byte allocation
12-19 19:31:04.838 D/dalvikvm(21068): GC_CONCURRENT freed <1K, 27% free 42313K/57700K, paused 2ms+2ms, total 36ms
12-19 19:31:04.838 D/dalvikvm(21068): WAIT_FOR_CONCURRENT_GC blocked 32ms
12-19 19:31:04.838 I/WebViewFragment(21068): SWITCH_TIMING: Firing page ready
12-19 19:31:04.848 V/CardsWebPluginReg(21068): Firing event: loadData
12-19 19:31:04.848 V/CardsWebPluginReg(21068): Firing event: reveal
12-19 19:31:04.848 I/CommunicatorService(21068): called onStartCommand
12-19 19:31:04.848 I/CommunicatorService(21068): Handle start
12-19 19:31:04.858 I/LoggingOutputStream(21068): KIK_XML_SND:  <ping/>
12-19 19:31:04.868 I/chromium(21068): [INFO:async_pixel_transfer_manager_android.cc(56)] Async pixel transfers not supported
12-19 19:31:04.888 I/CommunicatorService(21068): successful ping took 33
12-19 19:31:04.888 I/CommunicatorService(21068): Scheduling retry. num=2 reason: ping succeeded reset=false
12-19 19:31:04.888 I/CommunicatorService(21068): Jittered from 1000 to 1057
12-19 19:31:04.888 I/LoggingBufferedReader(21068): KIK_XML_RCV:  <pong/>
12-19 19:31:04.898 I/chromium(21068): [INFO:async_pixel_transfer_manager_android.cc(56)] Async pixel transfers not supported
12-19 19:31:04.968 D/dalvikvm(21068): GC_EXPLICIT freed 30K, 27% free 42328K/57700K, paused 2ms+3ms, total 44ms
12-19 19:31:05.048 W/CardsWebGlue(21068): BAD: timed out waiting for poll, forcing javascript poll.
12-19 19:31:05.048 W/CardsWebGlue(21068): BAD: timed out waiting for poll, forcing javascript poll.
12-19 19:31:05.948 I/CommunicatorService(21068): called onStartCommand
12-19 19:31:05.948 I/CommunicatorService(21068): Handle start
12-19 19:31:05.968 I/LoggingOutputStream(21068): KIK_XML_SND:  <ping/>
12-19 19:31:05.998 I/CommunicatorService(21068): successful ping took 35
12-19 19:31:05.998 I/CommunicatorService(21068): Scheduling retry. num=3 reason: ping succeeded reset=false
12-19 19:31:05.998 I/CommunicatorService(21068): Jittered from 2000 to 2175
12-19 19:31:05.998 I/LoggingBufferedReader(21068): KIK_XML_RCV:  <pong/>
12-19 19:31:08.178 I/CommunicatorService(21068): called onStartCommand
12-19 19:31:08.178 I/CommunicatorService(21068): Handle start
12-19 19:31:08.178 I/LoggingOutputStream(21068): KIK_XML_SND:  <ping/>
12-19 19:31:08.208 I/CommunicatorService(21068): successful ping took 34
12-19 19:31:08.208 I/CommunicatorService(21068): Scheduling retry. num=4 reason: ping succeeded reset=false
12-19 19:31:08.218 I/CommunicatorService(21068): Jittered from 4000 to 4862
12-19 19:31:08.218 I/LoggingBufferedReader(21068): KIK_XML_RCV:  <pong/>
12-19 19:31:08.798 D/dalvikvm(21068): GC_FOR_ALLOC freed 16807K, 37% free 31415K/49640K, paused 36ms, total 36ms
12-19 19:31:08.818 I/ActivityManager(  771): START u0 {act=KikFragmentActivity.install.action flg=0x20000 cmp=kik.android/.chat.fragment.KikFragmentActivity (has extras)} from pid 21068
12-19 19:31:08.858 I/WebViewFragment(21068): WEBVIEW
12-19 19:31:08.858 V/CardsWebPluginReg(21068): Firing event: pause
12-19 19:31:08.938 D/dalvikvm(21068): GC_FOR_ALLOC freed 6391K, 38% free 29639K/47136K, paused 36ms, total 36ms
12-19 19:31:09.048 D/dalvikvm(21068): GC_CONCURRENT freed 3608K, 36% free 30267K/47136K, paused 3ms+2ms, total 47ms
12-19 19:31:09.048 D/dalvikvm(21068): WAIT_FOR_CONCURRENT_GC blocked 43ms
12-19 19:31:09.058 W/CardsWebGlue(21068): BAD: timed out waiting for poll, forcing javascript poll.
12-19 19:31:10.268 I/ActivityManager(  771): START u0 {act=KikFragmentActivity.install.action flg=0x20000 cmp=kik.android/.chat.fragment.KikFragmentActivity (has extras)} from pid 21068
12-19 19:31:10.278 D/audio_hw_primary(  184): select_devices: out_snd_device(2: speaker) in_snd_device(0: )
12-19 19:31:10.288 I/WebViewFragment(21068): Fragment removed from the back stack revealing web view
12-19 19:31:10.288 V/CardsWebPluginReg(21068): Firing event: unpause
12-19 19:31:10.308 I/CommunicatorService(21068): Scheduling retry. num=1 reason: requested retry reset reset=true
12-19 19:31:10.308 I/CommunicatorService(21068): Jittered from 1000 to 1048
12-19 19:31:10.308 I/KikNetSock(21068): Net Debug--> Sending stanza: kik.core.net.outgoing.XDataUpdateRequest
12-19 19:31:10.318 I/LoggingOutputStream(21068): KIK_XML_SND:  <iq type="set" id="57904e41-4545-46a5-8f48-a16f79a82f3c"><query xmlns="kik:iq:xdata"><record-set pk="enc_card_list"><record sk="aBiOdXx5Py_zmyol9m6KCbLe6Xk-u3xB0a09dctrIjg">CiA7kiVOuwipagTkiZFj_gjdOf0aGnwvdAcUTGMFY6FQGhIQRinb15LZGy18eSt03kcD6RrgAeDgaW--3EhYXaL7nAK3RLwDBkq3QLbN5_RnJH5eQ3vI-4GSLYGSJzLN3CWPlWdM96nfr-crZd6rV1FM7M3usZtOX0KIGDV44IG0MKHh0_zmFl-N4MDSQrlrAzpHo6gnVuAQZX7lCDxLneehnAGZCUju81A4g482xQxj0n24dDwhQYBENXWru_5WjGI8e7zJv9OoICfC5TP1OFN7YFz5bqOqB9GaLrFkSBtMdqd-Ml7V8FRYt8sTbnDGUpqT0SwADLuN1C8Cn82WRW8JAiaL-7ndr4NUuGqnxHup94CIFNnc</record></record-set></query></iq>
12-19 19:31:10.348 I/LoggingBufferedReader(21068): KIK_XML_RCV:  <ack id="57904e41-4545-46a5-8f48-a16f79a82f3c"/>
12-19 19:31:10.358 I/WebViewFragment(21068): WEBVIEW
12-19 19:31:10.358 V/CardsWebPluginReg(21068): Firing event: pause
12-19 19:31:10.358 I/LatinIME:LogUtils(10325): Dictionary info: dictionary = contacts.en_GB.dict ; version = ? ; date = ?
12-19 19:31:10.378 I/LoggingBufferedReader(21068): KIK_XML_RCV:  <iq type="result" id="57904e41-4545-46a5-8f48-a16f79a82f3c" to="christine_zvb@talk.kik.com/CANb8c760a61a894f4bb8b8a5317b1004b8"><query xmlns="kik:iq:xdata"/></iq>
12-19 19:31:10.388 I/XDataAppManagerStorage(21068): Card list updated
12-19 19:31:10.498 D/dalvikvm(21068): GC_FOR_ALLOC freed 3131K, 18% free 30320K/36976K, paused 38ms, total 38ms
12-19 19:31:10.498 I/dalvikvm-heap(21068): Grow heap (frag case) to 31.135MB for 1498192-byte allocation
12-19 19:31:10.528 D/dalvikvm(21068): GC_FOR_ALLOC freed 108K, 18% free 31675K/38440K, paused 35ms, total 35ms
12-19 19:31:10.568 W/CardsWebGlue(21068): BAD: timed out waiting for poll, forcing javascript poll.
12-19 19:31:10.568 W/CardsWebGlue(21068): BAD: timed out waiting for poll, forcing javascript poll.
12-19 19:31:11.318 D/dalvikvm(21068): GC_FOR_ALLOC freed 1002K, 19% free 31321K/38440K, paused 37ms, total 37ms
12-19 19:31:11.318 I/dalvikvm-heap(21068): Grow heap (frag case) to 32.114MB for 1498192-byte allocation
12-19 19:31:11.358 D/dalvikvm(21068): GC_FOR_ALLOC freed 5K, 18% free 32779K/39904K, paused 35ms, total 35ms
12-19 19:31:11.358 I/KikNetSock(21068): Net Debug--> Sending stanza: kik.core.net.outgoing.OutgoingMessageStanza
12-19 19:31:11.368 I/CommunicatorService(21068): Scheduling retry. num=1 reason: requested retry reset reset=true
12-19 19:31:11.368 I/CommunicatorService(21068): Jittered from 1000 to 1040
12-19 19:31:11.378 I/CommunicatorService(21068): called onStartCommand
12-19 19:31:11.378 I/CommunicatorService(21068): Handle start
12-19 19:31:11.868 I/LoggingOutputStream(21068): KIK_XML_SND:  <message type="groupchat" xmlns="kik:groups" to="1099608071067_g@groups.kik.com" id="d64d4611-61da-42e6-848b-d4eef527da4d" cts="1387499472274"><kik push="true" qos="true" timestamp="1387499472274" /><request xmlns="kik:message:receipt" r="true" d="true" /><content id="5159d3c1-2179-42b2-bd71-e80b6c9a3ff9" app-id="com.kik.cards" v="2"><strings><text>You ain't a match</text><app-name>Love Calculator</app-name><title>yo</title><card-icon>http://10.10.20.188:5000/img/icon2.png</card-icon><layout>photo</layout><allow-forward>true</allow-forward></strings><extras><item><key>linkData</key><val>%7B%22user1%22%3A%5B%22Ted%20Livingston%22%2C%22%2F%2Fd33vud085sp3wg.cloudfront.net%2F0WdUM1_QkB2n6BSSF6r-c4_jqi8%2Fthumb.jpg%22%2C%22ted%22%5D%2C%22user2%22%3A%5B%22Vick%20Yao%22%2C%22%2F%2Fd33vud085sp3wg.cloudfront.net%2FhnmsBpTlK58BG3iOK3G4Cd5Iqlw%2Fthumb.jpg%22%2C%22vickyao%22%5D%7D</val></item><item><key>sender</key><val>ffc1230b-ee58-43c6-8dff-6c41239db5d5</val></item><item><key>messageID</key><val>e4114ef8-e8a4-47d8-bef9-e3859db760cf</val></item></extras><images><icon>/9j/4AAQSkZJRgABAQAAAQABAAD/2wBDAAEBAQEBAQEBAQEBAQEBAQEBAQEBAQEBAQEBAQEBAQEBAQEBAQEBAQEBAQEBAQEBAQEBAQEBAQEBAQEBAQEBAQH/2wBDAQEBAQEBAQEBAQEBAQEBAQEBAQEBAQEBAQEBAQEBAQEBAQEBAQEBAQEBAQEBAQEBAQEBAQEBAQEBAQEBAQEBAQH/wAARCACgAQADASIAAhEBAxEB/8QAHwAAAQUBAQEBAQEAAAAAAAAAAAECAwQFBgcICQoL/8QAtRAAAgEDAwIEAwUFBAQAAAF9AQIDAAQRBRIhMUEGE1FhByJxFDKBkaEII0KxwRVS0fAkM2JyggkKFhcYGRolJicoKSo0NTY3ODk6Q0RFRkdISUpTVFVWV1hZWmNkZWZnaGlqc3R1dnd4eXqDhIWGh4iJipKTlJWWl5iZmqKjpKWmp6ipqrKztLW2t7i5usLDxMXGx8jJytLT1NXW19jZ2uHi4+Tl5ufo6erx8vP09fb3+Pn6/8QAHwEAAwEBAQEBAQEBAQAAAAAAAAECAwQFBgcICQoL/8QAtREAAgECBAQDBAcFBAQAAQJ3AAECAxEEBSExBhJBUQdhcRMiMoEIFEKRobHBCSMzUvAVYnLRChYkNOEl8RcYGRomJygpKjU2Nzg5OkNERUZHSElKU1RVVldYWVpjZGVmZ2hpanN0dXZ3eHl6goOEhYaHiImKkpOUlZaXmJmaoqOkpaanqKmqsrO0tba3uLm6wsPExcbHyMnK0tPU1dbX2Nna4uPk5ebn6Onq8vP09fb3+Pn6/9oADAMBAAIRAxEAPwD4Hooor+Lz/pgCiiigAooooAKKKKACiiigAooooAKKKKACiiigAooooAKKKKACiiigAooooAKKKKACiiigAooooAKKKKACiiigAooooAKKKKACiiigAooooAKKKKACiiigAooooAKKKKACiiigAooooAKKKKACiiigAooooAKKKKACiiigAooooAKKKKACiiigAooooAKKKKACiivdP2fP2bPjT+1L49tvhz8E/BV/4s12RUm1C4Tba6HoGntII21XxHrU4Flo9ghziW5kEs7gw2cE9yViOtChWxNWnQw9KpXrVZKFKlShKdSpNtpRhCKcpN22SbtZttO74czzPLcly/GZtm+PwmWZbgKE8Tjswx+JpYXB4TD00+etiMRXnClSpx5dZTmldpXcmr+F0V/UT8HP+DdvRW0q1vP2gfj/AKyuqypG91oPwn0jTbe1tGZQXgXxJ4r07UmuniOU81fD0cb8OqgZWvdtS/4N4/2RpbSRNH+Mn7Q9jelWEVxqWs/DDVLRHwdrSWdr8LNGllUHBZFvoiRkCRT81fa0fDji2tSVV4GjRurqnWxmHjVtrvFTkovT4ZyTV1dXTP5izH6aP0fMvx1TBR4nzPMFSm6c8bl3Dub1sDdS5ZOnWq0KE60Fa6qUKVSnOOtOc1Zy/kAor9xv2r/+CGP7QvwQ0TVfG/wW8QWvx48JaVFPd3+j2GmvovxFsNPhV3kuo9AM13aeIFijQvNFo162oBcmHTZVDMPw+ngntZ5ra5hlt7i3lkguLeeN4p4J4naOWGaKQK8UsToySRuA6OrI4DK2fl8zyfM8mr/V8zwdXC1Grw50pU6sU2nKlVhKVOqlZc3JOTi5JSSalb904E8SOBfE3Kp5xwNxJgM+wlGUKeKjh5VKWNwNWak4Uswy7FU6ONwNSajJ01iaFNVYqUqMpwTmRUVLBBPdTw2trDLc3FxLHBb28EbyzzzyuI4YYYow0kssshCRxoGd3IRQzHn9w/2T/wDghh+0L8btF0vxv8avEFr8B/CWqRQXdho19pr6z8Rr+wmXfHcy6AJrW08PrLHtkhi1i9Go7WBm02JSCXlWTZpndd4fK8HVxVSKTqOCUadKLbipVa1SUaVNNrTnmm9oqUk0LjrxJ4F8M8qjnHHPEmAyHCVZThhY4iVSrjcdVgk50svy7CwrY3HTguV1FhqFRUozhKtKEHzP8N6K/r/03/g3j/ZGitI01j4x/tD316FAluNN1r4YaXaO+PmaOzuvhXrMsSk8hGvpSo4Lsfmrwj4x/wDBu3oq6Vd3n7P/AMf9ZbVokke00D4r6Rps9reMquUgbxJ4U0/TjavKwRfObw9JGm4uyEAqPp63hxxbSpOqsDRq8qu6dHGYeVW2u0XOKk9PhjJt6WTb1/Dcu+mj9HzMMdDBS4nzLL1UmqcMbmPDub0cDdvli51qVCvOjB7upXpU6cFrUnFan8u9Fe5/tA/s2/Gn9lzx7dfDn42eCr/wnrsStPYTybbrQ9f08OyLqnhzWrcNZavYOVGZbeQywOywXkEFyHhHhlfFVqFbD1alDEUqlGtSk4VaVWEqdSnNcycZwmlKL916NX23umf05lmZ5bnWX4TNsnx+EzPLcdRhiMFmGAxNHFYPFYeom4VsPiKE6lKrTklpKEmr3TfMm2UUUVkdwUUUUAFFFFABRRRQAUUUUAFFFFABRRRQAUUUUAFFFFABRRRQBt+GfDuseMPEeg+E/D1nJqGueJNY0zQtHsYgTJd6pqt7FYWNuuA2DLcSxoWIIUMGbKhjX+gj+w3+yH4G/Yy+Anhj4Z+HLG0l8U3dlZav8SvFawRrqHinxlcWyNqM81zsEzaZpsu+w0SzZvLtNPjiYKLia6kf+OH/AIJO+FNP8Z/8FFf2YdF1OKOe1g8VeJfEnlSqHja68G/Drxr4y0/crAhtt9oEDAEEEhc9Mn++Kv2zwmyrDvD5lnU4RnXjiFl+HlJJujGNKlXryhf4ZVfbU4uXxKMZRTtKbf8AmH+0C49zanmvB/hnhcTVw+VVMo/1uzejTnKMMyxFfM8yyvKaeJSkvaUsveV46vTpSTpyr4mnWlF1KFGSKKKK/ZD/ADbCv53P+CvH/BLO0+JGla/+1L+zj4Zjg+IWlQTan8
12-19 19:31:11.868 I/LoggingOutputStream(21068): KIK_XML_SND:  <ping/>
12-19 19:31:11.998 I/LoggingBufferedReader(21068): KIK_XML_RCV:  <ack id="d64d4611-61da-42e6-848b-d4eef527da4d"/>
12-19 19:31:11.998 I/CommunicatorService(21068): successful ping took 125
12-19 19:31:11.998 I/CommunicatorService(21068): Scheduling retry. num=2 reason: ping succeeded reset=false
12-19 19:31:11.998 I/CommunicatorService(21068): Jittered from 1000 to 1031
12-19 19:31:11.998 I/LoggingBufferedReader(21068): KIK_XML_RCV:  <pong/>
12-19 19:31:12.858 I/ActivityManager(  771): START u0 {act=KikFragmentActivity.install.action flg=0x20000 cmp=kik.android/.chat.fragment.KikFragmentActivity (has extras)} from pid 21068
12-19 19:31:12.868 V/CardsWebPluginReg(21068): Firing event: message
12-19 19:31:12.878 I/WebViewFragment(21068): Fragment removed from the back stack revealing web view
12-19 19:31:12.878 V/CardsWebPluginReg(21068): Firing event: unpause
12-19 19:31:12.898 I/KikNetSock(21068): Net Debug--> Sending stanza: kik.core.net.outgoing.XDataUpdateRequest
12-19 19:31:12.898 I/CommunicatorService(21068): Scheduling retry. num=1 reason: requested retry reset reset=true
12-19 19:31:12.898 I/CommunicatorService(21068): Jittered from 1000 to 1073
12-19 19:31:12.968 D/dalvikvm(21068): GC_FOR_ALLOC freed 5749K, 20% free 32061K/39904K, paused 68ms, total 68ms
12-19 19:31:12.978 I/LoggingOutputStream(21068): KIK_XML_SND:  <iq type="set" id="ff68ee8a-d71d-4732-96fb-595c04510af5"><query xmlns="kik:iq:xdata"><record-set pk="enc_card_list"><record sk="aBiOdXx5Py_zmyol9m6KCbLe6Xk-u3xB0a09dctrIjg">CiA7kiVOuwipagTkiZFj_gjdOf0aGnwvdAcUTGMFY6FQGhIQTraC8GNs8sNF_AM273ZjvxrgAdAhiQ1Wb4rXIn-Kr80dunUbvCmeKZq-Hwk4LY1yRYT3qoRuAwoOzfeIwmToOw3jkqH_5HQEgfJQlLfaIO0xBJJHE9hZaITdzKnOK1S9CLAG3R286yfx6FqZhIBHViVao7kGmbsqjaP-77tfz54ONEQhRE3TZozge0Mus12x99jXUW5o9cwQ8hm3l4XgcoBLdBehmXAyJbdi0xXYTYX_vps8Qbt2c2zFcH0DfBXtoJTT6h7fMe1WN2Cl0mjD3JQmdWRjsQsce-yhTeFe9IR0uDkVB-fV4WGDNt6V539RQKtX</record></record-set></query></iq>
12-19 19:31:13.008 I/LoggingBufferedReader(21068): KIK_XML_RCV:  <ack id="ff68ee8a-d71d-4732-96fb-595c04510af5"/>
12-19 19:31:13.038 I/LoggingBufferedReader(21068): KIK_XML_RCV:  <iq type="result" id="ff68ee8a-d71d-4732-96fb-595c04510af5" to="christine_zvb@talk.kik.com/CANb8c760a61a894f4bb8b8a5317b1004b8"><query xmlns="kik:iq:xdata"/></iq>
12-19 19:31:13.038 I/XDataAppManagerStorage(21068): Card list updated
12-19 19:31:13.078 W/CardsWebGlue(21068): BAD: timed out waiting for poll, forcing javascript poll.
12-19 19:31:13.078 W/CardsWebGlue(21068): BAD: timed out waiting for poll, forcing javascript poll.
12-19 19:31:13.968 I/CommunicatorService(21068): called onStartCommand
12-19 19:31:13.968 I/CommunicatorService(21068): Handle start
12-19 19:31:13.978 I/LoggingOutputStream(21068): KIK_XML_SND:  <ping/>
12-19 19:31:14.008 I/CommunicatorService(21068): successful ping took 35
12-19 19:31:14.008 I/CommunicatorService(21068): Scheduling retry. num=2 reason: ping succeeded reset=false
12-19 19:31:14.008 I/CommunicatorService(21068): Jittered from 1000 to 1144
12-19 19:31:14.008 I/LoggingBufferedReader(21068): KIK_XML_RCV:  <pong/>
12-19 19:31:15.158 I/CommunicatorService(21068): called onStartCommand
12-19 19:31:15.158 I/CommunicatorService(21068): Handle start
12-19 19:31:15.158 I/LoggingOutputStream(21068): KIK_XML_SND:  <ping/>
12-19 19:31:15.188 I/CommunicatorService(21068): successful ping took 34
12-19 19:31:15.188 I/CommunicatorService(21068): Scheduling retry. num=3 reason: ping succeeded reset=false
12-19 19:31:15.188 I/CommunicatorService(21068): Jittered from 2000 to 2431
12-19 19:31:15.188 I/LoggingBufferedReader(21068): KIK_XML_RCV:  <pong/>
12-19 19:31:15.898 D/dalvikvm(21068): GC_FOR_ALLOC freed 744K, 21% free 31876K/39900K, paused 34ms, total 35ms
12-19 19:31:15.898 I/dalvikvm-heap(21068): Grow heap (frag case) to 32.857MB for 1709396-byte allocation
12-19 19:31:15.938 D/dalvikvm(21068): GC_FOR_ALLOC freed 4K, 20% free 33541K/41572K, paused 36ms, total 36ms
12-19 19:31:15.978 D/dalvikvm(21068): GC_FOR_ALLOC freed 1K, 20% free 33540K/41572K, paused 33ms, total 33ms
12-19 19:31:15.978 I/dalvikvm-heap(21068): Grow heap (frag case) to 34.480MB for 1708328-byte allocation
12-19 19:31:16.018 D/dalvikvm(21068): GC_FOR_ALLOC freed <1K, 19% free 35208K/43244K, paused 35ms, total 35ms
12-19 19:31:16.048 D/dalvikvm(21068): GC_FOR_ALLOC freed 0K, 19% free 35208K/43244K, paused 35ms, total 35ms
12-19 19:31:16.048 I/dalvikvm-heap(21068): Grow heap (frag case) to 36.924MB for 2562488-byte allocation
12-19 19:31:16.088 D/dalvikvm(21068): GC_FOR_ALLOC freed 1668K, 22% free 36042K/45748K, paused 36ms, total 36ms
12-19 19:31:16.118 D/dalvikvm(21068): GC_FOR_ALLOC freed 0K, 22% free 36042K/45748K, paused 34ms, total 34ms
12-19 19:31:16.128 I/dalvikvm-heap(21068): Grow heap (frag case) to 36.925MB for 1709254-byte allocation
12-19 19:31:16.158 D/dalvikvm(21068): GC_FOR_ALLOC freed 0K, 21% free 37711K/47420K, paused 34ms, total 34ms
12-19 19:31:16.178 I/ActivityManager(  771): START u0 {act=KikFragmentActivity.install.action flg=0x20000 cmp=kik.android/.chat.fragment.KikFragmentActivity (has extras)} from pid 21068
12-19 19:31:16.228 I/WebViewFragment(21068): WEBVIEW
12-19 19:31:16.228 V/CardsWebPluginReg(21068): Firing event: pause
12-19 19:31:16.288 D/dalvikvm(21068): GC_FOR_ALLOC freed 6129K, 22% free 33950K/43240K, paused 37ms, total 37ms
12-19 19:31:16.368 D/dalvikvm(21068): GC_FOR_ALLOC freed 1621K, 20% free 34777K/43240K, paused 34ms, total 34ms
12-19 19:31:16.438 W/CardsWebGlue(21068): BAD: timed out waiting for poll, forcing javascript poll.
12-19 19:31:17.288 I/ActivityManager(  771): START u0 {act=KikFragmentActivity.install.action flg=0x20000 cmp=kik.android/.chat.fragment.KikFragmentActivity (has extras)} from pid 21068
12-19 19:31:17.298 D/audio_hw_primary(  184): select_devices: out_snd_device(2: speaker) in_snd_device(0: )
12-19 19:31:17.308 I/WebViewFragment(21068): Fragment removed from the back stack revealing web view
12-19 19:31:17.308 V/CardsWebPluginReg(21068): Firing event: unpause
12-19 19:31:17.328 I/CommunicatorService(21068): Scheduling retry. num=1 reason: requested retry reset reset=true
12-19 19:31:17.328 I/CommunicatorService(21068): Jittered from 1000 to 1014
12-19 19:31:17.328 I/KikNetSock(21068): Net Debug--> Sending stanza: kik.core.net.outgoing.XDataUpdateRequest
12-19 19:31:17.368 D/dalvikvm(21068): GC_FOR_ALLOC freed 4552K, 18% free 32865K/39900K, paused 38ms, total 38ms
12-19 19:31:17.368 I/LoggingOutputStream(21068): KIK_XML_SND:  <iq type="set" id="aaa548cc-26fe-44dd-8fab-a0f441a71156"><query xmlns="kik:iq:xdata"><record-set pk="enc_card_list"><record sk="aBiOdXx5Py_zmyol9m6KCbLe6Xk-u3xB0a09dctrIjg">CiA7kiVOuwipagTkiZFj_gjdOf0aGnwvdAcUTGMFY6FQGhIQTopn1YskXZeUOyhTTM5x4xrgAalFH6KBYKGgqQQmRj_ZKDUaCZ_EcM-NODp-UXLOTMdA9gUJd2fTOuZ0ktpAWuPK3nAEK_4or63AsRJmzx9tJXWT8gu6ULtTRUI7QjTADHOEyaSJKkasi_IkZ2dK_ATppBdvpUB3Z4kYbLDzL13NJEl2RItMKN_b9vu6vTXeOM-0zLUJLGy3LxKQhzprpSSpi1ufjAelvMbLq1wyma8p2LYSUN6b5r8U-vJF6D5jluGUZ23fVQ7WxnQFpxM7hilqC3ZmN_I1nxNLOLIVYbegHhtk4gyRvmrZqAfgx0SzSdSu</record></record-set></query></iq>
12-19 19:31:17.408 I/LoggingBufferedReader(21068): KIK_XML_RCV:  <ack id="aaa548cc-26fe-44dd-8fab-a0f441a71156"/>
12-19 19:31:17.418 I/WebViewFragment(21068): WEBVIEW
12-19 19:31:17.418 I/LatinIME:LogUtils(10325): Dictionary info: dictionary = contacts.en_GB.dict ; version = ? ; date = ?
12-19 19:31:17.418 V/CardsWebPluginReg(21068): Firing event: pause
12-19 19:31:17.528 W/CardsWebGlue(21068): BAD: timed out waiting for poll, forcing javascript poll.
12-19 19:31:17.578 I/LoggingBufferedReader(21068): KIK_XML_RCV:  <iq type="result" id="aaa548cc-26fe-44dd-8fab-a0f441a71156" to="christine_zvb@talk.kik.com/CANb8c760a61a894f4bb8b8a5317b1004b8"><query xmlns="kik:iq:xdata"/></iq>
12-19 19:31:17.588 I/XDataAppManagerStorage(21068): Card list updated
12-19 19:31:18.338 I/CommunicatorService(21068): called onStartCommand
12-19 19:31:18.338 I/CommunicatorService(21068): Handle start
12-19 19:31:18.338 I/LoggingOutputStream(21068): KIK_XML_SND:  <ping/>
12-19 19:31:18.378 I/CommunicatorService(21068): successful ping took 36
12-19 19:31:18.378 I/CommunicatorService(21068): Scheduling retry. num=2 reason: ping succeeded reset=false
12-19 19:31:18.378 I/CommunicatorService(21068): Jittered from 1000 to 1065
12-19 19:31:18.378 I/LoggingBufferedReader(21068): KIK_XML_RCV:  <pong/>
12-19 19:31:18.788 I/CommunicatorService(21068): Scheduling retry. num=1 reason: requested retry reset reset=true
12-19 19:31:18.788 I/CommunicatorService(21068): Jittered from 1000 to 1164
12-19 19:31:18.788 I/KikNetSock(21068): Net Debug--> Sending stanza: kik.core.net.outgoing.OutgoingMessageStanza
12-19 19:31:19.278 D/dalvikvm(21068): GC_CONCURRENT freed 6013K, 20% free 32269K/39900K, paused 2ms+5ms, total 64ms
12-19 19:31:19.278 D/dalvikvm(21068): WAIT_FOR_CONCURRENT_GC blocked 48ms
12-19 19:31:19.278 D/dalvikvm(21068): WAIT_FOR_CONCURRENT_GC blocked 40ms
12-19 19:31:19.328 I/LoggingOutputStream(21068): KIK_XML_SND:  <message type="groupchat" xmlns="kik:groups" to="1099608071067_g@groups.kik.com" id="9a42787d-ef44-49fd-a469-f1eaab016783" cts="1387499479701"><kik push="true" qos="true" timestamp="1387499479701" /><request xmlns="kik:message:receipt" r="true" d="true" /><content id="11f0431b-2a80-46b7-b9f9-6cf0216ffb40" app-id="com.kik.cards" v="2"><strings><text>You ain't a match</text><app-name>Love Calculator</app-name><title>yo</title><card-icon>http://10.10.20.188:5000/img/icon2.png</card-icon><layout>photo</layout><allow-forward>true</allow-forward></strings><extras><item><key>linkData</key><val>%7B%22user1%22%3A%5B%22Ted%20Livingston%22%2C%22%2F%2Fd33vud085sp3wg.cloudfront.net%2F0WdUM1_QkB2n6BSSF6r-c4_jqi8%2Fthumb.jpg%22%2C%22ted%22%5D%2C%22user2%22%3A%5B%22Vick%20Yao%22%2C%22%2F%2Fd33vud085sp3wg.cloudfront.net%2FhnmsBpTlK58BG3iOK3G4Cd5Iqlw%2Fthumb.jpg%22%2C%22vickyao%22%5D%7D</val></item><item><key>sender</key><val>ffc1230b-ee58-43c6-8dff-6c41239db5d5</val></item><item><key>messageID</key><val>6bd6061f-cd22-4aed-bfbe-1076919f058a</val></item></extras><images><icon>/9j/4AAQSkZJRgABAQAAAQABAAD/2wBDAAEBAQEBAQEBAQEBAQEBAQEBAQEBAQEBAQEBAQEBAQEBAQEBAQEBAQEBAQEBAQEBAQEBAQEBAQEBAQEBAQEBAQH/2wBDAQEBAQEBAQEBAQEBAQEBAQEBAQEBAQEBAQEBAQEBAQEBAQEBAQEBAQEBAQEBAQEBAQEBAQEBAQEBAQEBAQEBAQH/wAARCACgAQADASIAAhEBAxEB/8QAHwAAAQUBAQEBAQEAAAAAAAAAAAECAwQFBgcICQoL/8QAtRAAAgEDAwIEAwUFBAQAAAF9AQIDAAQRBRIhMUEGE1FhByJxFDKBkaEII0KxwRVS0fAkM2JyggkKFhcYGRolJicoKSo0NTY3ODk6Q0RFRkdISUpTVFVWV1hZWmNkZWZnaGlqc3R1dnd4eXqDhIWGh4iJipKTlJWWl5iZmqKjpKWmp6ipqrKztLW2t7i5usLDxMXGx8jJytLT1NXW19jZ2uHi4+Tl5ufo6erx8vP09fb3+Pn6/8QAHwEAAwEBAQEBAQEBAQAAAAAAAAECAwQFBgcICQoL/8QAtREAAgECBAQDBAcFBAQAAQJ3AAECAxEEBSExBhJBUQdhcRMiMoEIFEKRobHBCSMzUvAVYnLRChYkNOEl8RcYGRomJygpKjU2Nzg5OkNERUZHSElKU1RVVldYWVpjZGVmZ2hpanN0dXZ3eHl6goOEhYaHiImKkpOUlZaXmJmaoqOkpaanqKmqsrO0tba3uLm6wsPExcbHyMnK0tPU1dbX2Nna4uPk5ebn6Onq8vP09fb3+Pn6/9oADAMBAAIRAxEAPwD4Hooor+Lz/pgCiiigAooooAKKKKACiiigAooooAKKKKACiiigAooooAKKKKACiiigAooooAKKKKACiiigAooooAKKKKACiiigAooooAKKKKACiiigAooooAKKKKACiiigAooooAKKKKACiiigAooooAKKKKACiiigAooooAKKKKACiiigAooooAKKKKACiiigAooooAKKKKACiivdP2fP2bPjT+1L49tvhz8E/BV/4s12RUm1C4Tba6HoGntII21XxHrU4Flo9ghziW5kEs7gw2cE9yViOtChWxNWnQw9KpXrVZKFKlShKdSpNtpRhCKcpN22SbtZttO74czzPLcly/GZtm+PwmWZbgKE8Tjswx+JpYXB4TD00+etiMRXnClSpx5dZTmldpXcmr+F0V/UT8HP+DdvRW0q1vP2gfj/AKyuqypG91oPwn0jTbe1tGZQXgXxJ4r07UmuniOU81fD0cb8OqgZWvdtS/4N4/2RpbSRNH+Mn7Q9jelWEVxqWs/DDVLRHwdrSWdr8LNGllUHBZFvoiRkCRT81fa0fDji2tSVV4GjRurqnWxmHjVtrvFTkovT4ZyTV1dXTP5izH6aP0fMvx1TBR4nzPMFSm6c8bl3Dub1sDdS5ZOnWq0KE60Fa6qUKVSnOOtOc1Zy/kAor9xv2r/+CGP7QvwQ0TVfG/wW8QWvx48JaVFPd3+j2GmvovxFsNPhV3kuo9AM13aeIFijQvNFo162oBcmHTZVDMPw+ngntZ5ra5hlt7i3lkguLeeN4p4J4naOWGaKQK8UsToySRuA6OrI4DK2fl8zyfM8mr/V8zwdXC1Grw50pU6sU2nKlVhKVOqlZc3JOTi5JSSalb904E8SOBfE3Kp5xwNxJgM+wlGUKeKjh5VKWNwNWak4Uswy7FU6ONwNSajJ01iaFNVYqUqMpwTmRUVLBBPdTw2trDLc3FxLHBb28EbyzzzyuI4YYYow0kssshCRxoGd3IRQzHn9w/2T/wDghh+0L8btF0vxv8avEFr8B/CWqRQXdho19pr6z8Rr+wmXfHcy6AJrW08PrLHtkhi1i9Go7WBm02JSCXlWTZpndd4fK8HVxVSKTqOCUadKLbipVa1SUaVNNrTnmm9oqUk0LjrxJ4F8M8qjnHHPEmAyHCVZThhY4iVSrjcdVgk50svy7CwrY3HTguV1FhqFRUozhKtKEHzP8N6K/r/03/g3j/ZGitI01j4x/tD316FAluNN1r4YaXaO+PmaOzuvhXrMsSk8hGvpSo4Lsfmrwj4x/wDBu3oq6Vd3n7P/AMf9ZbVokke00D4r6Rps9reMquUgbxJ4U0/TjavKwRfObw9JGm4uyEAqPp63hxxbSpOqsDRq8qu6dHGYeVW2u0XOKk9PhjJt6WTb1/Dcu+mj9HzMMdDBS4nzLL1UmqcMbmPDub0cDdvli51qVCvOjB7upXpU6cFrUnFan8u9Fe5/tA/s2/Gn9lzx7dfDn42eCr/wnrsStPYTybbrQ9f08OyLqnhzWrcNZavYOVGZbeQywOywXkEFyHhHhlfFVqFbD1alDEUqlGtSk4VaVWEqdSnNcycZwmlKL916NX23umf05lmZ5bnWX4TNsnx+EzPLcdRhiMFmGAxNHFYPFYeom4VsPiKE6lKrTklpKEmr3TfMm2UUUVkdwUUUUAFFFFABRRRQAUUUUAFFFFABRRRQAUUUUAFFFFABRRRQBt+GfDuseMPEeg+E/D1nJqGueJNY0zQtHsYgTJd6pqt7FYWNuuA2DLcSxoWIIUMGbKhjX+gj+w3+yH4G/Yy+Anhj4Z+HLG0l8U3dlZav8SvFawRrqHinxlcWyNqM81zsEzaZpsu+w0SzZvLtNPjiYKLia6kf+OH/AIJO+FNP8Z/8FFf2YdF1OKOe1g8VeJfEnlSqHja68G/Drxr4y0/crAhtt9oEDAEEEhc9Mn++Kv2zwmyrDvD5lnU4RnXjiFl+HlJJujGNKlXryhf4ZVfbU4uXxKMZRTtKbf8AmH+0C49zanmvB/hnhcTVw+VVMo/1uzejTnKMMyxFfM8yyvKaeJSkvaUsveV46vTpSTpyr4mnWlF1KFGSKKKK/ZD/ADbCv53P+CvH/BLO0+JGla/+1L+zj4Zjg+IWlQTan8
12-19 19:31:19.438 I/LoggingBufferedReader(21068): KIK_XML_RCV:  <ack id="9a42787d-ef44-49fd-a469-f1eaab016783"/>
12-19 19:31:19.948 I/CommunicatorService(21068): called onStartCommand
12-19 19:31:19.948 I/CommunicatorService(21068): Handle start
12-19 19:31:19.948 I/LoggingOutputStream(21068): KIK_XML_SND:  <ping/>
12-19 19:31:19.988 I/CommunicatorService(21068): successful ping took 34
12-19 19:31:19.988 I/CommunicatorService(21068): Scheduling retry. num=2 reason: ping succeeded reset=false
12-19 19:31:19.988 I/CommunicatorService(21068): Jittered from 1000 to 1234
12-19 19:31:19.988 I/LoggingBufferedReader(21068): KIK_XML_RCV:  <pong/>
12-19 19:31:21.218 I/CommunicatorService(21068): called onStartCommand
12-19 19:31:21.218 I/CommunicatorService(21068): Handle start
12-19 19:31:21.228 I/LoggingOutputStream(21068): KIK_XML_SND:  <ping/>
12-19 19:31:21.258 I/CommunicatorService(21068): successful ping took 33
12-19 19:31:21.258 I/CommunicatorService(21068): Scheduling retry. num=3 reason: ping succeeded reset=false
12-19 19:31:21.258 I/CommunicatorService(21068): Jittered from 2000 to 2146
12-19 19:31:21.258 I/LoggingBufferedReader(21068): KIK_XML_RCV:  <pong/>
12-19 19:31:23.428 I/CommunicatorService(21068): called onStartCommand
12-19 19:31:23.428 I/CommunicatorService(21068): Handle start
12-19 19:31:23.438 I/LoggingOutputStream(21068): KIK_XML_SND:  <ping/>
12-19 19:31:23.478 I/CommunicatorService(21068): successful ping took 35
12-19 19:31:23.478 I/CommunicatorService(21068): Scheduling retry. num=4 reason: ping succeeded reset=false
12-19 19:31:23.478 I/CommunicatorService(21068): Jittered from 4000 to 4476
12-19 19:31:23.478 I/LoggingBufferedReader(21068): KIK_XML_RCV:  <pong/>
12-19 19:31:27.418 I/KikNetSock(21068): Net Debug--> Sending stanza: kik.core.net.outgoing.QosRequest
12-19 19:31:27.428 I/CommunicatorService(21068): Scheduling retry. num=1 reason: requested retry reset reset=true
12-19 19:31:27.428 I/CommunicatorService(21068): Jittered from 1000 to 1245
12-19 19:31:27.448 I/LoggingBufferedReader(21068): KIK_XML_RCV:  <message xmlns="jabber:client" from="webpushbot_xyz@talk.kik.com" type="chat" id="1b0d915b-009c-4d23-9593-f2f787f08769" to="christine_zvb@talk.kik.com"><cards-push><token>d-6mkmpq3SBP_3ISzrZUYXtHgNEckdU7XQkCChPLN62tvlyVKo5bdYNx06H-DhjcyquMi_skU87GXFWdyXSGtRncr7pp3o2VFaV8LmVVeC8C</token><data>{&quot;id&quot;:5942933362573312,&quot;user&quot;:&quot;mike.costa&quot;,&quot;pic_url&quot;:&quot;http:\/\/lh4.ggpht.com\/AsHP6ryTX81YyA6_yBE39PR7N9-QPmgG-qcit5_ORMPTnliz-IZh-4dB_kYflCTpmRkXg8pwYC5xhgIdhmbzmfU642xZCI3r07sR&quot;}</data><ticker>New commit</ticker></cards-push><kik push="false" timestamp="1387499488235" app="chat" hop="true" qos="true"/></message>
12-19 19:31:27.448 I/LoggingOutputStream(21068): KIK_XML_SND:  <iq type="set" id="a2b23aad-2571-4446-97a4-76956a4eaef2" cts="1387499488334"><query xmlns="kik:iq:QoS"><msg-acks><sender jid="webpushbot_xyz@talk.kik.com"><ack-id receipt="false">1b0d915b-009c-4d23-9593-f2f787f08769</ack-id></sender></msg-acks><history attach="false" /></query></iq>
