12-19 19:33:26.268 I/DEBUG   (  179):     7315df28 4047a6d5 4048c123 4047a6f7 404fb769  
12-19 19:33:26.268 I/DEBUG   (  179): 
12-19 19:33:26.268 I/DEBUG   (  179): memory near fp:
12-19 19:33:26.268 I/DEBUG   (  179):     400cb2cc 00000000 00000000 00000000 00000000  
12-19 19:33:26.268 I/DEBUG   (  179):     400cb2dc 00000000 00000000 ffffffff 00000000  
12-19 19:33:26.268 I/DEBUG   (  179):     400cb2ec 00000000 00000001 ffffffff 003fffff  
12-19 19:33:26.268 I/DEBUG   (  179):     400cb2fc 00000000 00000000 00000000 00000000  
12-19 19:33:26.268 I/DEBUG   (  179):     400cb30c 00000000 00000000 00000000 00000000  
12-19 19:33:26.268 I/DEBUG   (  179):     400cb31c 00000000 00000000 40091a4d 40091a49  
12-19 19:33:26.268 I/DEBUG   (  179):     400cb32c 400923fb 40092535 00000000 00000000  
12-19 19:33:26.268 I/DEBUG   (  179):     400cb33c 00000000 00000000 41500145 400925c9  
12-19 19:33:26.268 I/DEBUG   (  179):     400cb34c 404a7d55 00000000 00000000 00000000  
12-19 19:33:26.268 I/DEBUG   (  179):     400cb35c 401363ed 40106de1 00000000 00000000  
12-19 19:33:26.268 I/DEBUG   (  179):     400cb36c 00000000 72092681 00000000 00000000  
12-19 19:33:26.268 I/DEBUG   (  179):     400cb37c 00000000 00000000 00000000 74682fdc  
12-19 19:33:26.268 I/DEBUG   (  179):     400cb38c 402ef041 00000000 00000000 00000000  
12-19 19:33:26.268 I/DEBUG   (  179):     400cb39c 00000000 00000000 00000000 00000000  
12-19 19:33:26.268 I/DEBUG   (  179):     400cb3ac 00000000 00000000 00000000 72c9a27d  
12-19 19:33:26.268 I/DEBUG   (  179):     400cb3bc 721ef959 721df56d 725e469f 72251263  
12-19 19:33:26.268 I/DEBUG   (  179): 
12-19 19:33:26.268 I/DEBUG   (  179): memory near sp:
12-19 19:33:26.268 I/DEBUG   (  179):     7ccce630 00000001 7226ec69 7317c784 721ee7d3  
12-19 19:33:26.268 I/DEBUG   (  179):     7ccce640 00000000 72332a27 7a7c1880 00000000  
12-19 19:33:26.268 I/DEBUG   (  179):     7ccce650 7a7c1880 7a7c18a8 7a7c1914 730c909c  
12-19 19:33:26.268 I/DEBUG   (  179):     7ccce660 7a7c1a34 72333f47 7a7c3430 00000000  
12-19 19:33:26.268 I/DEBUG   (  179):     7ccce670 730c909c 00000000 00000000 00000000  
12-19 19:33:26.268 I/DEBUG   (  179):     7ccce680 00000000 00000000 7a7c1ab4 7d84472c  
12-19 19:33:26.268 I/DEBUG   (  179):     7ccce690 00000001 00000000 15866fce 41d4ace4  
12-19 19:33:26.268 I/DEBUG   (  179):     7ccce6a0 00000000 00000000 00000000 7a7c1880  
12-19 19:33:26.268 I/DEBUG   (  179):     7ccce6b0 00000000 7ccce700 730c909c 7ccce828  
12-19 19:33:26.268 I/DEBUG   (  179):     7ccce6c0 00000000 00000000 400cb2ec 72334c65  
12-19 19:33:26.268 I/DEBUG   (  179):     7ccce6d0 7a7c1880 730c8ff8 00000000 7a7c1880  
12-19 19:33:26.268 I/DEBUG   (  179):     7ccce6e0 00000001 72334ce5 a0faffff 7a7c18a0  
12-19 19:33:26.268 I/DEBUG   (  179):     7ccce6f0 7b70e7f8 7244c18f 7a7c18a0 7b70e7fc  
12-19 19:33:26.268 I/DEBUG   (  179):     7ccce700 787b0428 00000002 00000002 00000002  
12-19 19:33:26.268 I/DEBUG   (  179):     7ccce710 7b70e7f8 7b70e7f8 40f218f3 7b6f5db0  
12-19 19:33:26.268 I/DEBUG   (  179):     7ccce720 7b67db40 7244b6cf 730e09d8 7244b761  
12-19 19:33:26.268 I/DEBUG   (  179): 
12-19 19:33:26.268 I/DEBUG   (  179): code around pc:
12-19 19:33:26.268 I/DEBUG   (  179):     72337650 fdd8f6a7 f7ff4630 6eeaff64 3202b102  
12-19 19:33:26.268 I/DEBUG   (  179):     72337660 1a8068e1 60a31a43 e92dbd7c 460441f0  
12-19 19:33:26.268 I/DEBUG   (  179):     72337670 b094681d 46174688 bb15461e fd12f06d  
12-19 19:33:26.268 I/DEBUG   (  179):     72337680 b3136efb d0203302 46394668 f906f000  
12-19 19:33:26.268 I/DEBUG   (  179):     72337690 a8014669 fc60f745 4620a901 fd36f06d  
12-19 19:33:26.268 I/DEBUG   (  179):     723376a0 f7fba80a 980cf9eb 950cb118 f6a7950d  
12-19 19:33:26.268 I/DEBUG   (  179):     723376b0 a802ff59 fbc6f745 b1309800 fda2f6a7  
12-19 19:33:26.268 I/DEBUG   (  179):     723376c0 f100e003 f06d014c f104fe6d 4641054c  
12-19 19:33:26.268 I/DEBUG   (  179):     723376d0 f06d4628 4628fd1b ff23f7ff 46204605  
12-19 19:33:26.268 I/DEBUG   (  179):     723376e0 fb27f06d 60f01a28 e8bdb014 b57081f0  
12-19 19:33:26.268 I/DEBUG   (  179):     723376f0 68844605 460e4608 fdeaf6a7 d1074284  
12-19 19:33:26.268 I/DEBUG   (  179):     72337700 6830b144 68294622 4070e8bd bce3f6a9  
12-19 19:33:26.268 I/DEBUG   (  179):     72337710 bd702000 bd702001 6800b508 b9906809  
12-19 19:33:26.268 I/DEBUG   (  179):     72337720 2200e00e fae6f6a9 f6a9e003 e000fbf1  
12-19 19:33:26.268 I/DEBUG   (  179):     72337730 f1d06848 bf380001 bd082000 bd082001  
12-19 19:33:26.268 I/DEBUG   (  179):     72337740 d1f52900 2a00e7fa e7ead0ef 28bcf8d0  
12-19 19:33:26.268 I/DEBUG   (  179): 
12-19 19:33:26.268 I/DEBUG   (  179): code around lr:
12-19 19:33:26.268 I/DEBUG   (  179):     72333f24 46020694 f7fea803 4648fc7b 46426921  
12-19 19:33:26.268 I/DEBUG   (  179):     72333f34 ff48f010 4630e035 6fe24629 f0036fa3  
12-19 19:33:26.268 I/DEBUG   (  179):     72333f44 6fe0fb92 6fa24629 fb08f004 68a2b918  
12-19 19:33:26.268 I/DEBUG   (  179):     72333f54 dc742a01 f8d4e031 68572084 4630b9ef  
12-19 19:33:26.268 I/DEBUG   (  179):     72333f64 6fe24629 f0036fa3 6fe3fb64 aa056fa1  
12-19 19:33:26.268 I/DEBUG   (  179):     72333f74 91057958 96064649 001cf88d f010a802  
12-19 19:33:26.268 I/DEBUG   (  179):     72333f84 f8ddfd83 4638b008 f5029702 f1bbebd0  
12-19 19:33:26.268 I/DEBUG   (  179):     72333f94 d1620f00 f5024658 4620ebca f7ff6fa1  
12-19 19:33:26.268 I/DEBUG   (  179):     72333fa4 4620ff86 aa089901 fcecf7fe d0ce2800  
12-19 19:33:26.268 I/DEBUG   (  179):     72333fb4 3038f89d d1ca2b00 f89de048 b11b3038  
12-19 19:33:26.268 I/DEBUG   (  179):     72333fc4 0090f8d4 fcabf001 6d416820 47884620  
12-19 19:33:26.268 I/DEBUG   (  179):     72333fd4 f8d4b330 b9d66088 10f8f640 f6ab6927  
12-19 19:33:26.268 I/DEBUG   (  179):     72333fe4 f104fabb f5070124 4642789e f0024607  
12-19 19:33:26.268 I/DEBUG   (  179):     72333ff4 f8d4f9bf f8c40088 f7fe7088 4630fdca  
12-19 19:33:26.268 I/DEBUG   (  179):     72334004 fdc7f7fe 0088f8d4 f0014629 6922fdf2  
12-19 19:33:26.268 I/DEBUG   (  179):     72334014 0088f8d4 122cf8d4 720bf502 fbb4f002  
12-19 19:33:26.748 I/Choreographer(21836): Skipped 32 frames!  The application may be doing too much work on its main thread.
12-19 19:33:26.758 W/ActivityManager(  771): Process kik.android has crashed too many times: killing!
12-19 19:33:26.758 W/ActivityManager(  771):   Force finishing activity kik.android/.chat.fragment.KikFragmentActivity
12-19 19:33:26.788 W/InputDispatcher(  771): channel '436ff460 kik.android/kik.android.chat.fragment.KikFragmentActivity (server)' ~ Consumer closed input channel or an error occurred.  events=0x9
12-19 19:33:26.788 E/InputDispatcher(  771): channel '436ff460 kik.android/kik.android.chat.fragment.KikFragmentActivity (server)' ~ Channel is unrecoverably broken and will be disposed!
12-19 19:33:26.828 D/Zygote  (  182): Process 21836 terminated by signal (11)
12-19 19:33:26.828 D/dalvikvm(  771): GC_FOR_ALLOC freed 4398K, 24% free 41169K/54128K, paused 60ms, total 61ms
12-19 19:33:26.828 W/InputDispatcher(  771): Attempted to unregister already unregistered input channel '436ff460 kik.android/kik.android.chat.fragment.KikFragmentActivity (server)'
12-19 19:33:26.828 I/WindowState(  771): WIN DEATH: Window{436ff460 u0 kik.android/kik.android.chat.fragment.KikFragmentActivity}
12-19 19:33:26.828 W/ActivityManager(  771): Exception thrown during pause
12-19 19:33:26.828 W/ActivityManager(  771): android.os.DeadObjectException
12-19 19:33:26.828 W/ActivityManager(  771): 	at android.os.BinderProxy.transact(Native Method)
12-19 19:33:26.828 W/ActivityManager(  771): 	at android.app.ApplicationThreadProxy.schedulePauseActivity(ApplicationThreadNative.java:660)
12-19 19:33:26.828 W/ActivityManager(  771): 	at com.android.server.am.ActivityStack.startPausingLocked(ActivityStack.java:761)
12-19 19:33:26.828 W/ActivityManager(  771): 	at com.android.server.am.ActivityStack.finishActivityLocked(ActivityStack.java:2455)
12-19 19:33:26.828 W/ActivityManager(  771): 	at com.android.server.am.ActivityStack.handleAppCrashLocked(ActivityStack.java:3527)
12-19 19:33:26.828 W/ActivityManager(  771): 	at com.android.server.am.ActivityStackSupervisor.handleAppCrashLocked(ActivityStackSupervisor.java:2251)
12-19 19:33:26.828 W/ActivityManager(  771): 	at com.android.server.am.ActivityManagerService.handleAppCrashLocked(ActivityManagerService.java:9517)
12-19 19:33:26.828 W/ActivityManager(  771): 	at com.android.server.am.ActivityManagerService.makeAppCrashingLocked(ActivityManagerService.java:9436)
12-19 19:33:26.828 W/ActivityManager(  771): 	at com.android.server.am.ActivityManagerService.crashApplication(ActivityManagerService.java:10081)
12-19 19:33:26.828 W/ActivityManager(  771): 	at com.android.server.am.ActivityManagerService.handleApplicationCrashInner(ActivityManagerService.java:9632)
12-19 19:33:26.828 W/ActivityManager(  771): 	at com.android.server.am.NativeCrashListener$NativeCrashReporter.run(NativeCrashListener.java:86)
12-19 19:33:26.838 I/ActivityManager(  771): Killing 21836:kik.android/u0a76 (adj 0): crash
12-19 19:33:26.868 W/ThumbnailCache(15126): Low Memory: Freed 0 textures from compression queue, 0 from write queue, 1 from the pinned list, 0 from the cache.
12-19 19:33:26.868 W/ThumbnailCache(15126): Low Memory: Freed 0 textures from compression queue, 0 from write queue, 0 from the pinned list, 0 from the cache.
12-19 19:33:26.868 W/ManagedEGLContext(15126): doTerminate failed: EGL count is 3 but managed count is 1
12-19 19:33:26.868 W/ManagedEGLContext(24755): doTerminate failed: EGL count is 2 but managed count is 1
12-19 19:33:26.878 V/SearchControllerCache( 9160): creating SearchController
12-19 19:33:26.888 W/Binder  (10325): Caught a RuntimeException from the binder stub implementation.
12-19 19:33:26.888 W/Binder  (10325): java.lang.NullPointerException
12-19 19:33:26.888 W/Binder  (10325): 	at android.inputmethodservice.IInputMethodWrapper.setSessionEnabled(IInputMethodWrapper.java:280)
12-19 19:33:26.888 W/Binder  (10325): 	at com.android.internal.view.IInputMethod$Stub.onTransact(IInputMethod.java:129)
12-19 19:33:26.888 W/Binder  (10325): 	at android.os.Binder.execTransact(Binder.java:404)
12-19 19:33:26.888 W/Binder  (10325): 	at dalvik.system.NativeStart.run(Native Method)
12-19 19:33:26.888 W/InputMethodManagerService(  771): Got RemoteException sending setActive(false) notification to pid 21836 uid 10076
12-19 19:33:26.928 V/SearchControllerCache( 9160): disposing SearchController
12-19 19:33:28.038 I/ActivityManager(  771): START u0 {act=android.intent.action.MAIN cat=[android.intent.category.LAUNCHER] flg=0x10200000 cmp=kik.android/.chat.fragment.KikFragmentActivity bnds=[44,1536][245,1784]} from pid 9172
12-19 19:33:28.048 D/audio_hw_primary(  184): select_devices: out_snd_device(2: speaker) in_snd_device(0: )
12-19 19:33:28.078 D/dalvikvm(22036): Late-enabling CheckJNI
12-19 19:33:28.078 I/ActivityManager(  771): Start proc kik.android for activity kik.android/.chat.fragment.KikFragmentActivity: pid=22036 uid=10076 gids={50076, 3003, 1028, 1015}
12-19 19:33:28.188 D/dalvikvm(22036): GC_CONCURRENT freed 148K, 2% free 16975K/17156K, paused 6ms+1ms, total 26ms
12-19 19:33:28.228 D/dalvikvm(22036): GC_CONCURRENT freed 205K, 2% free 17232K/17428K, paused 3ms+2ms, total 20ms
12-19 19:33:28.268 D/dalvikvm(22036): GC_CONCURRENT freed 329K, 3% free 17415K/17776K, paused 3ms+1ms, total 24ms
12-19 19:33:28.268 D/dalvikvm(22036): WAIT_FOR_CONCURRENT_GC blocked 13ms
12-19 19:33:28.268 D/dalvikvm(22036): WAIT_FOR_CONCURRENT_GC blocked 15ms
12-19 19:33:28.298 D/dalvikvm(22036): GC_CONCURRENT freed 375K, 3% free 17539K/17960K, paused 2ms+1ms, total 13ms
12-19 19:33:28.298 D/dalvikvm(22036): WAIT_FOR_CONCURRENT_GC blocked 5ms
12-19 19:33:28.308 D/dalvikvm(22036): WAIT_FOR_CONCURRENT_GC blocked 6ms
12-19 19:33:28.318 D/dalvikvm(22036): GC_FOR_ALLOC freed 107K, 3% free 17608K/18056K, paused 14ms, total 14ms
12-19 19:33:28.318 I/dalvikvm-heap(22036): Grow heap (frag case) to 17.348MB for 129040-byte allocation
12-19 19:33:28.338 D/dalvikvm(22036): GC_FOR_ALLOC freed 62K, 3% free 17672K/18184K, paused 14ms, total 14ms
12-19 19:33:28.348 D/dalvikvm(22036): GC_FOR_ALLOC freed 164K, 4% free 17663K/18216K, paused 13ms, total 13ms
12-19 19:33:28.358 D/dalvikvm(22036): GC_FOR_ALLOC freed 33K, 3% free 17694K/18216K, paused 10ms, total 10ms
12-19 19:33:28.358 I/dalvikvm-heap(22036): Grow heap (frag case) to 17.432MB for 129040-byte allocation
12-19 19:33:28.378 D/dalvikvm(22036): GC_FOR_ALLOC freed 62K, 4% free 17758K/18344K, paused 14ms, total 14ms
12-19 19:33:28.388 D/dalvikvm(22036): GC_FOR_ALLOC freed 158K, 4% free 17748K/18344K, paused 13ms, total 13ms
12-19 19:33:28.408 D/dalvikvm(22036): GC_FOR_ALLOC freed 42K, 4% free 17782K/18344K, paused 15ms, total 15ms
12-19 19:33:28.408 I/dalvikvm-heap(22036): Grow heap (frag case) to 17.518MB for 129040-byte allocation
12-19 19:33:28.418 D/dalvikvm(22036): GC_FOR_ALLOC freed 62K, 4% free 17846K/18472K, paused 11ms, total 11ms
12-19 19:33:28.448 D/dalvikvm(22036): GC_CONCURRENT freed 361K, 3% free 17996K/18472K, paused 2ms+1ms, total 12ms
12-19 19:33:28.448 D/dalvikvm(22036): WAIT_FOR_CONCURRENT_GC blocked 4ms
12-19 19:33:28.448 D/dalvikvm(22036): WAIT_FOR_CONCURRENT_GC blocked 4ms
12-19 19:33:28.478 D/dalvikvm(22036): GC_CONCURRENT freed 321K, 2% free 18184K/18540K, paused 2ms+1ms, total 13ms
12-19 19:33:28.478 D/dalvikvm(22036): WAIT_FOR_CONCURRENT_GC blocked 3ms
12-19 19:33:28.478 D/dalvikvm(22036): WAIT_FOR_CONCURRENT_GC blocked 3ms
12-19 19:33:28.518 D/dalvikvm(22036): GC_CONCURRENT freed 232K, 2% free 18460K/18708K, paused 1ms+2ms, total 16ms
12-19 19:33:28.568 D/dalvikvm(22036): GC_CONCURRENT freed 518K, 3% free 18517K/19076K, paused 2ms+5ms, total 16ms
12-19 19:33:28.578 D/dalvikvm( 6258): GC_CONCURRENT freed 629K, 20% free 18124K/22396K, paused 3ms+2ms, total 29ms
12-19 19:33:28.648 I/GCoreUlr( 6258): Successfully inserted location
12-19 19:33:28.648 I/GCoreUlr( 6258): Not calling LocationReportingService, hasMoved: false, elapsed millis: 2663549, request: Phone
12-19 19:33:28.648 I/AndroidLoggerFactory(22036): Logger name 'com.kik.clientmetrics.FileHandler' exceeds maximum length of 23 characters, using 'c*.k*.c*.FileHandler' instead.
12-19 19:33:28.648 D/dalvikvm(22036): GC_CONCURRENT freed 1355K, 8% free 17808K/19156K, paused 4ms+2ms, total 23ms
12-19 19:33:28.688 D/dalvikvm(22036): GC_CONCURRENT freed 382K, 7% free 17938K/19156K, paused 1ms+1ms, total 14ms
12-19 19:33:28.688 D/dalvikvm(22036): WAIT_FOR_CONCURRENT_GC blocked 7ms
12-19 19:33:28.688 D/dalvikvm(22036): WAIT_FOR_CONCURRENT_GC blocked 7ms
12-19 19:33:28.718 D/dalvikvm(22036): GC_CONCURRENT freed 311K, 6% free 18139K/19156K, paused 1ms+1ms, total 14ms
12-19 19:33:28.718 D/dalvikvm(22036): WAIT_FOR_CONCURRENT_GC blocked 8ms
12-19 19:33:28.718 D/dalvikvm(22036): WAIT_FOR_CONCURRENT_GC blocked 8ms
12-19 19:33:28.748 D/dalvikvm(22036): GC_CONCURRENT freed 301K, 5% free 18349K/19156K, paused 1ms+2ms, total 15ms
12-19 19:33:28.748 D/dalvikvm(22036): WAIT_FOR_CONCURRENT_GC blocked 7ms
12-19 19:33:28.748 D/dalvikvm(22036): WAIT_FOR_CONCURRENT_GC blocked 8ms
12-19 19:33:28.778 D/dalvikvm(22036): GC_CONCURRENT freed 295K, 4% free 18550K/19156K, paused 1ms+2ms, total 15ms
12-19 19:33:28.828 D/dalvikvm(22036): GC_CONCURRENT freed 451K, 3% free 18683K/19204K, paused 2ms+2ms, total 17ms
12-19 19:33:28.828 D/dalvikvm(22036): WAIT_FOR_CONCURRENT_GC blocked 5ms
12-19 19:33:28.828 D/dalvikvm(22036): WAIT_FOR_CONCURRENT_GC blocked 6ms
12-19 19:33:28.878 D/dalvikvm(22036): GC_CONCURRENT freed 509K, 4% free 18802K/19384K, paused 2ms+1ms, total 17ms
12-19 19:33:28.878 D/dalvikvm(22036): WAIT_FOR_CONCURRENT_GC blocked 10ms
12-19 19:33:28.878 D/dalvikvm(22036): WAIT_FOR_CONCURRENT_GC blocked 11ms
12-19 19:33:28.938 D/dalvikvm(22036): GC_CONCURRENT freed 528K, 4% free 18933K/19540K, paused 2ms+1ms, total 18ms
12-19 19:33:28.938 D/dalvikvm(22036): WAIT_FOR_CONCURRENT_GC blocked 4ms
12-19 19:33:28.938 D/dalvikvm(22036): WAIT_FOR_CONCURRENT_GC blocked 5ms
12-19 19:33:28.998 D/dalvikvm(22036): GC_CONCURRENT freed 560K, 4% free 19072K/19716K, paused 2ms+2ms, total 18ms
12-19 19:33:28.998 D/dalvikvm(22036): WAIT_FOR_CONCURRENT_GC blocked 8ms
12-19 19:33:28.998 D/dalvikvm(22036): WAIT_FOR_CONCURRENT_GC blocked 9ms
12-19 19:33:29.198 D/dalvikvm(22036): GC_CONCURRENT freed 657K, 4% free 19138K/19836K, paused 1ms+3ms, total 36ms
12-19 19:33:29.568 D/dalvikvm(22036): GC_CONCURRENT freed 435K, 3% free 19434K/19924K, paused 2ms+4ms, total 32ms
12-19 19:33:29.978 D/dalvikvm(22036): GC_CONCURRENT freed 565K, 4% free 19681K/20308K, paused 2ms+3ms, total 26ms
12-19 19:33:30.388 D/dalvikvm(22036): GC_CONCURRENT freed 652K, 4% free 19995K/20712K, paused 2ms+2ms, total 23ms
12-19 19:33:30.388 D/dalvikvm(22036): WAIT_FOR_CONCURRENT_GC blocked 15ms
12-19 19:33:30.568 D/dalvikvm(22036): GC_CONCURRENT freed 463K, 3% free 20585K/21132K, paused 2ms+2ms, total 25ms
12-19 19:33:30.578 D/dalvikvm(22036): WAIT_FOR_CONCURRENT_GC blocked 18ms
12-19 19:33:30.638 I/AndroidLoggerFactory(22036): Logger name 'AndroidAddressBookStorage' exceeds maximum length of 23 characters, using 'AndroidAddressBookStor*' instead.
12-19 19:33:30.678 D/dalvikvm(22036): GC_CONCURRENT freed 1059K, 6% free 20786K/21920K, paused 2ms+1ms, total 27ms
12-19 19:33:30.678 D/dalvikvm(22036): WAIT_FOR_CONCURRENT_GC blocked 22ms
12-19 19:33:31.378 D/dalvikvm(22036): GC_CONCURRENT freed 1273K, 7% free 20796K/22188K, paused 3ms+1ms, total 35ms
12-19 19:33:31.378 D/dalvikvm(22036): WAIT_FOR_CONCURRENT_GC blocked 20ms
12-19 19:33:31.658 I/MetricsWrapper(22036): Got authed. Going to load anonymousId
12-19 19:33:31.658 I/MetricsWrapper(22036): AnonymousId was in storage. It is f0c112a80fff4dadba54c2744553cd7e
12-19 19:33:31.728 D/dalvikvm(22036): GC_FOR_ALLOC freed 1163K, 7% free 20854K/22188K, paused 26ms, total 26ms
12-19 19:33:31.728 I/dalvikvm-heap(22036): Grow heap (frag case) to 20.840MB for 466576-byte allocation
12-19 19:33:31.758 D/dalvikvm(22036): GC_FOR_ALLOC freed <1K, 6% free 21310K/22644K, paused 27ms, total 27ms
12-19 19:33:31.848 D/dalvikvm(22036): GC_FOR_ALLOC freed 772K, 6% free 21657K/22856K, paused 24ms, total 25ms
12-19 19:33:31.908 I/Crashlytics(22036): Initializing Crashlytics 1.1.5.4
12-19 19:33:31.928 V/WebViewChromium(22036): Binding Chromium to the main looper Looper (main, tid 1) {425bcaa0}
12-19 19:33:31.928 I/chromium(22036): [INFO:library_loader_hooks.cc(112)] Chromium logging enabled: level = 0, default verbosity = 0
12-19 19:33:31.928 I/BrowserProcessMain(22036): Initializing chromium process, renderers=0
12-19 19:33:31.948 W/chromium(22036): [WARNING:proxy_service.cc(888)] PAC support disabled because there is no system implementation
12-19 19:33:31.948 I/Adreno-EGL(22036): <qeglDrvAPI_eglInitialize:320>: EGL 1.4 QUALCOMM Build: I0404c4692afb8623f95c43aeb6d5e13ed4b30ddbDate: 11/06/13
12-19 19:33:32.028 D/dalvikvm(22036): GC_CONCURRENT freed 1328K, 7% free 21926K/23348K, paused 2ms+2ms, total 32ms
12-19 19:33:32.028 D/dalvikvm(22036): WAIT_FOR_CONCURRENT_GC blocked 23ms
12-19 19:33:32.028 I/dalvikvm-heap(22036): Grow heap (frag case) to 21.793MB for 368656-byte allocation
12-19 19:33:32.028 D/dalvikvm(22036): WAIT_FOR_CONCURRENT_GC blocked 21ms
12-19 19:33:32.028 I/dalvikvm-heap(22036): Grow heap (frag case) to 21.793MB for 36-byte allocation
12-19 19:33:32.058 D/dalvikvm(22036): GC_FOR_ALLOC freed 82K, 7% free 22204K/23712K, paused 26ms, total 26ms
12-19 19:33:32.068 D/dalvikvm(22036): WAIT_FOR_CONCURRENT_GC blocked 53ms
12-19 19:33:32.068 W/ContextImpl(22036): Implicit intents with startService are not safe: Intent { act=com.android.vending.billing.InAppBillingService.BIND } android.content.ContextWrapper.bindService:517 kik.android.chat.fragment.KikFragmentActivity.onCreate:1258 android.app.Activity.performCreate:5231 
12-19 19:33:32.068 I/ActivityManager(  771): START u0 {act=KikFragmentActivity.install.action flg=0x20000 cmp=kik.android/.chat.fragment.KikFragmentActivity (has extras)} from pid 22036
12-19 19:33:32.178 I/CommunicatorService(22036): called onStartCommand
12-19 19:33:32.178 I/CommunicatorService(22036): Handle start
12-19 19:33:32.178 I/CommunicatorService(22036): fresh start
12-19 19:33:32.198 D/Finsky  ( 6678): [301] InAppBillingUtils.getPreferredAccount: kik.android: Account from first account - [2pgUuwH6iPKeadz0XuVYR3HCQak]
12-19 19:33:32.198 D/Finsky  ( 6678): [301] InAppBillingUtils.getPreferredAccount: kik.android: Account from first account - [2pgUuwH6iPKeadz0XuVYR3HCQak]
12-19 19:33:32.218 I/KikNetSock(22036): Connecting using TLS to: talk690an.kik.com:5223
12-19 19:33:32.238 I/ItemStorage(22036): BATCH UPDATE: Batch was a:true
12-19 19:33:32.248 I/ItemStorage(22036): BATCH UPDATE: Batch was a:true
12-19 19:33:32.268 I/ItemStorage(22036): BATCH UPDATE: Batch was a:true
12-19 19:33:32.278 I/ItemStorage(22036): BATCH UPDATE: Batch was a:true
12-19 19:33:32.298 D/dalvikvm(22036): GC_CONCURRENT freed 1147K, 6% free 22863K/24076K, paused 1ms+4ms, total 32ms
12-19 19:33:32.308 I/ItemStorage(22036): BATCH UPDATE: Batch was a:true
12-19 19:33:32.328 I/ItemStorage(22036): BATCH UPDATE: Batch was a:true
12-19 19:33:32.338 I/ItemStorage(22036): BATCH UPDATE: Batch was a:true
12-19 19:33:32.348 I/ItemStorage(22036): BATCH UPDATE: Batch was a:true
12-19 19:33:32.368 I/AndroidCommunicator(22036): Connection requested because: Unspecified
12-19 19:33:32.368 I/CommunicatorService(22036): Scheduling retry. num=1 reason: requested retry reset reset=true
12-19 19:33:32.368 I/CommunicatorService(22036): Jittered from 1000 to 1176
12-19 19:33:32.368 I/ItemStorage(22036): BATCH UPDATE: Batch was a:true
12-19 19:33:32.378 I/ItemStorage(22036): BATCH UPDATE: Batch was a:true
12-19 19:33:32.398 I/ItemStorage(22036): BATCH UPDATE: Batch was a:true
12-19 19:33:32.408 I/ItemStorage(22036): BATCH UPDATE: Batch was a:true
12-19 19:33:32.428 I/ItemStorage(22036): BATCH UPDATE: Batch was a:true
12-19 19:33:32.448 D/OpenGLRenderer(22036): Enabling debug mode 0
12-19 19:33:32.498 D/dalvikvm(22036): GC_FOR_ALLOC freed 1213K, 7% free 23361K/24912K, paused 30ms, total 30ms
12-19 19:33:32.558 D/dalvikvm(22036): GC_FOR_ALLOC freed 573K, 7% free 23799K/25504K, paused 27ms, total 27ms
12-19 19:33:32.588 I/CommunicatorService(22036): Connectivity changed: info=NetworkInfo: type: WIFI[], state: CONNECTED/CONNECTED, reason: (unspecified), extra: "KikWifi", roaming: false, failover: false, isAvailable: true, isConnectedToProvisioningNetwork: false
12-19 19:33:32.588 I/CommunicatorService(22036): Scheduling retry. num=1 reason: Connectivity change reset=true
12-19 19:33:32.588 I/CommunicatorService(22036): Jittered from 1000 to 1025
12-19 19:33:32.588 I/CommunicatorService(22036): called onStartCommand
12-19 19:33:32.588 I/CommunicatorService(22036): Handle start
12-19 19:33:32.588 I/CommunicatorService(22036): Intermediate state detected
12-19 19:33:32.588 I/CommunicatorService(22036): Scheduling retry. num=1 reason: not in stable state reset=false
12-19 19:33:32.588 I/CommunicatorService(22036): Jittered from 3000 to 3021
12-19 19:33:32.628 I/KikNetSock(22036): Connecting using TLS took 406ms
12-19 19:33:32.628 I/AndroidLoggerFactory(22036): Logger name 'InterruptingOutputStream' exceeds maximum length of 23 characters, using 'InterruptingOutputStre*' instead.
12-19 19:33:32.678 D/dalvikvm(22036): GC_FOR_ALLOC freed 803K, 7% free 24518K/26184K, paused 51ms, total 51ms
12-19 19:33:32.698 I/LoggingOutputStream(22036): KIK_XML_SND:  <k to='talk.kik.com' from='christine_zvb@talk.kik.com/CANb8c760a61a894f4bb8b8a5317b1004b8' p='3e2fbe60cdcd6eafa54a1ef22f37aa6e' ts='1387499612631' v='6.9.0.747-debug' cv='cc52f4755e8581e973ee7c6140fde1654375d934' conn='WIFI' n='1' lang='en_GB'>
12-19 19:33:32.768 I/LoggingBufferedReader(22036): KIK_XML_RCV:  <k ok="1" ts="1387499613677">
12-19 19:33:32.798 W/AwContents(22036): nativeOnDraw failed; clearing to background color.
12-19 19:33:32.798 I/StickerManager(22036): Reloading sticker packs
12-19 19:33:32.798 I/AndroidAddressBookStor*(22036): Reloading address book settings
12-19 19:33:32.798 I/CommunicatorService(22036): Scheduling retry. num=1 reason: Successful connection reset=true
12-19 19:33:32.808 I/CommunicatorService(22036): Jittered from 1000 to 1049
12-19 19:33:32.808 I/CommunicatorService(22036): successful connection took 619
12-19 19:33:32.808 I/KikNetSock(22036): Net Debug--> Sending stanza: kik.core.net.outgoing.RosterRequestv5
12-19 19:33:32.818 I/LoggingOutputStream(22036): KIK_XML_SND:  <iq type="get" id="8fd63763-c90d-4db5-bd4f-3e02b49ce446"><query p="5" ts="1387481947519" xmlns="jabber:iq:roster" /></iq>
12-19 19:33:32.818 I/KikNetSock(22036): Net Debug--> Sending stanza: kik.core.net.outgoing.QosRequest
12-19 19:33:32.828 I/LoggingOutputStream(22036): KIK_XML_SND:  <iq type="set" id="42844e8c-e338-4551-8ce0-3fb0b362126b" cts="1387499613685"><query xmlns="kik:iq:QoS"><msg-acks /><history attach="true" /></query></iq>
12-19 19:33:32.838 I/LoggingBufferedReader(22036): KIK_XML_RCV:  <ack id="8fd63763-c90d-4db5-bd4f-3e02b49ce446"/>
12-19 19:33:32.858 I/LoggingBufferedReader(22036): KIK_XML_RCV:  <ack id="42844e8c-e338-4551-8ce0-3fb0b362126b"/>
12-19 19:33:32.868 I/StickerManager(22036): Reloaded sticker packs
12-19 19:33:32.898 I/ActivityManager(  771): Displayed kik.android/.chat.fragment.KikFragmentActivity: +4s832ms
12-19 19:33:32.898 I/ContactsStorage(22036): BATCH UPDATE: Batch was a:true
12-19 19:33:32.908 I/ContactsStorage(22036): BATCH UPDATE:Group membership update was a:true
12-19 19:33:32.908 I/ContactsStorage(22036): BATCH UPDATE: Batch was a:true
12-19 19:33:32.918 I/LoggingBufferedReader(22036): KIK_XML_RCV:  <iq type="result" id="8fd63763-c90d-4db5-bd4f-3e02b49ce446" to="christine_zvb@talk.kik.com/CANb8c760a61a894f4bb8b8a5317b1004b8"><query xmlns="jabber:iq:roster"/></iq>
12-19 19:33:32.938 I/QosRequest(22036): New polling interval: 60
12-19 19:33:32.948 I/LoggingBufferedReader(22036): KIK_XML_RCV:  <iq from="warehouse@talk.kik.com" type="result" id="42844e8c-e338-4551-8ce0-3fb0b362126b" to="christine_zvb@talk.kik.com/CANb8c760a61a894f4bb8b8a5317b1004b8"><query xmlns="kik:iq:QoS"><history attach="true"/><polling interval="60"/></query></iq>
12-19 19:33:32.998 D/dalvikvm(22036): GC_CONCURRENT freed 1573K, 7% free 25524K/27164K, paused 3ms+3ms, total 40ms
12-19 19:33:32.998 D/dalvikvm(22036): WAIT_FOR_CONCURRENT_GC blocked 32ms
12-19 19:33:32.998 D/dalvikvm(22036): WAIT_FOR_CONCURRENT_GC blocked 26ms
12-19 19:33:32.998 D/dalvikvm(22036): WAIT_FOR_CONCURRENT_GC blocked 26ms
12-19 19:33:32.998 D/dalvikvm(22036): WAIT_FOR_CONCURRENT_GC blocked 28ms
12-19 19:33:32.998 D/dalvikvm(22036): WAIT_FOR_CONCURRENT_GC blocked 26ms
12-19 19:33:32.998 D/dalvikvm(22036): WAIT_FOR_CONCURRENT_GC blocked 28ms
12-19 19:33:32.998 D/dalvikvm(22036): WAIT_FOR_CONCURRENT_GC blocked 27ms
12-19 19:33:33.058 D/dalvikvm(22036): null clazz in OP_INSTANCE_OF, single-stepping
12-19 19:33:33.078 W/AwContents(22036): nativeOnDraw failed; clearing to background color.
12-19 19:33:33.148 D/dalvikvm(22036): GC_CONCURRENT freed 2520K, 9% free 25950K/28504K, paused 2ms+3ms, total 35ms
12-19 19:33:33.148 D/dalvikvm(22036): WAIT_FOR_CONCURRENT_GC blocked 20ms
12-19 19:33:33.148 D/dalvikvm(22036): WAIT_FOR_CONCURRENT_GC blocked 20ms
12-19 19:33:33.148 D/dalvikvm(22036): WAIT_FOR_CONCURRENT_GC blocked 20ms
12-19 19:33:33.148 D/dalvikvm(22036): WAIT_FOR_CONCURRENT_GC blocked 20ms
12-19 19:33:33.148 D/dalvikvm(22036): WAIT_FOR_CONCURRENT_GC blocked 20ms
12-19 19:33:33.188 E/Volley  (22036): [844] BasicNetwork.performRequest: Unexpected response code 404 for http://cdn.kik.com/stickers/smileyholiday/candy_cane_smiley.png
12-19 19:33:33.208 E/Volley  (22036): [846] BasicNetwork.performRequest: Unexpected response code 404 for http://cdn.kik.com/stickers/smileyholiday/candle_lit_smiley.png
12-19 19:33:33.218 E/Volley  (22036): [847] BasicNetwork.performRequest: Unexpected response code 404 for http://cdn.kik.com/stickers/smileyholiday/candy_cane_smiley.jpg
12-19 19:33:33.218 E/Volley  (22036): [845] BasicNetwork.performRequest: Unexpected response code 404 for http://cdn.kik.com/stickers/smileyholiday/candle_lit_smiley.jpg
12-19 19:33:33.228 E/Volley  (22036): [844] BasicNetwork.performRequest: Unexpected response code 404 for http://cdn.kik.com/stickers/smileyholiday/chilly_smiley.png
12-19 19:33:33.238 E/Volley  (22036): [846] BasicNetwork.performRequest: Unexpected response code 404 for http://cdn.kik.com/stickers/smileyholiday/chilly_smiley.jpg
12-19 19:33:33.248 E/Volley  (22036): [845] BasicNetwork.performRequest: Unexpected response code 404 for http://cdn.kik.com/stickers/smileyholiday/chilly_snowman.jpg
12-19 19:33:33.248 E/Volley  (22036): [847] BasicNetwork.performRequest: Unexpected response code 404 for http://cdn.kik.com/stickers/smileyholiday/chilly_snowman.png
12-19 19:33:33.258 E/Volley  (22036): [844] BasicNetwork.performRequest: Unexpected response code 404 for http://cdn.kik.com/stickers/smileyholiday/cool_santa.png
12-19 19:33:33.268 E/Volley  (22036): [846] BasicNetwork.performRequest: Unexpected response code 404 for http://cdn.kik.com/stickers/smileyholiday/cool_santa.jpg
12-19 19:33:33.278 E/Volley  (22036): [845] BasicNetwork.performRequest: Unexpected response code 404 for http://cdn.kik.com/stickers/smileyholiday/frost_fairy_smiley.png
12-19 19:33:33.278 E/Volley  (22036): [847] BasicNetwork.performRequest: Unexpected response code 404 for http://cdn.kik.com/stickers/smileyholiday/frost_fairy_smiley.jpg
12-19 19:33:33.288 E/Volley  (22036): [844] BasicNetwork.performRequest: Unexpected response code 404 for http://cdn.kik.com/stickers/smileyholiday/frosty_smiley.png
12-19 19:33:33.298 E/Volley  (22036): [846] BasicNetwork.performRequest: Unexpected response code 404 for http://cdn.kik.com/stickers/smileyholiday/frosty_smiley.jpg
12-19 19:33:33.308 E/Volley  (22036): [845] BasicNetwork.performRequest: Unexpected response code 404 for http://cdn.kik.com/stickers/smileyholiday/gingerbread_smiley.png
12-19 19:33:33.308 E/Volley  (22036): [847] BasicNetwork.performRequest: Unexpected response code 404 for http://cdn.kik.com/stickers/smileyholiday/gingerbread_smiley.jpg
12-19 19:33:33.318 E/Volley  (22036): [844] BasicNetwork.performRequest: Unexpected response code 404 for http://cdn.kik.com/stickers/smileyholiday/grumpy_reindeer.png
12-19 19:33:33.328 E/Volley  (22036): [846] BasicNetwork.performRequest: Unexpected response code 404 for http://cdn.kik.com/stickers/smileyholiday/grumpy_reindeer.jpg
12-19 19:33:33.328 E/Volley  (22036): [845] BasicNetwork.performRequest: Unexpected response code 404 for http://cdn.kik.com/stickers/smileyholiday/happy_santa.png
12-19 19:33:33.338 E/Volley  (22036): [847] BasicNetwork.performRequest: Unexpected response code 404 for http://cdn.kik.com/stickers/smileyholiday/happy_santa.jpg
12-19 19:33:33.348 E/Volley  (22036): [844] BasicNetwork.performRequest: Unexpected response code 404 for http://cdn.kik.com/stickers/smileyholiday/jingle_bells_smiley.png
12-19 19:33:33.348 E/Volley  (22036): [846] BasicNetwork.performRequest: Unexpected response code 404 for http://cdn.kik.com/stickers/smileyholiday/jingle_bells_smiley.jpg
12-19 19:33:33.358 E/Volley  (22036): [845] BasicNetwork.performRequest: Unexpected response code 404 for http://cdn.kik.com/stickers/smileyholiday/mountain_smiley.png
12-19 19:33:33.358 E/Volley  (22036): [847] BasicNetwork.performRequest: Unexpected response code 404 for http://cdn.kik.com/stickers/smileyholiday/mountain_smiley.jpg
12-19 19:33:33.368 E/Volley  (22036): [844] BasicNetwork.performRequest: Unexpected response code 404 for http://cdn.kik.com/stickers/smileyholiday/reindeer.png
12-19 19:33:33.388 E/Volley  (22036): [845] BasicNetwork.performRequest: Unexpected response code 404 for http://cdn.kik.com/stickers/smileyholiday/reindeer_smiley.png
12-19 19:33:33.388 E/Volley  (22036): [846] BasicNetwork.performRequest: Unexpected response code 404 for http://cdn.kik.com/stickers/smileyholiday/reindeer.jpg
12-19 19:33:33.388 E/Volley  (22036): [847] BasicNetwork.performRequest: Unexpected response code 404 for http://cdn.kik.com/stickers/smileyholiday/reindeer_smiley.jpg
12-19 19:33:33.398 E/Volley  (22036): [844] BasicNetwork.performRequest: Unexpected response code 404 for http://cdn.kik.com/stickers/smileyholiday/rudolph_smiley.png
12-19 19:33:33.408 E/Volley  (22036): [846] BasicNetwork.performRequest: Unexpected response code 404 for http://cdn.kik.com/stickers/smileyholiday/santa_hat_smiley.png
12-19 19:33:33.408 E/Volley  (22036): [845] BasicNetwork.performRequest: Unexpected response code 404 for http://cdn.kik.com/stickers/smileyholiday/rudolph_smiley.jpg
12-19 19:33:33.418 E/Volley  (22036): [847] BasicNetwork.performRequest: Unexpected response code 404 for http://cdn.kik.com/stickers/smileyholiday/santa_hat_smiley.jpg
12-19 19:33:33.428 E/Volley  (22036): [844] BasicNetwork.performRequest: Unexpected response code 404 for http://cdn.kik.com/stickers/smileyholiday/scarf_smiley.png
12-19 19:33:33.438 E/Volley  (22036): [846] BasicNetwork.performRequest: Unexpected response code 404 for http://cdn.kik.com/stickers/smileyholiday/scarf_smiley.jpg
12-19 19:33:33.438 E/Volley  (22036): [845] BasicNetwork.performRequest: Unexpected response code 404 for http://cdn.kik.com/stickers/smileyholiday/smiley_wreath.png
12-19 19:33:33.448 E/Volley  (22036): [847] BasicNetwork.performRequest: Unexpected response code 404 for http://cdn.kik.com/stickers/smileyholiday/smiley_wreath.jpg
12-19 19:33:33.458 E/Volley  (22036): [844] BasicNetwork.performRequest: Unexpected response code 404 for http://cdn.kik.com/stickers/smileyholiday/snowball_fight.png
12-19 19:33:33.468 E/Volley  (22036): [845] BasicNetwork.performRequest: Unexpected response code 404 for http://cdn.kik.com/stickers/smileyholiday/snowflake_smiley.png
12-19 19:33:33.478 E/Volley  (22036): [846] BasicNetwork.performRequest: Unexpected response code 404 for http://cdn.kik.com/stickers/smileyholiday/snowball_fight.jpg
12-19 19:33:33.478 E/Volley  (22036): [847] BasicNetwork.performRequest: Unexpected response code 404 for http://cdn.kik.com/stickers/smileyholiday/snowflake_smiley.jpg
12-19 19:33:33.488 E/Volley  (22036): [844] BasicNetwork.performRequest: Unexpected response code 404 for http://cdn.kik.com/stickers/smileyholiday/star_smiley.png
12-19 19:33:33.508 E/Volley  (22036): [846] BasicNetwork.performRequest: Unexpected response code 404 for http://cdn.kik.com/stickers/smileyholiday/star_smiley.jpg
12-19 19:33:33.508 E/Volley  (22036): [845] BasicNetwork.performRequest: Unexpected response code 404 for http://cdn.kik.com/stickers/smileyholiday/stocking_smiley.png
12-19 19:33:33.518 E/Volley  (22036): [847] BasicNetwork.performRequest: Unexpected response code 404 for http://cdn.kik.com/stickers/smileyholiday/stocking_smiley.jpg
12-19 19:33:33.518 E/Volley  (22036): [844] BasicNetwork.performRequest: Unexpected response code 404 for http://cdn.kik.com/stickers/smileyholiday/yellow_gift_smiley.png
12-19 19:33:33.538 E/Volley  (22036): [846] BasicNetwork.performRequest: Unexpected response code 404 for http://cdn.kik.com/stickers/smileyholiday/yellow_gift_smiley.jpg
12-19 19:33:33.548 E/Volley  (22036): [845] BasicNetwork.performRequest: Unexpected response code 404 for http://cdn.kik.com/stickers/smileyholiday/yule_log.png
12-19 19:33:33.548 E/Volley  (22036): [847] BasicNetwork.performRequest: Unexpected response code 404 for http://cdn.kik.com/stickers/smileyholiday/yule_log.jpg
12-19 19:33:33.778 I/ClikWidgetUntouchable(22036): Notify seen!
12-19 19:33:33.868 I/CommunicatorService(22036): called onStartCommand
12-19 19:33:33.868 I/CommunicatorService(22036): Handle start
12-19 19:33:33.868 I/LoggingOutputStream(22036): KIK_XML_SND:  <ping/>
12-19 19:33:33.898 I/CommunicatorService(22036): successful ping took 32
12-19 19:33:33.898 I/CommunicatorService(22036): Scheduling retry. num=2 reason: ping succeeded reset=false
12-19 19:33:33.898 I/CommunicatorService(22036): Jittered from 1000 to 1104
12-19 19:33:33.898 I/LoggingBufferedReader(22036): KIK_XML_RCV:  <pong/>
12-19 19:33:34.478 D/dalvikvm(22036): GC_CONCURRENT freed 2694K, 10% free 26305K/29024K, paused 3ms+4ms, total 52ms
12-19 19:33:34.578 D/dalvikvm(22036): GC_FOR_ALLOC freed 838K, 12% free 25975K/29496K, paused 30ms, total 30ms
12-19 19:33:35.008 I/CommunicatorService(22036): called onStartCommand
12-19 19:33:35.008 I/CommunicatorService(22036): Handle start
12-19 19:33:35.008 I/LoggingOutputStream(22036): KIK_XML_SND:  <ping/>
12-19 19:33:35.038 I/CommunicatorService(22036): successful ping took 34
12-19 19:33:35.038 I/CommunicatorService(22036): Scheduling retry. num=3 reason: ping succeeded reset=false
12-19 19:33:35.048 I/CommunicatorService(22036): Jittered from 2000 to 2416
12-19 19:33:35.048 I/LoggingBufferedReader(22036): KIK_XML_RCV:  <pong/>
12-19 19:33:35.208 D/dalvikvm(22036): GC_FOR_ALLOC freed 777K, 11% free 26321K/29496K, paused 30ms, total 30ms
12-19 19:33:35.418 I/ActivityManager(  771): START u0 {act=KikFragmentActivity.install.action flg=0x20000 cmp=kik.android/.chat.fragment.KikFragmentActivity (has extras)} from pid 22036
12-19 19:33:35.428 D/audio_hw_primary(  184): select_devices: out_snd_device(2: speaker) in_snd_device(0: )
12-19 19:33:35.548 D/dalvikvm(22036): GC_FOR_ALLOC freed 1081K, 12% free 26122K/29496K, paused 33ms, total 33ms
12-19 19:33:35.658 I/dalvikvm(22036): Jit: resizing JitTable from 4096 to 8192
12-19 19:33:35.688 D/CardsWebLog(22036): Setting app cache path to: /data/data/kik.android/cache/appCache
12-19 19:33:35.698 D/CardsWebLog(22036): Cache mode LOAD_DEFAULT
12-19 19:33:35.698 I/WebViewFragment(22036): SWITCH_TIMING: Starting to load URL http://10.10.20.188:5000/
12-19 19:33:35.738 D/dalvikvm(22036): GC_FOR_ALLOC freed 1085K, 11% free 26388K/29496K, paused 33ms, total 33ms
12-19 19:33:35.738 I/dalvikvm-heap(22036): Grow heap (frag case) to 26.063MB for 276496-byte allocation
12-19 19:33:35.778 D/dalvikvm(22036): GC_FOR_ALLOC freed 3K, 11% free 26654K/29768K, paused 43ms, total 43ms
12-19 19:33:35.808 E/WebViewFragment(22036): WEBVIEW! Cannot update cover, nullity:true, false
12-19 19:33:35.808 D/KikCardBrowserFragment(22036): Binding fragment
12-19 19:33:35.848 D/dalvikvm(22036): GC_FOR_ALLOC freed 23K, 9% free 27254K/29768K, paused 37ms, total 37ms
12-19 19:33:35.858 W/AwContents(22036): nativeOnDraw failed; clearing to background color.
12-19 19:33:35.888 D/CardsWebLog(22036): URL maps to the same cannonical URL: http://10.10.20.188:5000/
12-19 19:33:35.988 W/CardsConsole(22036): Console.LOG: Document was loaded from Application Cache with manifest http://10.10.20.188:5000/cache.manifest (http://10.10.20.188:5000/:0)
12-19 19:33:35.988 W/CardsConsole(22036): Console.LOG: Application Cache Checking event (http://10.10.20.188:5000/:0)
12-19 19:33:36.228 W/CardsConsole(22036): Console.LOG: Application Cache NoUpdate event (http://10.10.20.188:5000/:0)
12-19 19:33:36.238 V/CardsWebPluginReg(22036): Success requesting plugin: Metrics
12-19 19:33:36.248 V/CardsWebPluginReg(22036): Success requesting plugin: Browser
12-19 19:33:36.288 D/dalvikvm(22036): GC_FOR_ALLOC freed 2762K, 13% free 26844K/30680K, paused 35ms, total 35ms
12-19 19:33:36.308 W/CardsWebPluginReg(22036): Plugin not found: Media
12-19 19:33:36.308 V/CardsWebPluginReg(22036): Success requesting plugin: Kik
12-19 19:33:36.318 V/CardsWebPluginReg(22036): Success requesting plugin: Profile
12-19 19:33:36.318 V/CardsWebPluginReg(22036): Success requesting plugin: UserData
12-19 19:33:36.318 V/CardsWebPluginReg(22036): Success requesting plugin: Auth
12-19 19:33:36.318 V/CardsWebPluginReg(22036): Success requesting plugin: Photo
12-19 19:33:36.328 W/CardsWebPluginReg(22036): Plugin not found: Keyboard
12-19 19:33:36.328 V/CardsWebPluginReg(22036): Success requesting plugin: Picker
12-19 19:33:36.328 V/CardsWebPluginReg(22036): Success requesting plugin: Push
12-19 19:33:36.408 D/Finsky  ( 6678): [300] InAppBillingUtils.getPreferredAccount: kik.android: Account from first account - [2pgUuwH6iPKeadz0XuVYR3HCQak]
12-19 19:33:36.408 V/CardsWebPluginReg(22036): Success requesting plugin: IAP
12-19 19:33:36.608 I/chromium(22036): [INFO:async_pixel_transfer_manager_android.cc(56)] Async pixel transfers not supported
12-19 19:33:36.648 I/chromium(22036): [INFO:async_pixel_transfer_manager_android.cc(56)] Async pixel transfers not supported
12-19 19:33:36.668 F/libc    (22036): Fatal signal 11 (SIGSEGV) at 0x00000000 (code=1), thread 22165 (kik.android)
12-19 19:33:36.678 W/CardsConsole(22036): Console.LOG: //d33vud085sp3wg.cloudfront.net/0WdUM1_QkB2n6BSSF6r-c4_jqi8/thumb.jpg (http://10.10.20.188:5000/zerver/API.js:639)
12-19 19:33:36.678 W/CardsConsole(22036): Console.LOG: //d33vud085sp3wg.cloudfront.net/hnmsBpTlK58BG3iOK3G4Cd5Iqlw/thumb.jpg (http://10.10.20.188:5000/zerver/API.js:639)
12-19 19:33:36.718 I/DEBUG   (  179): *** *** *** *** *** *** *** *** *** *** *** *** *** *** *** ***
12-19 19:33:36.718 I/DEBUG   (  179): Build fingerprint: 'google/hammerhead/hammerhead:4.4.2/KOT49H/937116:user/release-keys'
12-19 19:33:36.718 I/DEBUG   (  179): Revision: '11'
12-19 19:33:36.718 I/DEBUG   (  179): pid: 22036, tid: 22165, name: kik.android  >>> kik.android <<<
12-19 19:33:36.718 I/DEBUG   (  179): signal 11 (SIGSEGV), code 1 (SEGV_MAPERR), fault addr 00000000
12-19 19:33:36.778 I/DEBUG   (  179):     r0 7c7ec664  r1 7c7ec5f8  r2 00000000  r3 00000000
12-19 19:33:36.778 I/DEBUG   (  179):     r4 7c7ec664  r5 7c7ec5f8  r6 7c7ec664  r7 730c909c
12-19 19:33:36.778 I/DEBUG   (  179):     r8 7c7ec784  r9 7c7ec708  sl 7315de58  fp 400cb2ec
12-19 19:33:36.778 I/DEBUG   (  179):     ip 0000001f  sp 7ca5e650  lr 72333f47  pc 72337670  cpsr 600b0030
12-19 19:33:36.778 I/DEBUG   (  179):     d0  3eb0000000000000  d1  3fc999999999999a
12-19 19:33:36.778 I/DEBUG   (  179):     d2  3f70624dd2f1a930  d3  0000000000000030
12-19 19:33:36.778 I/DEBUG   (  179):     d4  7b46f9907b46f98c  d5  7b46f9947b46f8dc
12-19 19:33:36.778 I/DEBUG   (  179):     d6  0000009c7b46f980  d7  406380000000009c
12-19 19:33:36.778 I/DEBUG   (  179):     d8  0000000000000000  d9  0000000000000000
12-19 19:33:36.778 I/DEBUG   (  179):     d10 0000000000000000  d11 0000000000000000
12-19 19:33:36.788 I/DEBUG   (  179):     d12 0000000000000000  d13 0000000000000000
12-19 19:33:36.788 I/DEBUG   (  179):     d14 0000000000000000  d15 0000000000000000
12-19 19:33:36.788 I/DEBUG   (  179):     d16 412e848000000000  d17 41d4ace4182b4a38
12-19 19:33:36.788 I/DEBUG   (  179):     d18 41d4ace4182b4a34  d19 c1e0000000000000
12-19 19:33:36.788 I/DEBUG   (  179):     d20 0000000000000000  d21 3ff0000000000000
12-19 19:33:36.788 I/DEBUG   (  179):     d22 4008000000000000  d23 4024000000000000
12-19 19:33:36.788 I/DEBUG   (  179):     d24 403e000000000000  d25 4022000000000000
12-19 19:33:36.788 I/DEBUG   (  179):     d26 4024000000000000  d27 3feccccccccccccd
12-19 19:33:36.788 I/DEBUG   (  179):     d28 3ff0000000000000  d29 0000000000000000
12-19 19:33:36.788 I/DEBUG   (  179):     d30 0000000000000000  d31 0000000000000000
12-19 19:33:36.788 I/DEBUG   (  179):     scr 8a000017
12-19 19:33:36.788 I/DEBUG   (  179): 
12-19 19:33:36.788 I/DEBUG   (  179): backtrace:
12-19 19:33:36.788 I/DEBUG   (  179):     #00  pc 00482670  /system/lib/libwebviewchromium.so
12-19 19:33:36.788 I/DEBUG   (  179):     #01  pc 000fc6fc  [stack:22165]
12-19 19:33:36.788 I/DEBUG   (  179): 
12-19 19:33:36.788 I/DEBUG   (  179): stack:
12-19 19:33:36.788 I/DEBUG   (  179):          7ca5e610  ffffffff  
12-19 19:33:36.788 I/DEBUG   (  179):          7ca5e614  7315de58  /system/lib/libwebviewchromium.so
12-19 19:33:36.788 I/DEBUG   (  179):          7ca5e618  7c7ec5d0  [anon:libc_malloc]
12-19 19:33:36.788 I/DEBUG   (  179):          7ca5e61c  72091ad3  /system/lib/libwebviewchromium.so
12-19 19:33:36.788 I/DEBUG   (  179):          7ca5e620  7ca5e688  [stack:22165]
12-19 19:33:36.788 I/DEBUG   (  179):          7ca5e624  72c9a567  /system/lib/libwebviewchromium.so
12-19 19:33:36.788 I/DEBUG   (  179):          7ca5e628  b64d6a35  
12-19 19:33:36.788 I/DEBUG   (  179):          7ca5e62c  002e4c82  
12-19 19:33:36.788 I/DEBUG   (  179):          7ca5e630  00000001  
12-19 19:33:36.788 I/DEBUG   (  179):          7ca5e634  7226ec69  /system/lib/libwebviewchromium.so
12-19 19:33:36.788 I/DEBUG   (  179):          7ca5e638  7317c784  
12-19 19:33:36.788 I/DEBUG   (  179):          7ca5e63c  721ee7d3  /system/lib/libwebviewchromium.so
12-19 19:33:36.788 I/DEBUG   (  179):          7ca5e640  00000000  
12-19 19:33:36.788 I/DEBUG   (  179):          7ca5e644  72332a27  /system/lib/libwebviewchromium.so
12-19 19:33:36.788 I/DEBUG   (  179):          7ca5e648  7c7ec5d0  [anon:libc_malloc]
12-19 19:33:36.788 I/DEBUG   (  179):          7ca5e64c  00000000  
12-19 19:33:36.788 I/DEBUG   (  179):     #00  7ca5e650  7c7ec5d0  [anon:libc_malloc]
12-19 19:33:36.788 I/DEBUG   (  179):          7ca5e654  7c7ec5f8  [anon:libc_malloc]
12-19 19:33:36.788 I/DEBUG   (  179):          7ca5e658  7c7ec664  [anon:libc_malloc]
12-19 19:33:36.788 I/DEBUG   (  179):          7ca5e65c  730c909c  /system/lib/libwebviewchromium.so
12-19 19:33:36.788 I/DEBUG   (  179):          7ca5e660  7c7ec784  [anon:libc_malloc]
12-19 19:33:36.788 I/DEBUG   (  179):          7ca5e664  72333f47  /system/lib/libwebviewchromium.so
12-19 19:33:36.788 I/DEBUG   (  179):          7ca5e668  7c7efb30  [anon:libc_malloc]
12-19 19:33:36.788 I/DEBUG   (  179):          7ca5e66c  00000000  
12-19 19:33:36.788 I/DEBUG   (  179):          7ca5e670  730c909c  /system/lib/libwebviewchromium.so
12-19 19:33:36.788 I/DEBUG   (  179):          7ca5e674  00000000  
12-19 19:33:36.788 I/DEBUG   (  179):          7ca5e678  00000000  
12-19 19:33:36.788 I/DEBUG   (  179):          7ca5e67c  00000000  
12-19 19:33:36.788 I/DEBUG   (  179):          7ca5e680  00000000  
12-19 19:33:36.788 I/DEBUG   (  179):          7ca5e684  00000000  
12-19 19:33:36.788 I/DEBUG   (  179):          7ca5e688  7c7ec804  [anon:libc_malloc]
12-19 19:33:36.788 I/DEBUG   (  179):          7ca5e68c  3af0472c  
12-19 19:33:36.788 I/DEBUG   (  179):          ........  ........
12-19 19:33:36.788 I/DEBUG   (  179):     #01  7ca5e6b8  730c909c  /system/lib/libwebviewchromium.so
12-19 19:33:36.788 I/DEBUG   (  179):          7ca5e6bc  7ca5e828  [stack:22165]
12-19 19:33:36.788 I/DEBUG   (  179):          7ca5e6c0  00000000  
12-19 19:33:36.788 I/DEBUG   (  179):