12-19 19:31:27.598 I/LoggingBufferedReader(21068): KIK_XML_RCV:  <ack id="a2b23aad-2571-4446-97a4-76956a4eaef2"/>
12-19 19:31:27.728 W/CardsConsole(21068): Console.LOG: Application Cache Checking event (http://10.10.20.188:5000/:0)
12-19 19:31:27.758 I/LoggingBufferedReader(21068): KIK_XML_RCV:  <iq type="result" id="a2b23aad-2571-4446-97a4-76956a4eaef2" to="christine_zvb@talk.kik.com/CANb8c760a61a894f4bb8b8a5317b1004b8"><query xmlns="kik:iq:QoS"/></iq>
12-19 19:31:27.788 W/CardsConsole(21068): Console.LOG: Application Cache Downloading event (http://10.10.20.188:5000/:0)
12-19 19:31:27.948 W/CardsConsole(21068): Console.LOG: Application Cache Progress event (0 of 26) http://10.10.20.188:5000/js/main.js (http://10.10.20.188:5000/:0)
12-19 19:31:27.968 W/CardsConsole(21068): Console.LOG: Application Cache Progress event (1 of 26) http://cdn.kik.com/cards/0/cards.js (http://10.10.20.188:5000/:0)
12-19 19:31:27.978 W/CardsConsole(21068): Console.LOG: Application Cache Progress event (2 of 26) http://10.10.20.188:5000/ (http://10.10.20.188:5000/:0)
12-19 19:31:28.138 W/CardsConsole(21068): Console.LOG: Application Cache Progress event (3 of 26) http://10.10.20.188:5000/img/icon2.png (http://10.10.20.188:5000/:0)
12-19 19:31:28.138 W/CardsConsole(21068): Console.LOG: Application Cache Progress event (4 of 26) http://10.10.20.188:5000/img/noprofile.png (http://10.10.20.188:5000/:0)
12-19 19:31:28.158 W/CardsConsole(21068): Console.LOG: Application Cache Progress event (5 of 26) http://10.10.20.188:5000/img/kik-button-small.png (http://10.10.20.188:5000/:0)
12-19 19:31:28.298 W/CardsConsole(21068): Console.LOG: Application Cache Progress event (6 of 26) http://10.10.20.188:5000/img/kik.png (http://10.10.20.188:5000/:0)
12-19 19:31:28.308 W/CardsConsole(21068): Console.LOG: Application Cache Progress event (7 of 26) http://10.10.20.188:5000/js/Friends.js (http://10.10.20.188:5000/:0)
12-19 19:31:28.328 W/CardsConsole(21068): Console.LOG: Application Cache Progress event (8 of 26) http://10.10.20.188:5000/img/friends.png (http://10.10.20.188:5000/:0)
12-19 19:31:28.338 W/CardsConsole(21068): Console.LOG: Application Cache Progress event (9 of 26) http://10.10.20.188:5000/js/seedrandom-min.js (http://10.10.20.188:5000/:0)
12-19 19:31:28.458 W/CardsConsole(21068): Console.LOG: Application Cache Progress event (10 of 26) http://10.10.20.188:5000/js/People.js (http://10.10.20.188:5000/:0)
12-19 19:31:28.488 W/CardsConsole(21068): Console.LOG: Application Cache Progress event (11 of 26) http://cdn.kik.com/app/1/app.js (http://10.10.20.188:5000/:0)
12-19 19:31:28.528 W/CardsConsole(21068): Console.LOG: Application Cache Progress event (12 of 26) http://cdn.kik.com/app/1/default.css (http://10.10.20.188:5000/:0)
12-19 19:31:28.548 W/CardsConsole(21068): Console.LOG: Application Cache Progress event (13 of 26) http://10.10.20.188:5000/img/heart3.png (http://10.10.20.188:5000/:0)
12-19 19:31:28.588 W/CardsConsole(21068): Console.LOG: Application Cache Progress event (14 of 26) http://10.10.20.188:5000/img/whiteplus.png (http://10.10.20.188:5000/:0)
12-19 19:31:28.618 W/CardsConsole(21068): Console.LOG: Application Cache Progress event (15 of 26) http://10.10.20.188:5000/img/boyfriend.png (http://10.10.20.188:5000/:0)
12-19 19:31:28.638 D/dalvikvm( 6258): GC_CONCURRENT freed 503K, 20% free 18115K/22396K, paused 4ms+3ms, total 42ms
12-19 19:31:28.638 D/dalvikvm( 6258): WAIT_FOR_CONCURRENT_GC blocked 12ms
12-19 19:31:28.648 W/CardsConsole(21068): Console.LOG: Application Cache Progress event (16 of 26) http://10.10.20.188:5000/js/home.js (http://10.10.20.188:5000/:0)
12-19 19:31:28.668 W/CardsConsole(21068): Console.LOG: Application Cache Progress event (17 of 26) http://10.10.20.188:5000/img/whiteheart.png (http://10.10.20.188:5000/:0)
12-19 19:31:28.678 I/CommunicatorService(21068): called onStartCommand
12-19 19:31:28.678 I/CommunicatorService(21068): Handle start
12-19 19:31:28.728 D/dalvikvm(  771): GC_EXPLICIT freed 1192K, 24% free 41196K/54128K, paused 2ms+7ms, total 78ms
12-19 19:31:28.728 W/CardsConsole(21068): Console.LOG: Application Cache Progress event (18 of 26) http://10.10.20.188:5000/css/styles.css (http://10.10.20.188:5000/:0)
12-19 19:31:28.728 I/LoggingOutputStream(21068): KIK_XML_SND:  <ping/>
12-19 19:31:28.748 W/CardsConsole(21068): Console.LOG: Application Cache Progress event (19 of 26) http://10.10.20.188:5000/js/toDataURLCustom.js (http://10.10.20.188:5000/:0)
12-19 19:31:28.758 I/CommunicatorService(21068): successful ping took 23
12-19 19:31:28.758 I/CommunicatorService(21068): Scheduling retry. num=2 reason: ping succeeded reset=false
12-19 19:31:28.758 I/CommunicatorService(21068): Jittered from 1000 to 1041
12-19 19:31:28.758 I/LoggingBufferedReader(21068): KIK_XML_RCV:  <pong/>
12-19 19:31:28.758 W/CardsConsole(21068): Console.LOG: Application Cache Progress event (20 of 26) http://10.10.20.188:5000/js/signup.js (http://10.10.20.188:5000/:0)
12-19 19:31:28.778 W/CardsConsole(21068): Console.LOG: Application Cache Progress event (21 of 26) http://10.10.20.188:5000/zerver/API.js (http://10.10.20.188:5000/:0)
12-19 19:31:28.828 I/GCoreUlr( 6258): Successfully inserted location
12-19 19:31:28.838 W/CardsConsole(21068): Console.LOG: Application Cache Progress event (22 of 26) http://zeptojs.com/zepto.min.js (http://10.10.20.188:5000/:0)
12-19 19:31:28.838 I/GCoreUlr( 6258): Not calling LocationReportingService, hasMoved: false, elapsed millis: 2543734, request: Phone
12-19 19:31:28.858 W/CardsConsole(21068): Console.LOG: Application Cache Progress event (23 of 26) http://10.10.20.188:5000/js/You.js (http://10.10.20.188:5000/:0)
12-19 19:31:28.908 W/CardsConsole(21068): Console.LOG: Application Cache Progress event (24 of 26) http://10.10.20.188:5000/img/whitedouble.png (http://10.10.20.188:5000/:0)
12-19 19:31:28.908 W/CardsConsole(21068): Console.LOG: Application Cache Progress event (25 of 26) http://10.10.20.188:5000/js/Calc.js (http://10.10.20.188:5000/:0)
12-19 19:31:29.028 W/CardsConsole(21068): Console.LOG: Application Cache Progress event (26 of 26)  (http://10.10.20.188:5000/:0)
12-19 19:31:29.028 W/CardsConsole(21068): Console.LOG: Application Cache UpdateReady event (http://10.10.20.188:5000/:0)
12-19 19:31:29.048 W/CardsConsole(21068): Console.ERROR: Uncaught Error: bridge call Browser.refresh did not complete successfully, 405 (http://cdn.kik.com/cards/0/cards.js:12)
12-19 19:31:29.798 I/CommunicatorService(21068): called onStartCommand
12-19 19:31:29.798 I/CommunicatorService(21068): Handle start
12-19 19:31:29.808 I/LoggingOutputStream(21068): KIK_XML_SND:  <ping/>
12-19 19:31:29.838 I/CommunicatorService(21068): successful ping took 37
12-19 19:31:29.838 I/CommunicatorService(21068): Scheduling retry. num=3 reason: ping succeeded reset=false
12-19 19:31:29.838 I/CommunicatorService(21068): Jittered from 2000 to 2094
12-19 19:31:29.838 I/LoggingBufferedReader(21068): KIK_XML_RCV:  <pong/>
12-19 19:31:31.498 I/WebViewFragment(21068): Fragment removed from the back stack revealing web view
12-19 19:31:31.498 V/CardsWebPluginReg(21068): Firing event: unpause
12-19 19:31:31.508 D/audio_hw_primary(  184): select_devices: out_snd_device(2: speaker) in_snd_device(0: )
12-19 19:31:31.518 I/CommunicatorService(21068): Scheduling retry. num=1 reason: requested retry reset reset=true
12-19 19:31:31.518 I/CommunicatorService(21068): Jittered from 1000 to 1202
12-19 19:31:31.528 I/KikNetSock(21068): Net Debug--> Sending stanza: kik.core.net.outgoing.XDataUpdateRequest
12-19 19:31:31.538 I/LoggingOutputStream(21068): KIK_XML_SND:  <iq type="set" id="9da0700c-119b-4a14-bfdb-5feeac1a3373"><query xmlns="kik:iq:xdata"><record-set pk="enc_card_list"><record sk="aBiOdXx5Py_zmyol9m6KCbLe6Xk-u3xB0a09dctrIjg">CiA7kiVOuwipagTkiZFj_gjdOf0aGnwvdAcUTGMFY6FQGhIQRAu0S-BR_zZJSEKhxu2wkhrgAfpwHjFaOZ1oXtpbkg3q8CFe7Yh9oBzBnQtSi6zclJNHzgKXpBwTf-odu2Nf_nds3CjYPdeoqSA3w8m8qhit-y5izy_KKNE6fkWnnAh0jU0-BiMU4psSJjvsA4r2VDzPTtBhV58uz-5fxXWqJGcnNWxa1gDTZNe-fCRPgvnfh2sVBGcVDAKtjC6QdI1SSE2fbIhZUfeg1qZT4fw39HuzG_BOjfJvx2P1CJxoBf0m0glHqMxlsvvQhA8wTZu-N539ZV762TXighQz0dhheQpfGTitGutU7cedXImAUrQA7JLv</record></record-set></query></iq>
12-19 19:31:31.578 I/LoggingBufferedReader(21068): KIK_XML_RCV:  <ack id="9da0700c-119b-4a14-bfdb-5feeac1a3373"/>
12-19 19:31:31.608 I/LoggingBufferedReader(21068): KIK_XML_RCV:  <iq type="result" id="9da0700c-119b-4a14-bfdb-5feeac1a3373" to="christine_zvb@talk.kik.com/CANb8c760a61a894f4bb8b8a5317b1004b8"><query xmlns="kik:iq:xdata"/></iq>
12-19 19:31:31.608 I/XDataAppManagerStorage(21068): Card list updated
12-19 19:31:31.698 W/CardsWebGlue(21068): BAD: timed out waiting for poll, forcing javascript poll.
12-19 19:31:32.218 I/ClikWidgetUntouchable(21068): Notify seen!
12-19 19:31:32.718 V/CardsWebPluginReg(21068): Firing event: pause
12-19 19:31:32.738 I/CommunicatorService(21068): called onStartCommand
12-19 19:31:32.738 I/CommunicatorService(21068): Handle start
12-19 19:31:32.748 I/LoggingOutputStream(21068): KIK_XML_SND:  <ping/>
12-19 19:31:32.778 I/CommunicatorService(21068): successful ping took 37
12-19 19:31:32.778 I/CommunicatorService(21068): Scheduling retry. num=2 reason: ping succeeded reset=false
12-19 19:31:32.778 I/CommunicatorService(21068): Jittered from 1000 to 1193
12-19 19:31:32.788 I/LoggingBufferedReader(21068): KIK_XML_RCV:  <pong/>
12-19 19:31:32.918 W/CardsWebGlue(21068): BAD: timed out waiting for poll, forcing javascript poll.
12-19 19:31:33.978 I/CommunicatorService(21068): called onStartCommand
12-19 19:31:33.978 I/CommunicatorService(21068): Handle start
12-19 19:31:33.978 I/LoggingOutputStream(21068): KIK_XML_SND:  <ping/>
12-19 19:31:33.998 I/CommunicatorService(21068): successful ping took 24
12-19 19:31:33.998 I/CommunicatorService(21068): Scheduling retry. num=3 reason: ping succeeded reset=false
12-19 19:31:34.008 I/CommunicatorService(21068): Jittered from 2000 to 2024
12-19 19:31:34.008 I/LoggingBufferedReader(21068): KIK_XML_RCV:  <pong/>
12-19 19:31:34.588 I/CardsWebDebug(21068): Requesting refresh
12-19 19:31:34.588 V/CardsWebPluginReg(21068): Firing event: refresh
12-19 19:31:34.608 W/InputMethodManagerService(  771): Window already focused, ignoring focus gain of: com.android.internal.view.IInputMethodClient$Stub$Proxy@42e14c08 attribute=null, token = android.os.BinderProxy@42dca948
12-19 19:31:34.798 W/CardsWebGlue(21068): BAD: timed out waiting for poll, forcing javascript poll.
12-19 19:31:34.808 W/CardsConsole(21068): Console.LOG: Application Cache Checking event (http://10.10.20.188:5000/:0)
12-19 19:31:35.058 V/PanelView(  998): animationTick called with dtms=0; nothing to do (h=392.0 v=5186.158)
12-19 19:31:35.168 W/CardsConsole(21068): Console.LOG: Application Cache NoUpdate event (http://10.10.20.188:5000/:0)
12-19 19:31:35.178 W/CardsConsole(21068): Console.LOG: refresh requested but no update to manifest found (http://10.10.20.188:5000/zerver/API.js:639)
12-19 19:31:35.178 W/CardsConsole(21068): Console.LOG: ** update your manifest to see changes reflected (http://10.10.20.188:5000/zerver/API.js:639)
12-19 19:31:35.918 I/ActivityManager(  771): START u0 {act=KikFragmentActivity.install.action flg=0x20000 cmp=kik.android/.chat.fragment.KikFragmentActivity bnds=[0,153][1080,345] (has extras)} from pid -1
12-19 19:31:35.918 W/ActivityManager(  771): startActivity called from non-Activity context; forcing Intent.FLAG_ACTIVITY_NEW_TASK for: Intent { act=KikFragmentActivity.install.action flg=0x20000 cmp=kik.android/.chat.fragment.KikFragmentActivity bnds=[0,153][1080,345] (has extras) }
12-19 19:31:35.928 V/PanelView(  998): animationTick called with dtms=0; nothing to do (h=1776.0 v=-6000.0)
12-19 19:31:35.998 W/InputMethodManagerService(  771): Window already focused, ignoring focus gain of: com.android.internal.view.IInputMethodClient$Stub$Proxy@42d68090 attribute=null, token = android.os.BinderProxy@42dca948
12-19 19:31:36.038 I/CommunicatorService(21068): called onStartCommand
12-19 19:31:36.038 I/CommunicatorService(21068): Handle start
12-19 19:31:36.048 I/LoggingOutputStream(21068): KIK_XML_SND:  <ping/>
12-19 19:31:36.078 I/CommunicatorService(21068): successful ping took 36
12-19 19:31:36.078 I/CommunicatorService(21068): Scheduling retry. num=4 reason: ping succeeded reset=false
12-19 19:31:36.078 I/CommunicatorService(21068): Jittered from 4000 to 4037
12-19 19:31:36.078 I/LoggingBufferedReader(21068): KIK_XML_RCV:  <pong/>
12-19 19:31:36.198 I/AndroidCommunicator(21068): Connection requested because: Unspecified
12-19 19:31:36.198 I/CommunicatorService(21068): Scheduling retry. num=1 reason: requested retry reset reset=true
12-19 19:31:36.208 I/CommunicatorService(21068): Jittered from 1000 to 1222
12-19 19:31:36.318 I/CommunicatorService(21068): called onStartCommand
12-19 19:31:36.318 I/CommunicatorService(21068): Handle start
12-19 19:31:36.318 I/LoggingOutputStream(21068): KIK_XML_SND:  <ping/>
12-19 19:31:36.348 I/CommunicatorService(21068): successful ping took 31
12-19 19:31:36.348 I/CommunicatorService(21068): Scheduling retry. num=1 reason: ping succeeded reset=false
12-19 19:31:36.348 I/CommunicatorService(21068): Jittered from 1000 to 1032
12-19 19:31:36.348 I/LoggingBufferedReader(21068): KIK_XML_RCV:  <pong/>
12-19 19:31:36.398 D/dalvikvm(21068): GC_CONCURRENT freed 4067K, 17% free 33420K/39900K, paused 2ms+5ms, total 62ms
12-19 19:31:36.398 D/dalvikvm(21068): WAIT_FOR_CONCURRENT_GC blocked 37ms
12-19 19:31:36.398 D/dalvikvm(21068): WAIT_FOR_CONCURRENT_GC blocked 24ms
12-19 19:31:36.428 D/CardsWebLog(21068): URL maps to the same cannonical URL: data:///
12-19 19:31:36.508 I/ExtWebView(21068): SWITCH_TIMING: Webview thinks its finished
12-19 19:31:37.208 D/dalvikvm(21068): GC_EXPLICIT freed 1419K, 18% free 33115K/39900K, paused 3ms+3ms, total 60ms
12-19 19:31:37.408 I/CommunicatorService(21068): called onStartCommand
12-19 19:31:37.408 I/CommunicatorService(21068): Handle start
12-19 19:31:37.418 I/LoggingOutputStream(21068): KIK_XML_SND:  <ping/>
12-19 19:31:37.448 I/CommunicatorService(21068): successful ping took 35
12-19 19:31:37.448 I/CommunicatorService(21068): Scheduling retry. num=2 reason: ping succeeded reset=false
12-19 19:31:37.448 I/CommunicatorService(21068): Jittered from 2000 to 2211
12-19 19:31:37.448 I/LoggingBufferedReader(21068): KIK_XML_RCV:  <pong/>
12-19 19:31:39.228 I/ActivityManager(  771): START u0 {act=KikFragmentActivity.install.action flg=0x20000 cmp=kik.android/.chat.fragment.KikFragmentActivity (has extras)} from pid 21068
12-19 19:31:39.238 D/audio_hw_primary(  184): select_devices: out_snd_device(2: speaker) in_snd_device(0: )
12-19 19:31:39.388 I/KikNetSock(21068): Net Debug--> Sending stanza: kik.core.net.outgoing.OutgoingReceiptStanza
12-19 19:31:39.398 I/LoggingOutputStream(21068): KIK_XML_SND:  <message type="receipt" id="dffd5772-a6c2-46e6-9626-a722b4db0f8d" to="steph_ro9@talk.kik.com" cts="1387499500309"><kik push="false" qos="true" timestamp="1387499500309" /><receipt xmlns="kik:message:receipt" type="read"><msgid id="68537695-4eef-4eca-8827-2ac3f47a30f8" /></receipt></message>
12-19 19:31:39.398 I/CommunicatorService(21068): Scheduling retry. num=1 reason: requested retry reset reset=true
12-19 19:31:39.398 I/CommunicatorService(21068): Jittered from 1000 to 1008
12-19 19:31:39.428 I/LoggingBufferedReader(21068): KIK_XML_RCV:  <ack id="dffd5772-a6c2-46e6-9626-a722b4db0f8d"/>
12-19 19:31:40.268 I/ActivityManager(  771): START u0 {act=KikFragmentActivity.install.action flg=0x20000 cmp=kik.android/.chat.fragment.KikFragmentActivity (has extras)} from pid 21068
12-19 19:31:40.388 I/AndroidCommunicator(21068): Connection requested because: Unspecified
12-19 19:31:40.398 I/CommunicatorService(21068): Scheduling retry. num=1 reason: requested retry reset reset=true
12-19 19:31:40.398 I/CommunicatorService(21068): Jittered from 1000 to 1042
12-19 19:31:40.498 I/CommunicatorService(21068): called onStartCommand
12-19 19:31:40.498 I/CommunicatorService(21068): Handle start
12-19 19:31:40.508 I/LoggingOutputStream(21068): KIK_XML_SND:  <ping/>
12-19 19:31:40.538 I/CommunicatorService(21068): successful ping took 34
12-19 19:31:40.538 I/CommunicatorService(21068): Scheduling retry. num=1 reason: ping succeeded reset=false
12-19 19:31:40.538 I/CommunicatorService(21068): Jittered from 1000 to 1172
12-19 19:31:40.538 I/LoggingBufferedReader(21068): KIK_XML_RCV:  <pong/>
12-19 19:31:41.598 I/ClikWidgetUntouchable(21068): Notify seen!
12-19 19:31:41.718 I/CommunicatorService(21068): called onStartCommand
12-19 19:31:41.718 I/CommunicatorService(21068): Handle start
12-19 19:31:41.718 I/LoggingOutputStream(21068): KIK_XML_SND:  <ping/>
12-19 19:31:41.758 I/CommunicatorService(21068): successful ping took 36
12-19 19:31:41.758 I/CommunicatorService(21068): Scheduling retry. num=2 reason: ping succeeded reset=false
12-19 19:31:41.758 I/CommunicatorService(21068): Jittered from 2000 to 2278
12-19 19:31:41.758 I/LoggingBufferedReader(21068): KIK_XML_RCV:  <pong/>
12-19 19:31:44.038 I/CommunicatorService(21068): called onStartCommand
12-19 19:31:44.038 I/CommunicatorService(21068): Handle start
12-19 19:31:44.038 I/LoggingOutputStream(21068): KIK_XML_SND:  <ping/>
12-19 19:31:44.078 I/CommunicatorService(21068): successful ping took 37
12-19 19:31:44.078 I/CommunicatorService(21068): Scheduling retry. num=3 reason: ping succeeded reset=false
12-19 19:31:44.078 I/CommunicatorService(21068): Jittered from 4000 to 4434
12-19 19:31:44.078 I/LoggingBufferedReader(21068): KIK_XML_RCV:  <pong/>
12-19 19:31:44.118 D/audio_hw_primary(  184): select_devices: out_snd_device(2: speaker) in_snd_device(0: )
12-19 19:31:44.118 I/ActivityManager(  771): START u0 {act=KikFragmentActivity.install.action flg=0x20000 cmp=kik.android/.chat.fragment.KikFragmentActivity (has extras)} from pid 21068
12-19 19:31:44.298 D/dalvikvm(21068): GC_FOR_ALLOC freed 5014K, 17% free 33454K/39900K, paused 46ms, total 46ms
12-19 19:31:44.398 D/CardsWebLog(21068): Setting app cache path to: /data/data/kik.android/cache/appCache
12-19 19:31:44.398 D/CardsWebLog(21068): Cache mode LOAD_DEFAULT
12-19 19:31:44.398 I/WebViewFragment(21068): SWITCH_TIMING: Starting to load URL http://10.10.20.188:5000/
12-19 19:31:44.418 E/WebViewFragment(21068): WEBVIEW! Cannot update cover, nullity:true, false
12-19 19:31:44.418 D/KikCardBrowserFragment(21068): Binding fragment
12-19 19:31:44.438 W/AwContents(21068): nativeOnDraw failed; clearing to background color.
12-19 19:31:44.458 D/CardsWebLog(21068): URL maps to the same cannonical URL: http://10.10.20.188:5000/
12-19 19:31:44.508 W/CardsConsole(21068): Console.LOG: Document was loaded from Application Cache with manifest http://10.10.20.188:5000/cache.manifest (http://10.10.20.188:5000/:0)
12-19 19:31:44.508 W/CardsConsole(21068): Console.LOG: Application Cache Checking event (http://10.10.20.188:5000/:0)
12-19 19:31:44.538 W/CardsConsole(21068): Console.LOG: Application Cache NoUpdate event (http://10.10.20.188:5000/:0)
12-19 19:31:44.628 V/CardsWebPluginReg(21068): Success requesting plugin: Metrics
12-19 19:31:44.628 V/CardsWebPluginReg(21068): Success requesting plugin: Browser
12-19 19:31:44.688 D/dalvikvm(21068): GC_FOR_ALLOC freed 4231K, 20% free 32168K/39900K, paused 39ms, total 39ms
12-19 19:31:44.708 W/CardsWebPluginReg(21068): Plugin not found: Media
12-19 19:31:44.718 V/CardsWebPluginReg(21068): Success requesting plugin: Kik
12-19 19:31:44.718 V/CardsWebPluginReg(21068): Success requesting plugin: Profile
12-19 19:31:44.718 V/CardsWebPluginReg(21068): Success requesting plugin: UserData
12-19 19:31:44.718 V/CardsWebPluginReg(21068): Success requesting plugin: Auth
12-19 19:31:44.728 V/CardsWebPluginReg(21068): Success requesting plugin: Photo
12-19 19:31:44.728 W/CardsWebPluginReg(21068): Plugin not found: Keyboard
12-19 19:31:44.728 V/CardsWebPluginReg(21068): Success requesting plugin: Picker
12-19 19:31:44.728 V/CardsWebPluginReg(21068): Success requesting plugin: Push
12-19 19:31:44.798 D/Finsky  ( 6678): [300] InAppBillingUtils.getPreferredAccount: kik.android: Account from first account - [2pgUuwH6iPKeadz0XuVYR3HCQak]
12-19 19:31:44.798 V/CardsWebPluginReg(21068): Success requesting plugin: IAP
12-19 19:31:44.978 W/CardsConsole(21068): Console.LOG: //d33vud085sp3wg.cloudfront.net/0WdUM1_QkB2n6BSSF6r-c4_jqi8/thumb.jpg (http://10.10.20.188:5000/zerver/API.js:639)
12-19 19:31:44.978 W/CardsConsole(21068): Console.LOG: //d33vud085sp3wg.cloudfront.net/hnmsBpTlK58BG3iOK3G4Cd5Iqlw/thumb.jpg (http://10.10.20.188:5000/zerver/API.js:639)
12-19 19:31:45.138 I/ExtWebView(21068): SWITCH_TIMING: Webview thinks its finished
12-19 19:31:45.148 I/WebViewFragment(21068): SWITCH_TIMING: Jairaj think its finished
12-19 19:31:45.148 I/WebViewFragment(21068): SWITCH_TIMING: Taking snapshot
12-19 19:31:45.188 D/dalvikvm(21068): GC_FOR_ALLOC freed 1543K, 22% free 31291K/39900K, paused 43ms, total 43ms
12-19 19:31:45.198 I/dalvikvm-heap(21068): Grow heap (frag case) to 37.664MB for 7348336-byte allocation
12-19 19:31:45.258 D/dalvikvm(21068): GC_FOR_ALLOC freed 96K, 19% free 38371K/47080K, paused 52ms, total 52ms
12-19 19:31:45.298 D/dalvikvm(21068): GC_CONCURRENT freed 16K, 19% free 38355K/47080K, paused 3ms+2ms, total 41ms
12-19 19:31:45.338 D/dalvikvm(21068): GC_FOR_ALLOC freed <1K, 19% free 38355K/47080K, paused 38ms, total 38ms
12-19 19:31:45.348 I/dalvikvm-heap(21068): Grow heap (frag case) to 44.561MB for 7348336-byte allocation
12-19 19:31:45.388 D/dalvikvm(21068): GC_FOR_ALLOC freed 0K, 17% free 45531K/54260K, paused 43ms, total 43ms
12-19 19:31:45.398 I/WebViewFragment(21068): SWITCH_TIMING: Firing page ready
12-19 19:31:45.408 V/CardsWebPluginReg(21068): Firing event: loadData
12-19 19:31:45.408 V/CardsWebPluginReg(21068): Firing event: reveal
12-19 19:31:45.438 I/chromium(21068): [INFO:async_pixel_transfer_manager_android.cc(56)] Async pixel transfers not supported
12-19 19:31:45.438 D/dalvikvm(21068): GC_CONCURRENT freed 25K, 17% free 45545K/54260K, paused 3ms+3ms, total 46ms
12-19 19:31:45.458 I/chromium(21068): [INFO:async_pixel_transfer_manager_android.cc(56)] Async pixel transfers not supported
12-19 19:31:45.618 W/CardsWebGlue(21068): BAD: timed out waiting for poll, forcing javascript poll.
12-19 19:31:45.618 W/CardsWebGlue(21068): BAD: timed out waiting for poll, forcing javascript poll.
12-19 19:31:45.798 I/CommunicatorService(21068): Scheduling retry. num=1 reason: requested retry reset reset=true
12-19 19:31:45.808 I/CommunicatorService(21068): Jittered from 1000 to 1154
12-19 19:31:45.808 I/KikNetSock(21068): Net Debug--> Sending stanza: kik.core.net.outgoing.XDataUpdateRequest
12-19 19:31:45.818 I/LoggingOutputStream(21068): KIK_XML_SND:  <iq type="set" id="e2e86217-09b8-4e10-9038-afce57586819"><query xmlns="kik:iq:xdata"><record-set pk="enc_card_list"><record sk="aBiOdXx5Py_zmyol9m6KCbLe6Xk-u3xB0a09dctrIjg">CiA7kiVOuwipagTkiZFj_gjdOf0aGnwvdAcUTGMFY6FQGhIQ1CpzedcSZu0moY16hNiA-xrgAYyb-o5Xhv7atoR0LhkgfQbFdzepXV_m_vaDvCZhMwsQ76nVKbNxSUXixgacDjtRN8Ao6p4bSZi3spN2X5OclUU_1beARbCDX_E6QDFFkPBo-FuKn3csfjL8XOLLszv3nPzrx-2E4tmwAi3BcUhu3ASwAtv-RtIfQbbdrHnq35BxIkJMtJCCvgFO_Mcfz2cf0k0Nd3eOEPCPTCB4bqzut7nevVfRS5m2hnunhm8J3rnrQw1KvUjCmaKho1TD4LPwZ0TtnYqm0VpOMlCMazr_VVoH7N8CD-ZFJD9IudydhC0H</record></record-set></query></iq>
12-19 19:31:45.848 I/LoggingBufferedReader(21068): KIK_XML_RCV:  <ack id="e2e86217-09b8-4e10-9038-afce57586819"/>
12-19 19:31:45.878 I/LoggingBufferedReader(21068): KIK_XML_RCV:  <iq type="result" id="e2e86217-09b8-4e10-9038-afce57586819" to="christine_zvb@talk.kik.com/CANb8c760a61a894f4bb8b8a5317b1004b8"><query xmlns="kik:iq:xdata"/></iq>
12-19 19:31:45.878 I/XDataAppManagerStorage(21068): Card list updated
12-19 19:31:46.958 I/CommunicatorService(21068): called onStartCommand
12-19 19:31:46.958 I/CommunicatorService(21068): Handle start
12-19 19:31:46.958 I/LoggingOutputStream(21068): KIK_XML_SND:  <ping/>
12-19 19:31:46.998 I/CommunicatorService(21068): successful ping took 33
12-19 19:31:46.998 I/CommunicatorService(21068): Scheduling retry. num=2 reason: ping succeeded reset=false
12-19 19:31:46.998 I/CommunicatorService(21068): Jittered from 1000 to 1129
12-19 19:31:46.998 I/LoggingBufferedReader(21068): KIK_XML_RCV:  <pong/>
12-19 19:31:48.128 I/CommunicatorService(21068): called onStartCommand
12-19 19:31:48.128 I/CommunicatorService(21068): Handle start
12-19 19:31:48.128 I/LoggingOutputStream(21068): KIK_XML_SND:  <ping/>
12-19 19:31:48.158 I/CommunicatorService(21068): successful ping took 36
12-19 19:31:48.158 I/CommunicatorService(21068): Scheduling retry. num=3 reason: ping succeeded reset=false
12-19 19:31:48.158 I/CommunicatorService(21068): Jittered from 2000 to 2345
12-19 19:31:48.168 I/LoggingBufferedReader(21068): KIK_XML_RCV:  <pong/>
12-19 19:31:48.758 D/dalvikvm(21068): GC_FOR_ALLOC freed 14871K, 21% free 31697K/39900K, paused 39ms, total 39ms
12-19 19:31:48.758 I/dalvikvm-heap(21068): Grow heap (frag case) to 32.682MB for 1709396-byte allocation
12-19 19:31:48.798 D/dalvikvm(21068): GC_FOR_ALLOC freed 3K, 20% free 33363K/41572K, paused 42ms, total 42ms
12-19 19:31:48.848 D/dalvikvm(21068): GC_FOR_ALLOC freed 6K, 20% free 33357K/41572K, paused 33ms, total 33ms
12-19 19:31:48.848 I/dalvikvm-heap(21068): Grow heap (frag case) to 34.302MB for 1708328-byte allocation
12-19 19:31:48.878 D/dalvikvm(21068): GC_FOR_ALLOC freed <1K, 20% free 35026K/43244K, paused 35ms, total 35ms
12-19 19:31:48.918 D/dalvikvm(21068): GC_FOR_ALLOC freed 0K, 20% free 35026K/43244K, paused 34ms, total 34ms
12-19 19:31:48.918 I/dalvikvm-heap(21068): Grow heap (frag case) to 36.746MB for 2562488-byte allocation
12-19 19:31:48.958 D/dalvikvm(21068): GC_FOR_ALLOC freed 1668K, 22% free 35860K/45748K, paused 36ms, total 36ms
12-19 19:31:48.988 D/dalvikvm(21068): GC_FOR_ALLOC freed 0K, 22% free 35860K/45748K, paused 34ms, total 34ms
12-19 19:31:48.988 I/dalvikvm-heap(21068): Grow heap (frag case) to 36.747MB for 1709254-byte allocation
12-19 19:31:49.028 D/dalvikvm(21068): GC_FOR_ALLOC freed <1K, 21% free 37529K/47420K, paused 36ms, total 36ms
12-19 19:31:49.038 I/ActivityManager(  771): START u0 {act=KikFragmentActivity.install.action flg=0x20000 cmp=kik.android/.chat.fragment.KikFragmentActivity (has extras)} from pid 21068
12-19 19:31:49.078 I/WebViewFragment(21068): WEBVIEW
12-19 19:31:49.078 V/CardsWebPluginReg(21068): Firing event: pause
12-19 19:31:49.168 D/dalvikvm(21068): GC_FOR_ALLOC freed 6387K, 22% free 34054K/43240K, paused 37ms, total 37ms
12-19 19:31:49.248 D/dalvikvm(21068): GC_FOR_ALLOC freed 1662K, 20% free 34908K/43240K, paused 34ms, total 34ms
12-19 19:31:49.298 D/dalvikvm(21068): GC_FOR_ALLOC freed 1999K, 21% free 34276K/43240K, paused 35ms, total 35ms
12-19 19:31:49.298 W/CardsWebGlue(21068): BAD: timed out waiting for poll, forcing javascript poll.
12-19 19:31:49.948 I/ActivityManager(  771): START u0 {act=KikFragmentActivity.install.action flg=0x20000 cmp=kik.android/.chat.fragment.KikFragmentActivity (has extras)} from pid 21068
12-19 19:31:49.958 D/audio_hw_primary(  184): select_devices: out_snd_device(2: speaker) in_snd_device(0: )
12-19 19:31:49.968 I/WebViewFragment(21068): Fragment removed from the back stack revealing web view
12-19 19:31:49.968 V/CardsWebPluginReg(21068): Firing event: unpause
12-19 19:31:49.988 I/CommunicatorService(21068): Scheduling retry. num=1 reason: requested retry reset reset=true
12-19 19:31:49.988 I/CommunicatorService(21068): Jittered from 1000 to 1151
12-19 19:31:49.988 I/KikNetSock(21068): Net Debug--> Sending stanza: kik.core.net.outgoing.XDataUpdateRequest
12-19 19:31:50.008 I/LoggingOutputStream(21068): KIK_XML_SND:  <iq type="set" id="a74d3976-205d-471f-86a3-ddf0400e5ff4"><query xmlns="kik:iq:xdata"><record-set pk="enc_card_list"><record sk="aBiOdXx5Py_zmyol9m6KCbLe6Xk-u3xB0a09dctrIjg">CiA7kiVOuwipagTkiZFj_gjdOf0aGnwvdAcUTGMFY6FQGhIQDf471zfWzvEjR1rj5P_FQxrgAcBmKYBZADzEzNKJw_tzl04_lBDsWO9QYgWzjGPk2Uqq-bC9ppS84ikWncbZ0b9Kgzi1CMDYk4M5hP9c0nJrajuKHeWhsGdbKVqeePHbtda4AYnn_L8VlJO_xflrIvPswrMgbx_m70DSaoWIowbKDA7DKy25UprVP_d4TG5okxo507AxW8EKn3GZWk3Q8n9gpoTLKQCSqEa80AeGktBpJ7PivFzF1rVWq6iLU6rM2vnrkmZidJFzC7KQEaC_VxbBiVNHLMiXLqKEAWA3x8uKgdbd8LGEbZdw1ZzrJUZ3mf5L</record></record-set></query></iq>
12-19 19:31:50.048 I/LoggingBufferedReader(21068): KIK_XML_RCV:  <ack id="a74d3976-205d-471f-86a3-ddf0400e5ff4"/>
12-19 19:31:50.078 I/WebViewFragment(21068): WEBVIEW
12-19 19:31:50.078 V/CardsWebPluginReg(21068): Firing event: pause
12-19 19:31:50.078 I/LatinIME:LogUtils(10325): Dictionary info: dictionary = contacts.en_GB.dict ; version = ? ; date = ?
12-19 19:31:50.178 W/CardsWebGlue(21068): BAD: timed out waiting for poll, forcing javascript poll.
12-19 19:31:50.208 I/LoggingBufferedReader(21068): KIK_XML_RCV:  <iq type="result" id="a74d3976-205d-471f-86a3-ddf0400e5ff4" to="christine_zvb@talk.kik.com/CANb8c760a61a894f4bb8b8a5317b1004b8"><query xmlns="kik:iq:xdata"/></iq>
12-19 19:31:50.208 I/XDataAppManagerStorage(21068): Card list updated
12-19 19:31:50.978 I/CommunicatorService(21068): Scheduling retry. num=1 reason: requested retry reset reset=true
12-19 19:31:50.978 I/CommunicatorService(21068): Jittered from 1000 to 1239
12-19 19:31:50.978 I/KikNetSock(21068): Net Debug--> Sending stanza: kik.core.net.outgoing.OutgoingMessageStanza
12-19 19:31:51.418 D/dalvikvm(21068): GC_CONCURRENT freed 7874K, 20% free 32288K/40356K, paused 2ms+3ms, total 55ms
12-19 19:31:51.418 D/dalvikvm(21068): WAIT_FOR_CONCURRENT_GC blocked 37ms
12-19 19:31:51.418 D/dalvikvm(21068): WAIT_FOR_CONCURRENT_GC blocked 21ms
12-19 19:31:51.608 I/LoggingOutputStream(21068): KIK_XML_SND:  <message type="groupchat" xmlns="kik:groups" to="1099608071067_g@groups.kik.com" id="d6d85b9e-df6c-4c16-9ec2-83849d8b4e44" cts="1387499511899"><kik push="true" qos="true" timestamp="1387499511899" /><request xmlns="kik:message:receipt" r="true" d="true" /><content id="90ed6810-0712-404b-952b-5d1e3056f237" app-id="com.kik.cards" v="2"><strings><text>You ain't a match</text><app-name>Love Calculator</app-name><title>yo</title><card-icon>http://10.10.20.188:5000/img/icon2.png</card-icon><layout>photo</layout><allow-forward>true</allow-forward></strings><extras><item><key>linkData</key><val>%7B%22user1%22%3A%5B%22Ted%20Livingston%22%2C%22%2F%2Fd33vud085sp3wg.cloudfront.net%2F0WdUM1_QkB2n6BSSF6r-c4_jqi8%2Fthumb.jpg%22%2C%22ted%22%5D%2C%22user2%22%3A%5B%22Vick%20Yao%22%2C%22%2F%2Fd33vud085sp3wg.cloudfront.net%2FhnmsBpTlK58BG3iOK3G4Cd5Iqlw%2Fthumb.jpg%22%2C%22vickyao%22%5D%7D</val></item><item><key>sender</key><val>ffc1230b-ee58-43c6-8dff-6c41239db5d5</val></item><item><key>messageID</key><val>e4114ef8-e8a4-47d8-bef9-e3859db760cf</val></item></extras><images><icon>/9j/4AAQSkZJRgABAQAAAQABAAD/2wBDAAEBAQEBAQEBAQEBAQEBAQEBAQEBAQEBAQEBAQEBAQEBAQEBAQEBAQEBAQEBAQEBAQEBAQEBAQEBAQEBAQEBAQH/2wBDAQEBAQEBAQEBAQEBAQEBAQEBAQEBAQEBAQEBAQEBAQEBAQEBAQEBAQEBAQEBAQEBAQEBAQEBAQEBAQEBAQEBAQH/wAARCACgAQADASIAAhEBAxEB/8QAHwAAAQUBAQEBAQEAAAAAAAAAAAECAwQFBgcICQoL/8QAtRAAAgEDAwIEAwUFBAQAAAF9AQIDAAQRBRIhMUEGE1FhByJxFDKBkaEII0KxwRVS0fAkM2JyggkKFhcYGRolJicoKSo0NTY3ODk6Q0RFRkdISUpTVFVWV1hZWmNkZWZnaGlqc3R1dnd4eXqDhIWGh4iJipKTlJWWl5iZmqKjpKWmp6ipqrKztLW2t7i5usLDxMXGx8jJytLT1NXW19jZ2uHi4+Tl5ufo6erx8vP09fb3+Pn6/8QAHwEAAwEBAQEBAQEBAQAAAAAAAAECAwQFBgcICQoL/8QAtREAAgECBAQDBAcFBAQAAQJ3AAECAxEEBSExBhJBUQdhcRMiMoEIFEKRobHBCSMzUvAVYnLRChYkNOEl8RcYGRomJygpKjU2Nzg5OkNERUZHSElKU1RVVldYWVpjZGVmZ2hpanN0dXZ3eHl6goOEhYaHiImKkpOUlZaXmJmaoqOkpaanqKmqsrO0tba3uLm6wsPExcbHyMnK0tPU1dbX2Nna4uPk5ebn6Onq8vP09fb3+Pn6/9oADAMBAAIRAxEAPwD4Hooor+Lz/pgCiiigAooooAKKKKACiiigAooooAKKKKACiiigAooooAKKKKACiiigAooooAKKKKACiiigAooooAKKKKACiiigAooooAKKKKACiiigAooooAKKKKACiiigAooooAKKKKACiiigAooooAKKKKACiiigAooooAKKKKACiiigAooooAKKKKACiiigAooooAKKKKACiivdP2fP2bPjT+1L49tvhz8E/BV/4s12RUm1C4Tba6HoGntII21XxHrU4Flo9ghziW5kEs7gw2cE9yViOtChWxNWnQw9KpXrVZKFKlShKdSpNtpRhCKcpN22SbtZttO74czzPLcly/GZtm+PwmWZbgKE8Tjswx+JpYXB4TD00+etiMRXnClSpx5dZTmldpXcmr+F0V/UT8HP+DdvRW0q1vP2gfj/AKyuqypG91oPwn0jTbe1tGZQXgXxJ4r07UmuniOU81fD0cb8OqgZWvdtS/4N4/2RpbSRNH+Mn7Q9jelWEVxqWs/DDVLRHwdrSWdr8LNGllUHBZFvoiRkCRT81fa0fDji2tSVV4GjRurqnWxmHjVtrvFTkovT4ZyTV1dXTP5izH6aP0fMvx1TBR4nzPMFSm6c8bl3Dub1sDdS5ZOnWq0KE60Fa6qUKVSnOOtOc1Zy/kAor9xv2r/+CGP7QvwQ0TVfG/wW8QWvx48JaVFPd3+j2GmvovxFsNPhV3kuo9AM13aeIFijQvNFo162oBcmHTZVDMPw+ngntZ5ra5hlt7i3lkguLeeN4p4J4naOWGaKQK8UsToySRuA6OrI4DK2fl8zyfM8mr/V8zwdXC1Grw50pU6sU2nKlVhKVOqlZc3JOTi5JSSalb904E8SOBfE3Kp5xwNxJgM+wlGUKeKjh5VKWNwNWak4Uswy7FU6ONwNSajJ01iaFNVYqUqMpwTmRUVLBBPdTw2trDLc3FxLHBb28EbyzzzyuI4YYYow0kssshCRxoGd3IRQzHn9w/2T/wDghh+0L8btF0vxv8avEFr8B/CWqRQXdho19pr6z8Rr+wmXfHcy6AJrW08PrLHtkhi1i9Go7WBm02JSCXlWTZpndd4fK8HVxVSKTqOCUadKLbipVa1SUaVNNrTnmm9oqUk0LjrxJ4F8M8qjnHHPEmAyHCVZThhY4iVSrjcdVgk50svy7CwrY3HTguV1FhqFRUozhKtKEHzP8N6K/r/03/g3j/ZGitI01j4x/tD316FAluNN1r4YaXaO+PmaOzuvhXrMsSk8hGvpSo4Lsfmrwj4x/wDBu3oq6Vd3n7P/AMf9ZbVokke00D4r6Rps9reMquUgbxJ4U0/TjavKwRfObw9JGm4uyEAqPp63hxxbSpOqsDRq8qu6dHGYeVW2u0XOKk9PhjJt6WTb1/Dcu+mj9HzMMdDBS4nzLL1UmqcMbmPDub0cDdvli51qVCvOjB7upXpU6cFrUnFan8u9Fe5/tA/s2/Gn9lzx7dfDn42eCr/wnrsStPYTybbrQ9f08OyLqnhzWrcNZavYOVGZbeQywOywXkEFyHhHhlfFVqFbD1alDEUqlGtSk4VaVWEqdSnNcycZwmlKL916NX23umf05lmZ5bnWX4TNsnx+EzPLcdRhiMFmGAxNHFYPFYeom4VsPiKE6lKrTklpKEmr3TfMm2UUUVkdwUUUUAFFFFABRRRQAUUUUAFFFFABRRRQAUUUUAFFFFABRRRQBt+GfDuseMPEeg+E/D1nJqGueJNY0zQtHsYgTJd6pqt7FYWNuuA2DLcSxoWIIUMGbKhjX+gj+w3+yH4G/Yy+Anhj4Z+HLG0l8U3dlZav8SvFawRrqHinxlcWyNqM81zsEzaZpsu+w0SzZvLtNPjiYKLia6kf+OH/AIJO+FNP8Z/8FFf2YdF1OKOe1g8VeJfEnlSqHja68G/Drxr4y0/crAhtt9oEDAEEEhc9Mn++Kv2zwmyrDvD5lnU4RnXjiFl+HlJJujGNKlXryhf4ZVfbU4uXxKMZRTtKbf8AmH+0C49zanmvB/hnhcTVw+VVMo/1uzejTnKMMyxFfM8yyvKaeJSkvaUsveV46vTpSTpyr4mnWlF1KFGSKKKK/ZD/ADbCv53P+CvH/BLO0+JGla/+1L+zj4Zjg+IWlQTan8
12-19 19:31:51.718 I/MetricsTracker(21068): Flushing client metrics
12-19 19:31:51.718 I/LoggingBufferedReader(21068): KIK_XML_RCV:  <ack id="d6d85b9e-df6c-4c16-9ec2-83849d8b4e44"/>
12-19 19:31:51.718 I/AndroidLoggerFactory(21068): Logger name 'com.kik.clientmetrics.MetricsFileCleanupTask' exceeds maximum length of 23 characters, using 'c*.k*.c*.MetricsFileCl*' instead.
12-19 19:31:51.728 V/c*.k*.c*.MetricsFileCl*(21068): Not deleting 1 files
12-19 19:31:51.728 I/AndroidLoggerFactory(21068): Logger name 'com.kik.clientmetrics.MetricsUploadTask' exceeds maximum length of 23 characters, using 'c*.k*.c*.MetricsUpload*' instead.
12-19 19:31:52.008 I/c*.k*.c*.MetricsUpload*(21068): Successfully uploaded
12-19 19:31:52.228 I/CommunicatorService(21068): called onStartCommand
12-19 19:31:52.228 I/CommunicatorService(21068): Handle start
12-19 19:31:52.228 I/LoggingOutputStream(21068): KIK_XML_SND:  <ping/>
12-19 19:31:52.258 I/CommunicatorService(21068): successful ping took 32
12-19 19:31:52.258 I/CommunicatorService(21068): Scheduling retry. num=2 reason: ping succeeded reset=false
12-19 19:31:52.258 I/CommunicatorService(21068): Jittered from 1000 to 1105
12-19 19:31:52.258 I/LoggingBufferedReader(21068): KIK_XML_RCV:  <pong/>
12-19 19:31:53.368 I/CommunicatorService(21068): called onStartCommand
12-19 19:31:53.368 I/CommunicatorService(21068): Handle start
12-19 19:31:53.368 I/LoggingOutputStream(21068): KIK_XML_SND:  <ping/>
12-19 19:31:53.398 I/CommunicatorService(21068): successful ping took 34
12-19 19:31:53.398 I/CommunicatorService(21068): Scheduling retry. num=3 reason: ping succeeded reset=false
12-19 19:31:53.398 I/CommunicatorService(21068): Jittered from 2000 to 2069
12-19 19:31:53.398 I/LoggingBufferedReader(21068): KIK_XML_RCV:  <pong/>
12-19 19:31:55.468 I/CommunicatorService(21068): called onStartCommand
12-19 19:31:55.468 I/CommunicatorService(21068): Handle start
12-19 19:31:55.478 I/LoggingOutputStream(21068): KIK_XML_SND:  <ping/>
12-19 19:31:55.518 I/CommunicatorService(21068): successful ping took 43
12-19 19:31:55.518 I/CommunicatorService(21068): Scheduling retry. num=4 reason: ping succeeded reset=false
12-19 19:31:55.518 I/CommunicatorService(21068): Jittered from 4000 to 4599
12-19 19:31:55.528 I/LoggingBufferedReader(21068): KIK_XML_RCV:  <pong/>
12-19 19:31:57.798 W/CardsConsole(21068): Console.LOG: Application Cache Checking event (http://10.10.20.188:5000/:0)
12-19 19:31:57.828 W/CardsConsole(21068): Console.LOG: Application Cache Downloading event (http://10.10.20.188:5000/:0)
12-19 19:31:57.878 W/CardsConsole(21068): Console.LOG: Application Cache Progress event (0 of 26) http://10.10.20.188:5000/js/main.js (http://10.10.20.188:5000/:0)
12-19 19:31:57.898 W/CardsConsole(21068): Console.LOG: Application Cache Progress event (1 of 26) http://cdn.kik.com/cards/0/cards.js (http://10.10.20.188:5000/:0)
12-19 19:31:57.898 W/CardsConsole(21068): Console.LOG: Application Cache Progress event (2 of 26) http://10.10.20.188:5000/ (http://10.10.20.188:5000/:0)
12-19 19:31:57.908 W/CardsConsole(21068): Console.LOG: Application Cache Progress event (3 of 26) http://10.10.20.188:5000/img/icon2.png (http://10.10.20.188:5000/:0)
12-19 19:31:57.918 W/CardsConsole(21068): Console.LOG: Application Cache Progress event (4 of 26) http://10.10.20.188:5000/img/noprofile.png (http://10.10.20.188:5000/:0)
12-19 19:31:57.938 W/CardsConsole(21068): Console.LOG: Application Cache Progress event (5 of 26) http://10.10.20.188:5000/img/kik-button-small.png (http://10.10.20.188:5000/:0)
12-19 19:31:57.948 W/CardsConsole(21068): Console.LOG: Application Cache Progress event (6 of 26) http://10.10.20.188:5000/js/Friends.js (http://10.10.20.188:5000/:0)
12-19 19:31:57.968 W/CardsConsole(21068): Console.LOG: Application Cache Progress event (7 of 26) http://10.10.20.188:5000/img/kik.png (http://10.10.20.188:5000/:0)
12-19 19:31:57.978 W/CardsConsole(21068): Console.LOG: Application Cache Progress event (8 of 26) http://10.10.20.188:5000/img/friends.png (http://10.10.20.188:5000/:0)
12-19 19:31:57.998 W/CardsConsole(21068): Console.LOG: Application Cache Progress event (9 of 26) http://10.10.20.188:5000/js/seedrandom-min.js (http://10.10.20.188:5000/:0)
12-19 19:31:58.018 W/CardsConsole(21068): Console.LOG: Application Cache Progress event (10 of 26) http://10.10.20.188:5000/js/People.js (http://10.10.20.188:5000/:0)
12-19 19:31:58.038 W/CardsConsole(21068): Console.LOG: Application Cache Progress event (11 of 26) http://cdn.kik.com/app/1/app.js (http://10.10.20.188:5000/:0)
12-19 19:31:58.088 W/CardsConsole(21068): Console.LOG: Application Cache Progress event (12 of 26) http://10.10.20.188:5000/img/heart3.png (http://10.10.20.188:5000/:0)
12-19 19:31:58.088 W/CardsConsole(21068): Console.LOG: Application Cache Progress event (13 of 26) http://cdn.kik.com/app/1/default.css (http://10.10.20.188:5000/:0)
12-19 19:31:58.128 W/CardsConsole(21068): Console.LOG: Application Cache Progress event (14 of 26) http://10.10.20.188:5000/img/whiteplus.png (http://10.10.20.188:5000/:0)
12-19 19:31:58.138 W/CardsConsole(21068): Console.LOG: Application Cache Progress event (15 of 26) http://10.10.20.188:5000/img/boyfriend.png (http://10.10.20.188:5000/:0)
12-19 19:31:58.158 W/CardsConsole(21068): Console.LOG: Application Cache Progress event (16 of 26) http://10.10.20.188:5000/css/styles.css (http://10.10.20.188:5000/:0)
12-19 19:31:58.178 W/CardsConsole(21068): Console.LOG: Application Cache Progress event (17 of 26) http://10.10.20.188:5000/img/whiteheart.png (http://10.10.20.188:5000/:0)
12-19 19:31:58.178 W/CardsConsole(21068): Console.LOG: Application Cache Progress event (18 of 26) http://10.10.20.188:5000/js/home.js (http://10.10.20.188:5000/:0)
12-19 19:31:58.218 W/CardsConsole(21068): Console.LOG: Application Cache Progress event (19 of 26) http://10.10.20.188:5000/js/toDataURLCustom.js (http://10.10.20.188:5000/:0)
12-19 19:31:58.228 W/CardsConsole(21068): Console.LOG: Application Cache Progress event (20 of 26) http://10.10.20.188:5000/zerver/API.js (http://10.10.20.188:5000/:0)
12-19 19:31:58.248 W/CardsConsole(21068): Console.LOG: Application Cache Progress event (21 of 26) http://10.10.20.188:5000/js/signup.js (http://10.10.20.188:5000/:0)
12-19 19:31:58.298 W/CardsConsole(21068): Console.LOG: Application Cache Progress event (22 of 26) http://zeptojs.com/zepto.min.js (http://10.10.20.188:5000/:0)
12-19 19:31:58.328 W/CardsConsole(21068): Console.LOG: Application Cache Progress event (23 of 26) http://10.10.20.188:5000/js/You.js (http://10.10.20.188:5000/:0)
12-19 19:31:58.348 W/CardsConsole(21068): Console.LOG: Application Cache Progress event (24 of 26) http://10.10.20.188:5000/js/Calc.js (http://10.10.20.188:5000/:0)
12-19 19:31:58.358 W/CardsConsole(21068): Console.LOG: Application Cache Progress event (25 of 26) http://10.10.20.188:5000/img/whitedouble.png (http://10.10.20.188:5000/:0)
12-19 19:31:58.498 W/CardsConsole(21068): Console.LOG: Application Cache Progress event (26 of 26)  (http://10.10.20.188:5000/:0)
12-19 19:31:58.498 W/CardsConsole(21068): Console.LOG: Application Cache UpdateReady event (http://10.10.20.188:5000/:0)
12-19 19:31:58.518 W/CardsConsole(21068): Console.ERROR: Uncaught Error: bridge call Browser.refresh did not complete successfully, 405 (http://cdn.kik.com/cards/0/cards.js:12)
12-19 19:32:00.118 I/CommunicatorService(21068): called onStartCommand
12-19 19:32:00.118 I/CommunicatorService(21068): Handle start
12-19 19:32:00.148 I/LoggingOutputStream(21068): KIK_XML_SND:  <ping/>
12-19 19:32:00.178 I/CommunicatorService(21068): successful ping took 43
12-19 19:32:00.178 I/CommunicatorService(21068): Scheduling retry. num=5 reason: ping succeeded reset=false
12-19 19:32:00.188 I/CommunicatorService(21068): Jittered from 8000 to 8534
12-19 19:32:00.188 I/LoggingBufferedReader(21068): KIK_XML_RCV:  <pong/>
12-19 19:32:08.728 I/CommunicatorService(21068): called onStartCommand
12-19 19:32:08.728 I/CommunicatorService(21068): Handle start
12-19 19:32:08.728 I/LoggingOutputStream(21068): KIK_XML_SND:  <ping/>
12-19 19:32:09.028 I/CommunicatorService(21068): successful ping took 302
12-19 19:32:09.028 I/CommunicatorService(21068): Scheduling retry. num=6 reason: ping succeeded reset=false
12-19 19:32:09.038 I/CommunicatorService(21068): Jittered from 16000 to 17542
12-19 19:32:09.048 I/LoggingBufferedReader(21068): KIK_XML_RCV:  <pong/>
12-19 19:32:20.748 I/LoggingBufferedReader(21068): KIK_XML_RCV:  <message xmlns="kik:groups" from="steph_ro9@talk.kik.com/CANc3416d6a75c74b23927a45e668fc70cc" type="groupchat" id="01fa1139-3d32-415c-aa65-ccff920c5e48" to="christine_zvb@talk.kik.com"><kik push="false" timestamp="1387499540216" app="chat" hop="true" qos="false"/><is-typing val="true"/><g jid="1099568289577_g@groups.kik.com"/></message>
12-19 19:32:22.698 I/LoggingBufferedReader(21068): KIK_XML_RCV:  <message xmlns="kik:groups" from="steph_ro9@talk.kik.com/CANc3416d6a75c74b23927a45e668fc70cc" type="groupchat" id="7444b674-d8b5-498a-b460-af78590b4ec1" to="christine_zvb@talk.kik.com"><kik push="false" timestamp="1387499541538" app="chat" hop="true" qos="false"/><is-typing val="false"/><g jid="1099568289577_g@groups.kik.com"/></message>
12-19 19:32:25.228 E/qcom_sensors_hal(  771): hal_process_report_ind: Bad item quality: 11 
12-19 19:32:26.338 I/KikNetSock(21068): Net Debug--> Sending stanza: kik.core.net.outgoing.QosRequest
12-19 19:32:26.348 I/CommunicatorService(21068): Scheduling retry. num=1 reason: requested retry reset reset=true
12-19 19:32:26.348 I/CommunicatorService(21068): Jittered from 1000 to 1056
12-19 19:32:26.378 I/LoggingOutputStream(21068): KIK_XML_SND:  <iq type="set" id="9bb2f191-0fc0-4713-bfaf-9caee78d19ca" cts="1387499547252"><query xmlns="kik:iq:QoS"><msg-acks><sender jid="steph_ro9@talk.kik.com" g="1099568289577_g@groups.kik.com"><ack-id receipt="true">711a09aa-0965-4aa5-9911-a7b8e0bc8266</ack-id></sender></msg-acks><history attach="false" /></query></iq>
12-19 19:32:26.408 I/LoggingBufferedReader(21068): KIK_XML_RCV:  <message type="groupchat" to="christine_zvb@talk.kik.com" xmlns="kik:groups" from="steph_ro9@talk.kik.com/CANc3416d6a75c74b23927a45e668fc70cc" cts="1387499546075" id="711a09aa-0965-4aa5-9911-a7b8e0bc8266"><body>Ok</body><kik push="true" timestamp="1387499546075" app="chat" hop="true" qos="true"/><request r="true" xmlns="kik:message:receipt" d="true"/><g jid="1099568289577_g@groups.kik.com"/></message>
12-19 19:32:26.518 I/MediaFocusControl(  771):  AudioFocus  requestAudioFocus() from android.media.AudioManager@43f865c8
12-19 19:32:26.518 I/LoggingBufferedReader(21068): KIK_XML_RCV:  <ack id="9bb2f191-0fc0-4713-bfaf-9caee78d19ca"/>
12-19 19:32:26.528 D/audio_hw_primary(  184): select_devices: out_snd_device(2: speaker) in_snd_device(0: )
12-19 19:32:26.528 E/MediaPlayer(  998): Should have subtitle controller already set
12-19 19:32:26.528 E/AudioSink(  184): received unknown event type: 1 inside CallbackWrapper !
12-19 19:32:26.678 I/LoggingBufferedReader(21068): KIK_XML_RCV:  <iq type="result" id="9bb2f191-0fc0-4713-bfaf-9caee78d19ca" to="christine_zvb@talk.kik.com/CANb8c760a61a894f4bb8b8a5317b1004b8"><query xmlns="kik:iq:QoS"/></iq>
12-19 19:32:27.218 I/LoggingBufferedReader(21068): KIK_XML_RCV:  <message xmlns="kik:groups" from="steph_ro9@talk.kik.com/CANc3416d6a75c74b23927a45e668fc70cc" type="groupchat" id="725c4240-5a6f-4913-8aa0-ae60b113710c" to="christine_zvb@talk.kik.com"><kik push="false" timestamp="1387499546684" app="chat" hop="true" qos="false"/><is-typing val="true"/><g jid="1099568289577_g@groups.kik.com"/></message>
12-19 19:32:27.408 I/CommunicatorService(21068): called onStartCommand
12-19 19:32:27.408 I/CommunicatorService(21068): Handle start
12-19 19:32:27.418 I/LoggingOutputStream(21068): KIK_XML_SND:  <ping/>
12-19 19:32:27.498 I/MediaFocusControl(  771):  AudioFocus  abandonAudioFocus() from android.media.AudioManager@43f865c8
12-19 19:32:27.578 I/CommunicatorService(21068): successful ping took 160
12-19 19:32:27.578 I/CommunicatorService(21068): Scheduling retry. num=2 reason: ping succeeded reset=false
12-19 19:32:27.588 I/CommunicatorService(21068): Jittered from 1000 to 1164
12-19 19:32:27.588 I/LoggingBufferedReader(21068): KIK_XML_RCV:  <pong/>
12-19 19:32:28.628 D/dalvikvm( 6258): GC_CONCURRENT freed 461K, 19% free 18166K/22396K, paused 3ms+1ms, total 26ms
12-19 19:32:28.628 D/dalvikvm( 6258): WAIT_FOR_CONCURRENT_GC blocked 9ms
12-19 19:32:28.638 D/dalvikvm( 6258): WAIT_FOR_CONCURRENT_GC blocked 11ms
12-19 19:32:28.728 I/GCoreUlr( 6258): Successfully inserted location
12-19 19:32:28.728 I/GCoreUlr( 6258): Not calling LocationReportingService, hasMoved: false, elapsed millis: 2603631, request: Phone
12-19 19:32:28.748 I/CommunicatorService(21068): called onStartCommand
12-19 19:32:28.748 I/CommunicatorService(21068): Handle start
12-19 19:32:28.758 I/LoggingOutputStream(21068): KIK_XML_SND:  <ping/>
12-19 19:32:28.788 I/CommunicatorService(21068): successful ping took 33
12-19 19:32:28.788 I/CommunicatorService(21068): Scheduling retry. num=3 reason: ping succeeded reset=false
12-19 19:32:28.788 I/CommunicatorService(21068): Jittered from 2000 to 2128
12-19 19:32:28.788 I/LoggingBufferedReader(21068): KIK_XML_RCV:  <pong/>
12-19 19:32:28.978 D/dalvikvm( 6258): GC_CONCURRENT freed 424K, 19% free 18253K/22396K, paused 2ms+1ms, total 23ms
12-19 19:32:28.978 D/dalvikvm( 6258): WAIT_FOR_CONCURRENT_GC blocked 12ms
12-19 19:32:28.978 D/dalvikvm( 6258): WAIT_FOR_CONCURRENT_GC blocked 11ms
12-19 19:32:30.918 I/CommunicatorService(21068): called onStartCommand
12-19 19:32:30.918 I/CommunicatorService(21068): Handle start
12-19 19:32:30.928 I/LoggingOutputStream(21068): KIK_XML_SND:  <ping/>
12-19 19:32:30.928 I/dalvikvm(21068): Jit: resizing JitTable from 8192 to 16384
12-19 19:32:30.958 I/CommunicatorService(21068): successful ping took 36
12-19 19:32:30.958 I/CommunicatorService(21068): Scheduling retry. num=4 reason: ping succeeded reset=false
12-19 19:32:30.968 I/CommunicatorService(21068): Jittered from 4000 to 4423
12-19 19:32:30.968 I/LoggingBufferedReader(21068): KIK_XML_RCV:  <pong/>
12-19 19:32:31.298 I/LoggingBufferedReader(21068): KIK_XML_RCV:  <message xmlns="kik:groups" from="steph_ro9@talk.kik.com/CANc3416d6a75c74b23927a45e668fc70cc" type="groupchat" id="7e1d1d6f-9032-45b6-97b6-762709a175fd" to="christine_zvb@talk.kik.com"><kik push="false" timestamp="1387499550904" app="chat" hop="true" qos="false"/><is-typing val="true"/><g jid="1099568289577_g@groups.kik.com"/></message>
12-19 19:32:32.838 I/KikNetSock(21068): Net Debug--> Sending stanza: kik.core.net.outgoing.QosRequest
12-19 19:32:32.848 I/CommunicatorService(21068): Scheduling retry. num=1 reason: requested retry reset reset=true
12-19 19:32:32.858 I/CommunicatorService(21068): Jittered from 1000 to 1009
12-19 19:32:32.878 I/LoggingOutputStream(21068): KIK_XML_SND:  <iq type="set" id="e0b33a40-46c7-4043-a6a9-067005353e2e" cts="1387499553755"><query xmlns="kik:iq:QoS"><msg-acks><sender jid="steph_ro9@talk.kik.com" g="1099568289577_g@groups.kik.com"><ack-id receipt="true">f876f747-424d-48ed-840f-22f95eea7445</ack-id></sender></msg-acks><history attach="false" /></query></iq>
12-19 19:32:32.898 I/LoggingBufferedReader(21068): KIK_XML_RCV:  <message type="groupchat" to="christine_zvb@talk.kik.com" xmlns="kik:groups" from="steph_ro9@talk.kik.com/CANc3416d6a75c74b23927a45e668fc70cc" cts="1387499551261" id="f876f747-424d-48ed-840f-22f95eea7445"><body>Be home then?</body><kik push="true" timestamp="1387499551261" app="chat" hop="true" qos="true"/><request r="true" xmlns="kik:message:receipt" d="true"/><g jid="1099568289577_g@groups.kik.com"/></message>
12-19 19:32:32.908 I/LoggingBufferedReader(21068): KIK_XML_RCV:  <ack id="e0b33a40-46c7-4043-a6a9-067005353e2e"/>
12-19 19:32:32.938 I/LoggingBufferedReader(21068): KIK_XML_RCV:  <iq type="result" id="e0b33a40-46c7-4043-a6a9-067005353e2e" to="christine_zvb@talk.kik.com/CANb8c760a61a894f4bb8b8a5317b1004b8"><query xmlns="kik:iq:QoS"/></iq>
12-19 19:32:33.008 I/MediaFocusControl(  771):  AudioFocus  requestAudioFocus() from android.media.AudioManager@43ef3d18
12-19 19:32:33.008 E/MediaPlayer(  998): Should have subtitle controller already set
12-19 19:32:33.018 D/audio_hw_primary(  184): select_devices: out_snd_device(2: speaker) in_snd_device(0: )
