12-19 19:32:33.878 I/CommunicatorService(21068): called onStartCommand
12-19 19:32:33.878 I/CommunicatorService(21068): Handle start
12-19 19:32:33.898 I/LoggingOutputStream(21068): KIK_XML_SND:  <ping/>
12-19 19:32:33.928 I/CommunicatorService(21068): successful ping took 38
12-19 19:32:33.928 I/CommunicatorService(21068): Scheduling retry. num=2 reason: ping succeeded reset=false
12-19 19:32:33.928 I/CommunicatorService(21068): Jittered from 1000 to 1024
12-19 19:32:33.928 I/LoggingBufferedReader(21068): KIK_XML_RCV:  <pong/>
12-19 19:32:33.958 I/MediaFocusControl(  771):  AudioFocus  abandonAudioFocus() from android.media.AudioManager@43ef3d18
12-19 19:32:34.018 E/qcom_sensors_hal(  771): hal_process_report_ind: Bad item quality: 11 
12-19 19:32:34.958 I/CommunicatorService(21068): called onStartCommand
12-19 19:32:34.958 I/CommunicatorService(21068): Handle start
12-19 19:32:34.958 I/LoggingOutputStream(21068): KIK_XML_SND:  <ping/>
12-19 19:32:35.018 I/CommunicatorService(21068): successful ping took 57
12-19 19:32:35.018 I/CommunicatorService(21068): Scheduling retry. num=3 reason: ping succeeded reset=false
12-19 19:32:35.018 I/CommunicatorService(21068): Jittered from 2000 to 2468
12-19 19:32:35.018 I/LoggingBufferedReader(21068): KIK_XML_RCV:  <pong/>
12-19 19:32:37.488 I/CommunicatorService(21068): called onStartCommand
12-19 19:32:37.488 I/CommunicatorService(21068): Handle start
12-19 19:32:37.608 D/dalvikvm(  771): GC_EXPLICIT freed 887K, 24% free 41148K/54128K, paused 21ms+5ms, total 108ms
12-19 19:32:37.618 I/LoggingOutputStream(21068): KIK_XML_SND:  <ping/>
12-19 19:32:37.678 I/CommunicatorService(21068): successful ping took 56
12-19 19:32:37.678 I/CommunicatorService(21068): Scheduling retry. num=4 reason: ping succeeded reset=false
12-19 19:32:37.678 I/CommunicatorService(21068): Jittered from 4000 to 4557
12-19 19:32:37.678 I/LoggingBufferedReader(21068): KIK_XML_RCV:  <pong/>
12-19 19:32:37.768 D/dalvikvm( 6258): GC_CONCURRENT freed 563K, 19% free 18213K/22396K, paused 6ms+1ms, total 20ms
12-19 19:32:37.768 D/dalvikvm( 6258): WAIT_FOR_CONCURRENT_GC blocked 5ms
12-19 19:32:37.768 D/dalvikvm( 6258): WAIT_FOR_CONCURRENT_GC blocked 13ms
12-19 19:32:42.258 I/CommunicatorService(21068): called onStartCommand
12-19 19:32:42.258 I/CommunicatorService(21068): Handle start
12-19 19:32:42.288 I/LoggingOutputStream(21068): KIK_XML_SND:  <ping/>
12-19 19:32:42.618 I/CommunicatorService(21068): successful ping took 350
12-19 19:32:42.618 I/CommunicatorService(21068): Scheduling retry. num=5 reason: ping succeeded reset=false
12-19 19:32:42.658 I/CommunicatorService(21068): Jittered from 8000 to 9232
12-19 19:32:42.668 I/LoggingBufferedReader(21068): KIK_XML_RCV:  <pong/>
12-19 19:32:42.808 E/qcom_sensors_hal(  771): hal_process_report_ind: Bad item quality: 11 
12-19 19:32:44.908 D/dalvikvm( 6258): GC_CONCURRENT freed 494K, 20% free 18104K/22396K, paused 12ms+1ms, total 64ms
12-19 19:32:46.618 D/dalvikvm( 6258): GC_CONCURRENT freed 369K, 19% free 18247K/22396K, paused 2ms+1ms, total 19ms
12-19 19:32:46.618 D/dalvikvm( 6258): WAIT_FOR_CONCURRENT_GC blocked 8ms
12-19 19:32:51.718 E/qcom_sensors_hal(  771): hal_process_report_ind: Bad item quality: 11 
12-19 19:32:51.888 I/CommunicatorService(21068): called onStartCommand
12-19 19:32:51.888 I/CommunicatorService(21068): Handle start
12-19 19:32:51.898 I/LoggingOutputStream(21068): KIK_XML_SND:  <ping/>
12-19 19:32:51.928 I/CommunicatorService(21068): successful ping took 33
12-19 19:32:51.928 I/CommunicatorService(21068): Scheduling retry. num=6 reason: ping succeeded reset=false
12-19 19:32:51.938 I/CommunicatorService(21068): Jittered from 16000 to 19485
12-19 19:32:51.938 I/LoggingBufferedReader(21068): KIK_XML_RCV:  <pong/>
12-19 19:32:55.518 D/dalvikvm( 6258): GC_CONCURRENT freed 508K, 19% free 18260K/22396K, paused 2ms+2ms, total 19ms
12-19 19:32:55.518 D/dalvikvm( 6258): WAIT_FOR_CONCURRENT_GC blocked 9ms
12-19 19:32:55.518 D/dalvikvm( 6258): WAIT_FOR_CONCURRENT_GC blocked 12ms
12-19 19:33:08.308 I/WebViewFragment(21068): Fragment removed from the back stack revealing web view
12-19 19:33:08.308 V/CardsWebPluginReg(21068): Firing event: unpause
12-19 19:33:08.318 D/audio_hw_primary(  184): select_devices: out_snd_device(2: speaker) in_snd_device(0: )
12-19 19:33:08.328 I/CommunicatorService(21068): Scheduling retry. num=1 reason: requested retry reset reset=true
12-19 19:33:08.338 I/KikNetSock(21068): Net Debug--> Sending stanza: kik.core.net.outgoing.XDataUpdateRequest
12-19 19:33:08.338 I/CommunicatorService(21068): Jittered from 1000 to 1081
12-19 19:33:08.348 I/LoggingOutputStream(21068): KIK_XML_SND:  <iq type="set" id="ef799f32-d538-4717-8641-d5b05bddb6f9"><query xmlns="kik:iq:xdata"><record-set pk="enc_card_list"><record sk="aBiOdXx5Py_zmyol9m6KCbLe6Xk-u3xB0a09dctrIjg">CiA7kiVOuwipagTkiZFj_gjdOf0aGnwvdAcUTGMFY6FQGhIQBdLTrkMcGdklkFekh7wIhBrgAfuvRn8kVnWDFxViuTAfJTv-Cs1WEoVCpVZfC2ARblCESMPVyxEjK5suSV0JGCY7xagk3DZZW3_nQZMCM3J7XzyKqsih_w6wzr71528uKdGPwFfKzBOKWsvjltmsZfBakwTvMKOOiaxpVeipQIjlkmEyi5Ilx6ZGXt8P8nXqZ46bkY6sdZcUth5EFhYns_sEHyv-G6v1a5UbVs1uhRpcWVnyZ3uL6OGKiw9ygQS5OaW8SHHSO9U7Xc9D_9l7ApChmpF1V4ndDbsUKbxChojUyuUj-4cxTYjuFPPKbflFNiFt</record></record-set></query></iq>
12-19 19:33:08.508 W/CardsWebGlue(21068): BAD: timed out waiting for poll, forcing javascript poll.
12-19 19:33:08.598 I/LoggingBufferedReader(21068): KIK_XML_RCV:  <ack id="ef799f32-d538-4717-8641-d5b05bddb6f9"/>
12-19 19:33:08.618 I/LoggingBufferedReader(21068): KIK_XML_RCV:  <iq type="result" id="ef799f32-d538-4717-8641-d5b05bddb6f9" to="christine_zvb@talk.kik.com/CANb8c760a61a894f4bb8b8a5317b1004b8"><query xmlns="kik:iq:xdata"/></iq>
12-19 19:33:08.618 I/XDataAppManagerStorage(21068): Card list updated
12-19 19:33:09.128 I/ClikWidgetUntouchable(21068): Notify seen!
12-19 19:33:09.428 I/CommunicatorService(21068): called onStartCommand
12-19 19:33:09.428 I/CommunicatorService(21068): Handle start
12-19 19:33:09.438 I/LoggingOutputStream(21068): KIK_XML_SND:  <ping/>
12-19 19:33:09.468 I/CommunicatorService(21068): successful ping took 36
12-19 19:33:09.468 I/CommunicatorService(21068): Scheduling retry. num=2 reason: ping succeeded reset=false
12-19 19:33:09.468 I/CommunicatorService(21068): Jittered from 1000 to 1097
12-19 19:33:09.468 I/LoggingBufferedReader(21068): KIK_XML_RCV:  <pong/>
12-19 19:33:09.588 V/CardsWebPluginReg(21068): Firing event: pause
12-19 19:33:09.788 W/CardsWebGlue(21068): BAD: timed out waiting for poll, forcing javascript poll.
12-19 19:33:10.568 I/CommunicatorService(21068): called onStartCommand
12-19 19:33:10.568 I/CommunicatorService(21068): Handle start
12-19 19:33:10.568 I/LoggingOutputStream(21068): KIK_XML_SND:  <ping/>
12-19 19:33:10.608 I/CommunicatorService(21068): successful ping took 34
12-19 19:33:10.608 I/CommunicatorService(21068): Scheduling retry. num=3 reason: ping succeeded reset=false
12-19 19:33:10.608 I/CommunicatorService(21068): Jittered from 2000 to 2289
12-19 19:33:10.608 I/LoggingBufferedReader(21068): KIK_XML_RCV:  <pong/>
12-19 19:33:11.238 I/CardsWebDebug(21068): Requesting refresh
12-19 19:33:11.238 V/CardsWebPluginReg(21068): Firing event: refresh
12-19 19:33:11.248 W/InputMethodManagerService(  771): Window already focused, ignoring focus gain of: com.android.internal.view.IInputMethodClient$Stub$Proxy@42e2a740 attribute=null, token = android.os.BinderProxy@42dca948
12-19 19:33:11.438 W/CardsWebGlue(21068): BAD: timed out waiting for poll, forcing javascript poll.
12-19 19:33:11.448 W/CardsConsole(21068): Console.LOG: Application Cache Checking event (http://10.10.20.188:5000/:0)
12-19 19:33:11.468 W/CardsConsole(21068): Console.LOG: Application Cache Downloading event (http://10.10.20.188:5000/:0)
12-19 19:33:11.528 W/CardsConsole(21068): Console.LOG: Application Cache Progress event (0 of 26) http://10.10.20.188:5000/js/main.js (http://10.10.20.188:5000/:0)
12-19 19:33:11.548 W/CardsConsole(21068): Console.LOG: Application Cache Progress event (1 of 26) http://cdn.kik.com/cards/0/cards.js (http://10.10.20.188:5000/:0)
12-19 19:33:11.558 W/CardsConsole(21068): Console.LOG: Application Cache Progress event (2 of 26) http://10.10.20.188:5000/img/icon2.png (http://10.10.20.188:5000/:0)
12-19 19:33:11.578 W/CardsConsole(21068): Console.LOG: Application Cache Progress event (3 of 26) http://10.10.20.188:5000/img/noprofile.png (http://10.10.20.188:5000/:0)
12-19 19:33:11.578 W/CardsConsole(21068): Console.LOG: Application Cache Progress event (4 of 26) http://10.10.20.188:5000/ (http://10.10.20.188:5000/:0)
12-19 19:33:11.598 W/CardsConsole(21068): Console.LOG: Application Cache Progress event (5 of 26) http://10.10.20.188:5000/img/kik-button-small.png (http://10.10.20.188:5000/:0)
12-19 19:33:11.608 W/CardsConsole(21068): Console.LOG: Application Cache Progress event (6 of 26) http://10.10.20.188:5000/js/Friends.js (http://10.10.20.188:5000/:0)
12-19 19:33:11.628 W/CardsConsole(21068): Console.LOG: Application Cache Progress event (7 of 26) http://10.10.20.188:5000/img/kik.png (http://10.10.20.188:5000/:0)
12-19 19:33:11.638 W/CardsConsole(21068): Console.LOG: Application Cache Progress event (8 of 26) http://10.10.20.188:5000/img/friends.png (http://10.10.20.188:5000/:0)
12-19 19:33:11.648 W/CardsConsole(21068): Console.LOG: Application Cache Progress event (9 of 26) http://10.10.20.188:5000/js/seedrandom-min.js (http://10.10.20.188:5000/:0)
12-19 19:33:11.678 W/CardsConsole(21068): Console.LOG: Application Cache Progress event (10 of 26) http://cdn.kik.com/app/1/app.js (http://10.10.20.188:5000/:0)
12-19 19:33:11.698 W/CardsConsole(21068): Console.LOG: Application Cache Progress event (11 of 26) http://10.10.20.188:5000/js/People.js (http://10.10.20.188:5000/:0)
12-19 19:33:11.718 W/CardsConsole(21068): Console.LOG: Application Cache Progress event (12 of 26) http://10.10.20.188:5000/img/heart3.png (http://10.10.20.188:5000/:0)
12-19 19:33:11.728 W/CardsConsole(21068): Console.LOG: Application Cache Progress event (13 of 26) http://cdn.kik.com/app/1/default.css (http://10.10.20.188:5000/:0)
12-19 19:33:11.748 W/CardsConsole(21068): Console.LOG: Application Cache Progress event (14 of 26) http://10.10.20.188:5000/img/boyfriend.png (http://10.10.20.188:5000/:0)
12-19 19:33:11.768 W/CardsConsole(21068): Console.LOG: Application Cache Progress event (15 of 26) http://10.10.20.188:5000/img/whiteplus.png (http://10.10.20.188:5000/:0)
12-19 19:33:11.798 W/CardsConsole(21068): Console.LOG: Application Cache Progress event (16 of 26) http://10.10.20.188:5000/js/home.js (http://10.10.20.188:5000/:0)
12-19 19:33:11.818 W/CardsConsole(21068): Console.LOG: Application Cache Progress event (17 of 26) http://10.10.20.188:5000/css/styles.css (http://10.10.20.188:5000/:0)
12-19 19:33:11.818 W/CardsConsole(21068): Console.LOG: Application Cache Progress event (18 of 26) http://10.10.20.188:5000/img/whiteheart.png (http://10.10.20.188:5000/:0)
12-19 19:33:11.848 W/CardsConsole(21068): Console.LOG: Application Cache Progress event (19 of 26) http://10.10.20.188:5000/js/toDataURLCustom.js (http://10.10.20.188:5000/:0)
12-19 19:33:11.868 W/CardsConsole(21068): Console.LOG: Application Cache Progress event (20 of 26) http://10.10.20.188:5000/zerver/API.js (http://10.10.20.188:5000/:0)
12-19 19:33:11.868 W/CardsConsole(21068): Console.LOG: Application Cache Progress event (21 of 26) http://10.10.20.188:5000/js/signup.js (http://10.10.20.188:5000/:0)
12-19 19:33:11.928 W/CardsConsole(21068): Console.LOG: Application Cache Progress event (22 of 26) http://zeptojs.com/zepto.min.js (http://10.10.20.188:5000/:0)
12-19 19:33:11.928 W/CardsConsole(21068): Console.ERROR: Application Cache Error event: Resource fetch failed (-1) http://zeptojs.com/zepto.min.js (http://10.10.20.188:5000/:0)
12-19 19:33:11.938 I/CardsWebDebug(21068): Performing refresh, withCache=true
12-19 19:33:11.938 I/ActivityManager(  771): START u0 {act=KikFragmentActivity.install.action flg=0x20000 cmp=kik.android/.chat.fragment.KikFragmentActivity (has extras)} from pid 21068
12-19 19:33:11.998 I/KikNetSock(21068): Net Debug--> Sending stanza: kik.core.net.outgoing.XDataUpdateRequest
12-19 19:33:11.998 I/CommunicatorService(21068): Scheduling retry. num=1 reason: requested retry reset reset=true
12-19 19:33:11.998 I/CommunicatorService(21068): Jittered from 1000 to 1025
12-19 19:33:12.068 D/dalvikvm(21068): GC_CONCURRENT freed 5189K, 20% free 32323K/40356K, paused 4ms+7ms, total 67ms
12-19 19:33:12.068 D/dalvikvm(21068): WAIT_FOR_CONCURRENT_GC blocked 62ms
12-19 19:33:12.068 D/dalvikvm(21068): WAIT_FOR_CONCURRENT_GC blocked 57ms
12-19 19:33:12.088 I/LoggingOutputStream(21068): KIK_XML_SND:  <iq type="set" id="3c7b4edc-2e58-46f2-8622-89386abefbd0"><query xmlns="kik:iq:xdata"><record-set pk="enc_card_list"><record sk="aBiOdXx5Py_zmyol9m6KCbLe6Xk-u3xB0a09dctrIjg">CiA7kiVOuwipagTkiZFj_gjdOf0aGnwvdAcUTGMFY6FQGhIQnXD0qOlkkj7XomF24rl-FxrgAfCn_hQFZCC3Q-Zz5RWAQ5M2hU5lzt2CwMoaUoktzl7lgMX1fGqtGtgYQOs9PLeTso9adABaaCyVsXTTJL4SVBs-bPL2vsxU6S54yiuPkJNb7r14k9SmfQixcMwxwBgjVQzOgZVebkBXV9lGgFgQf5Lnw76vxcWDiSt3y2q_Uc1iR74XIOMpQ55Qd-zeYuZ2q6ika4wOsx_DmhpLi_rPeTXJgcKapWR2VRMhwKn53uuf6_VQhHbWppx8eINEq7TUf9mKi1bMMZLIfV4uucvJIwfT6LHW9tcJ46AwHSCx0vEy</record></record-set></query></iq>
12-19 19:33:12.118 I/LoggingBufferedReader(21068): KIK_XML_RCV:  <ack id="3c7b4edc-2e58-46f2-8622-89386abefbd0"/>
12-19 19:33:12.148 I/LoggingBufferedReader(21068): KIK_XML_RCV:  <iq type="result" id="3c7b4edc-2e58-46f2-8622-89386abefbd0" to="christine_zvb@talk.kik.com/CANb8c760a61a894f4bb8b8a5317b1004b8"><query xmlns="kik:iq:xdata"/></iq>
12-19 19:33:12.148 I/XDataAppManagerStorage(21068): Card list updated
12-19 19:33:12.348 D/CardsWebLog(21068): Setting app cache path to: /data/data/kik.android/cache/appCache
12-19 19:33:12.348 D/CardsWebLog(21068): Cache mode LOAD_DEFAULT
12-19 19:33:12.348 I/WebViewFragment(21068): SWITCH_TIMING: Starting to load URL http://10.10.20.188:5000/
12-19 19:33:12.368 E/WebViewFragment(21068): WEBVIEW! Cannot update cover, nullity:true, false
12-19 19:33:12.368 D/KikCardBrowserFragment(21068): Binding fragment
12-19 19:33:12.378 W/AwContents(21068): nativeOnDraw failed; clearing to background color.
12-19 19:33:12.388 D/CardsWebLog(21068): URL maps to the same cannonical URL: data:///
12-19 19:33:12.408 D/CardsWebLog(21068): URL maps to the same cannonical URL: http://10.10.20.188:5000/
12-19 19:33:12.428 I/ExtWebView(21068): SWITCH_TIMING: Webview thinks its finished
12-19 19:33:12.458 W/CardsConsole(21068): Console.LOG: Document was loaded from Application Cache with manifest http://10.10.20.188:5000/cache.manifest (http://10.10.20.188:5000/:0)
12-19 19:33:12.458 W/CardsConsole(21068): Console.LOG: Application Cache Checking event (http://10.10.20.188:5000/:0)
12-19 19:33:12.598 I/chromium(21068): [INFO:async_pixel_transfer_manager_android.cc(56)] Async pixel transfers not supported
12-19 19:33:12.638 I/chromium(21068): [INFO:async_pixel_transfer_manager_android.cc(56)] Async pixel transfers not supported
12-19 19:33:12.688 W/CardsConsole(21068): Console.LOG: Application Cache Downloading event (http://10.10.20.188:5000/:0)
12-19 19:33:12.688 W/CardsConsole(21068): Console.LOG: Application Cache Progress event (0 of 26) http://10.10.20.188:5000/js/You.js (http://10.10.20.188:5000/:0)
12-19 19:33:12.688 W/CardsConsole(21068): Console.LOG: Application Cache Progress event (1 of 26) http://zeptojs.com/zepto.min.js (http://10.10.20.188:5000/:0)
12-19 19:33:12.698 V/CardsWebPluginReg(21068): Success requesting plugin: Metrics
12-19 19:33:12.718 W/CardsConsole(21068): Console.LOG: Application Cache Progress event (2 of 26) http://10.10.20.188:5000/js/Calc.js (http://10.10.20.188:5000/:0)
12-19 19:33:12.718 V/CardsWebPluginReg(21068): Success requesting plugin: Browser
12-19 19:33:12.718 W/CardsConsole(21068): Console.LOG: Application Cache Progress event (3 of 26) http://10.10.20.188:5000/img/whitedouble.png (http://10.10.20.188:5000/:0)
12-19 19:33:12.778 D/dalvikvm(21068): GC_FOR_ALLOC freed 2689K, 21% free 32190K/40356K, paused 41ms, total 41ms
12-19 19:33:12.788 W/CardsConsole(21068): Console.LOG: Application Cache Progress event (4 of 26) http://cdn.kik.com/cards/0/cards.js (http://10.10.20.188:5000/:0)
12-19 19:33:12.788 W/CardsConsole(21068): Console.LOG: Application Cache Progress event (5 of 26) http://10.10.20.188:5000/js/main.js (http://10.10.20.188:5000/:0)
12-19 19:33:12.788 W/CardsConsole(21068): Console.LOG: Application Cache Progress event (6 of 26) http://10.10.20.188:5000/zerver/API.js (http://10.10.20.188:5000/:0)
12-19 19:33:12.788 W/CardsWebPluginReg(21068): Plugin not found: Media
12-19 19:33:12.788 V/CardsWebPluginReg(21068): Success requesting plugin: Kik
12-19 19:33:12.798 V/CardsWebPluginReg(21068): Success requesting plugin: Profile
12-19 19:33:12.798 V/CardsWebPluginReg(21068): Success requesting plugin: UserData
12-19 19:33:12.798 W/CardsConsole(21068): Console.LOG: Application Cache Progress event (7 of 26) http://10.10.20.188:5000/img/icon2.png (http://10.10.20.188:5000/:0)
12-19 19:33:12.808 V/CardsWebPluginReg(21068): Success requesting plugin: Auth
12-19 19:33:12.808 W/CardsConsole(21068): Console.LOG: Application Cache Progress event (8 of 26) http://10.10.20.188:5000/ (http://10.10.20.188:5000/:0)
12-19 19:33:12.808 V/CardsWebPluginReg(21068): Success requesting plugin: Photo
12-19 19:33:12.808 W/CardsWebPluginReg(21068): Plugin not found: Keyboard
12-19 19:33:12.818 V/CardsWebPluginReg(21068): Success requesting plugin: Picker
12-19 19:33:12.818 W/CardsConsole(21068): Console.LOG: Application Cache Progress event (9 of 26) http://10.10.20.188:5000/img/kik-button-small.png (http://10.10.20.188:5000/:0)
12-19 19:33:12.818 V/CardsWebPluginReg(21068): Success requesting plugin: Push
12-19 19:33:12.918 W/CardsConsole(21068): Console.LOG: Application Cache Progress event (10 of 26) http://10.10.20.188:5000/img/noprofile.png (http://10.10.20.188:5000/:0)
12-19 19:33:12.918 W/CardsConsole(21068): Console.LOG: Application Cache Progress event (11 of 26) http://10.10.20.188:5000/img/kik.png (http://10.10.20.188:5000/:0)
12-19 19:33:12.928 D/Finsky  ( 6678): [350] InAppBillingUtils.getPreferredAccount: kik.android: Account from first account - [2pgUuwH6iPKeadz0XuVYR3HCQak]
12-19 19:33:12.928 V/CardsWebPluginReg(21068): Success requesting plugin: IAP
12-19 19:33:12.928 W/CardsConsole(21068): Console.LOG: Application Cache Progress event (12 of 26) http://10.10.20.188:5000/js/Friends.js (http://10.10.20.188:5000/:0)
12-19 19:33:12.928 W/CardsConsole(21068): Console.LOG: Application Cache Progress event (13 of 26) http://10.10.20.188:5000/img/friends.png (http://10.10.20.188:5000/:0)
12-19 19:33:12.928 W/CardsConsole(21068): Console.LOG: Application Cache Progress event (14 of 26) http://10.10.20.188:5000/js/seedrandom-min.js (http://10.10.20.188:5000/:0)
12-19 19:33:12.938 W/CardsConsole(21068): Console.LOG: Application Cache Progress event (15 of 26) http://10.10.20.188:5000/js/People.js (http://10.10.20.188:5000/:0)
12-19 19:33:12.998 D/MobileDataStateTracker(  771): default: setPolicyDataEnable(enabled=true)
12-19 19:33:13.028 I/CommunicatorService(21068): called onStartCommand
12-19 19:33:13.028 I/CommunicatorService(21068): Handle start
12-19 19:33:13.028 I/LoggingOutputStream(21068): KIK_XML_SND:  <ping/>
12-19 19:33:13.048 I/CommunicatorService(21068): successful ping took 24
12-19 19:33:13.048 I/CommunicatorService(21068): Scheduling retry. num=2 reason: ping succeeded reset=false
12-19 19:33:13.048 I/CommunicatorService(21068): Jittered from 1000 to 1005
12-19 19:33:13.058 I/LoggingBufferedReader(21068): KIK_XML_RCV:  <pong/>
12-19 19:33:13.078 W/CardsConsole(21068): Console.LOG: Application Cache Progress event (16 of 26) http://cdn.kik.com/app/1/app.js (http://10.10.20.188:5000/:0)
12-19 19:33:13.078 W/CardsConsole(21068): Console.LOG: Application Cache Progress event (17 of 26) http://cdn.kik.com/app/1/default.css (http://10.10.20.188:5000/:0)
12-19 19:33:13.078 W/CardsConsole(21068): Console.LOG: Application Cache Progress event (18 of 26) http://10.10.20.188:5000/img/heart3.png (http://10.10.20.188:5000/:0)
12-19 19:33:13.088 W/CardsConsole(21068): Console.LOG: Application Cache Progress event (19 of 26) http://10.10.20.188:5000/img/whiteplus.png (http://10.10.20.188:5000/:0)
12-19 19:33:13.088 W/CardsConsole(21068): Console.LOG: Application Cache Progress event (20 of 26) http://10.10.20.188:5000/img/boyfriend.png (http://10.10.20.188:5000/:0)
12-19 19:33:13.088 W/CardsConsole(21068): Console.LOG: Application Cache Progress event (21 of 26) http://10.10.20.188:5000/css/styles.css (http://10.10.20.188:5000/:0)
12-19 19:33:13.088 W/CardsConsole(21068): Console.LOG: Application Cache Progress event (22 of 26) http://10.10.20.188:5000/js/home.js (http://10.10.20.188:5000/:0)
12-19 19:33:13.088 W/CardsConsole(21068): Console.LOG: Application Cache Progress event (23 of 26) http://10.10.20.188:5000/img/whiteheart.png (http://10.10.20.188:5000/:0)
12-19 19:33:13.128 W/CardsConsole(21068): Console.LOG: //d33vud085sp3wg.cloudfront.net/0WdUM1_QkB2n6BSSF6r-c4_jqi8/thumb.jpg (http://10.10.20.188:5000/zerver/API.js:639)
12-19 19:33:13.128 W/CardsConsole(21068): Console.LOG: //d33vud085sp3wg.cloudfront.net/hnmsBpTlK58BG3iOK3G4Cd5Iqlw/thumb.jpg (http://10.10.20.188:5000/zerver/API.js:639)
12-19 19:33:13.138 F/libc    (21068): Fatal signal 11 (SIGSEGV) at 0x00000000 (code=1), thread 21204 (kik.android)
12-19 19:33:13.238 I/DEBUG   (  179): *** *** *** *** *** *** *** *** *** *** *** *** *** *** *** ***
12-19 19:33:13.238 I/DEBUG   (  179): Build fingerprint: 'google/hammerhead/hammerhead:4.4.2/KOT49H/937116:user/release-keys'
12-19 19:33:13.238 I/DEBUG   (  179): Revision: '11'
12-19 19:33:13.238 I/DEBUG   (  179): pid: 21068, tid: 21204, name: kik.android  >>> kik.android <<<
12-19 19:33:13.238 I/DEBUG   (  179): signal 11 (SIGSEGV), code 1 (SEGV_MAPERR), fault addr 00000000
12-19 19:33:13.328 I/DEBUG   (  179):     r0 7c81ee94  r1 7c81ee28  r2 00000000  r3 00000000
12-19 19:33:13.328 I/DEBUG   (  179):     r4 7c81ee94  r5 7c81ee28  r6 7c81ee94  r7 730c909c
12-19 19:33:13.328 I/DEBUG   (  179):     r8 7c81efb4  r9 7c81ef38  sl 7315de58  fp 400cb2ec
12-19 19:33:13.328 I/DEBUG   (  179):     ip 0000001f  sp 7cc2c650  lr 72333f47  pc 72337670  cpsr 60030030
12-19 19:33:13.328 I/DEBUG   (  179):     d0  3eb4000000000000  d1  3fc999999999999a
12-19 19:33:13.328 I/DEBUG   (  179):     d2  3f70624dd2f1a930  d3  0000000000000030
12-19 19:33:13.328 I/DEBUG   (  179):     d4  78a0c59878a0c594  d5  78a0c59c78a0c4e4
12-19 19:33:13.328 I/DEBUG   (  179):     d6  0000009c78a0c588  d7  406380000000009c
12-19 19:33:13.328 I/DEBUG   (  179):     d8  3f8000003f800000  d9  0000000000000000
12-19 19:33:13.328 I/DEBUG   (  179):     d10 0000000000000000  d11 0000000000000000
12-19 19:33:13.328 I/DEBUG   (  179):     d12 0000000000000000  d13 0000000000000000
12-19 19:33:13.328 I/DEBUG   (  179):     d14 0000000000000000  d15 0000000000000000
12-19 19:33:13.328 I/DEBUG   (  179):     d16 412e848000000000  d17 41d4ace412493416
12-19 19:33:13.328 I/DEBUG   (  179):     d18 41d4ace412493411  d19 3fec5417e3424426
12-19 19:33:13.328 I/DEBUG   (  179):     d20 3ff0000000000000  d21 3fec5417e3424426
12-19 19:33:13.328 I/DEBUG   (  179):     d22 4008000000000000  d23 4024000000000000
12-19 19:33:13.328 I/DEBUG   (  179):     d24 403e000000000000  d25 4022000000000000
12-19 19:33:13.328 I/DEBUG   (  179):     d26 4024000000000000  d27 3feccccccccccccd
12-19 19:33:13.328 I/DEBUG   (  179):     d28 3ff0000000000000  d29 0000000000000000
12-19 19:33:13.328 I/DEBUG   (  179):     d30 0000000000000000  d31 0000000000000000
12-19 19:33:13.328 I/DEBUG   (  179):     scr 8a000017
12-19 19:33:13.328 I/DEBUG   (  179): 
12-19 19:33:13.328 I/DEBUG   (  179): backtrace:
12-19 19:33:13.328 I/DEBUG   (  179):     #00  pc 00482670  /system/lib/libwebviewchromium.so
12-19 19:33:13.328 I/DEBUG   (  179):     #01  pc 000fc6fc  [stack:21204]
12-19 19:33:13.328 I/DEBUG   (  179): 
12-19 19:33:13.328 I/DEBUG   (  179): stack:
12-19 19:33:13.328 I/DEBUG   (  179):          7cc2c610  ffffffff  
12-19 19:33:13.328 I/DEBUG   (  179):          7cc2c614  7315de58  /system/lib/libwebviewchromium.so
12-19 19:33:13.328 I/DEBUG   (  179):          7cc2c618  7c81ee00  [anon:libc_malloc]
12-19 19:33:13.328 I/DEBUG   (  179):          7cc2c61c  72091ad3  /system/lib/libwebviewchromium.so
12-19 19:33:13.328 I/DEBUG   (  179):          7cc2c620  7cc2c688  [stack:21204]
12-19 19:33:13.328 I/DEBUG   (  179):          7cc2c624  72c9a567  /system/lib/libwebviewchromium.so
12-19 19:33:13.328 I/DEBUG   (  179):          7cc2c628  b4e655fc  
12-19 19:33:13.328 I/DEBUG   (  179):          7cc2c62c  002e4c82  
12-19 19:33:13.328 I/DEBUG   (  179):          7cc2c630  00000001  
12-19 19:33:13.328 I/DEBUG   (  179):          7cc2c634  7226ec69  /system/lib/libwebviewchromium.so
12-19 19:33:13.328 I/DEBUG   (  179):          7cc2c638  7317c784  
12-19 19:33:13.328 I/DEBUG   (  179):          7cc2c63c  721ee7d3  /system/lib/libwebviewchromium.so
12-19 19:33:13.328 I/DEBUG   (  179):          7cc2c640  00000000  
12-19 19:33:13.328 I/DEBUG   (  179):          7cc2c644  72332a27  /system/lib/libwebviewchromium.so
12-19 19:33:13.328 I/DEBUG   (  179):          7cc2c648  7c81ee00  [anon:libc_malloc]
12-19 19:33:13.328 I/DEBUG   (  179):          7cc2c64c  00000000  
12-19 19:33:13.328 I/DEBUG   (  179):     #00  7cc2c650  7c81ee00  [anon:libc_malloc]
12-19 19:33:13.328 I/DEBUG   (  179):          7cc2c654  7c81ee28  [anon:libc_malloc]
12-19 19:33:13.328 I/DEBUG   (  179):          7cc2c658  7c81ee94  [anon:libc_malloc]
12-19 19:33:13.328 I/DEBUG   (  179):          7cc2c65c  730c909c  /system/lib/libwebviewchromium.so
12-19 19:33:13.328 I/DEBUG   (  179):          7cc2c660  7c81efb4  [anon:libc_malloc]
12-19 19:33:13.328 I/DEBUG   (  179):          7cc2c664  72333f47  /system/lib/libwebviewchromium.so
12-19 19:33:13.328 I/DEBUG   (  179):          7cc2c668  7da1cdb0  [anon:libc_malloc]
12-19 19:33:13.328 I/DEBUG   (  179):          7cc2c66c  00000000  
12-19 19:33:13.328 I/DEBUG   (  179):          7cc2c670  730c909c  /system/lib/libwebviewchromium.so
12-19 19:33:13.328 I/DEBUG   (  179):          7cc2c674  00000000  
12-19 19:33:13.328 I/DEBUG   (  179):          7cc2c678  00000000  
12-19 19:33:13.328 I/DEBUG   (  179):          7cc2c67c  00000000  
12-19 19:33:13.328 I/DEBUG   (  179):          7cc2c680  00000000  
12-19 19:33:13.328 I/DEBUG   (  179):          7cc2c684  00000000  
12-19 19:33:13.328 I/DEBUG   (  179):          7cc2c688  7c81f034  [anon:libc_malloc]
12-19 19:33:13.328 I/DEBUG   (  179):          7cc2c68c  7b4f472c  
12-19 19:33:13.328 I/DEBUG   (  179):          ........  ........
12-19 19:33:13.328 I/DEBUG   (  179):     #01  7cc2c6b8  730c909c  /system/lib/libwebviewchromium.so
12-19 19:33:13.328 I/DEBUG   (  179):          7cc2c6bc  7cc2c828  [stack:21204]
12-19 19:33:13.328 I/DEBUG   (  179):          7cc2c6c0  00000000  
12-19 19:33:13.328 I/DEBUG   (  179):          7cc2c6c4  00000000  
12-19 19:33:13.328 I/DEBUG   (  179):          7cc2c6c8  400cb2ec  /system/lib/libc.so
12-19 19:33:13.328 I/DEBUG   (  179):          7cc2c6cc  72334c65  /system/lib/libwebviewchromium.so
12-19 19:33:13.328 I/DEBUG   (  179):          7cc2c6d0  7c81ee00  [anon:libc_malloc]
12-19 19:33:13.328 I/DEBUG   (  179):          7cc2c6d4  730c8ff8  /system/lib/libwebviewchromium.so
12-19 19:33:13.328 I/DEBUG   (  179):          7cc2c6d8  00000000  
12-19 19:33:13.328 I/DEBUG   (  179):          7cc2c6dc  7c81ee00  [anon:libc_malloc]
12-19 19:33:13.328 I/DEBUG   (  179):          7cc2c6e0  00000001  
12-19 19:33:13.328 I/DEBUG   (  179):          7cc2c6e4  72334ce5  /system/lib/libwebviewchromium.so
12-19 19:33:13.328 I/DEBUG   (  179):          7cc2c6e8  b71b6fff  
12-19 19:33:13.328 I/DEBUG   (  179):          7cc2c6ec  7c81ee20  [anon:libc_malloc]
12-19 19:33:13.328 I/DEBUG   (  179):          7cc2c6f0  785c2808  [anon:libc_malloc]
12-19 19:33:13.328 I/DEBUG   (  179):          7cc2c6f4  7244c18f  /system/lib/libwebviewchromium.so
12-19 19:33:13.328 I/DEBUG   (  179): 
12-19 19:33:13.328 I/DEBUG   (  179): memory near r0:
12-19 19:33:13.328 I/DEBUG   (  179):     7c81ee74 7c81ee28 00000000 00000000 7da1cda8  
12-19 19:33:13.328 I/DEBUG   (  179):     7c81ee84 7afb8108 00000000 00000000 7b2dc7c8  
12-19 19:33:13.328 I/DEBUG   (  179):     7c81ee94 00000000 00000000 00000000 00000001  
12-19 19:33:13.328 I/DEBUG   (  179):     7c81eea4 00000000 00000000 00000000 00000000  
12-19 19:33:13.328 I/DEBUG   (  179):     7c81eeb4 00000000 00000000 00000000 00000000  
12-19 19:33:13.328 I/DEBUG   (  179):     7c81eec4 00000000 00000000 00000100 723a4a81  
12-19 19:33:13.328 I/DEBUG   (  179):     7c81eed4 00000000 723a4a81 00000000 00000000  
12-19 19:33:13.328 I/DEBUG   (  179):     7c81eee4 00000000 00000000 00000001 00000000  
12-19 19:33:13.328 I/DEBUG   (  179):     7c81eef4 79fc0000 00000000 00000000 00000000  
12-19 19:33:13.338 I/DEBUG   (  179):     7c81ef04 00000000 00000000 00000000 00000000  
12-19 19:33:13.338 I/DEBUG   (  179):     7c81ef14 785bce58 00000100 723a4a81 00000000  
12-19 19:33:13.338 I/DEBUG   (  179):     7c81ef24 723a4a81 00000000 00000000 000000b1  
12-19 19:33:13.338 I/DEBUG   (  179):     7c81ef34 00000001 00000101 00000000 00000004  
12-19 19:33:13.338 I/DEBUG   (  179):     7c81ef44 00000000 ffffffff 00000000 ffffffff  
12-19 19:33:13.338 I/DEBUG   (  179):     7c81ef54 00000007 0000000c 00000014 00000004  
12-19 19:33:13.338 I/DEBUG   (  179):     7c81ef64 00000018 00000001 00000000 ffffffff  
12-19 19:33:13.338 I/DEBUG   (  179): 
12-19 19:33:13.338 I/DEBUG   (  179): memory near r1:
12-19 19:33:13.338 I/DEBUG   (  179):     7c81ee08 00000001 00000001 7b4f472c 00000000  
12-19 19:33:13.338 I/DEBUG   (  179):     7c81ee18 00000002 730c9078 730c909c 78010001  
12-19 19:33:13.338 I/DEBUG   (  179):     7c81ee28 00000000 00000000 00000000 00000001  
12-19 19:33:13.338 I/DEBUG   (  179):     7c81ee38 00000000 00000000 00000000 00000000  
12-19 19:33:13.338 I/DEBUG   (  179):     7c81ee48 00000000 00000000 00000000 00000000  
12-19 19:33:13.338 I/DEBUG   (  179):     7c81ee58 00000000 00001908 01000101 723a4a81  
12-19 19:33:13.338 I/DEBUG   (  179):     7c81ee68 00000000 723a4a81 00000000 7c81ee28  
12-19 19:33:13.338 I/DEBUG   (  179):     7c81ee78 00000000 00000000 7da1cda8 7afb8108  
12-19 19:33:13.338 I/DEBUG   (  179):     7c81ee88 00000000 00000000 7b2dc7c8 00000000  
12-19 19:33:13.338 I/DEBUG   (  179):     7c81ee98 00000000 00000000 00000001 00000000  
12-19 19:33:13.338 I/DEBUG   (  179):     7c81eea8 00000000 00000000 00000000 00000000  
12-19 19:33:13.338 I/DEBUG   (  179):     7c81eeb8 00000000 00000000 00000000 00000000  
12-19 19:33:13.338 I/DEBUG   (  179):     7c81eec8 00000000 00000100 723a4a81 00000000  
12-19 19:33:13.338 I/DEBUG   (  179):     7c81eed8 723a4a81 00000000 00000000 00000000  
12-19 19:33:13.338 I/DEBUG   (  179):     7c81eee8 00000000 00000001 00000000 79fc0000  
12-19 19:33:13.338 I/DEBUG   (  179):     7c81eef8 00000000 00000000 00000000 00000000  
12-19 19:33:13.338 I/DEBUG   (  179): 
12-19 19:33:13.338 I/DEBUG   (  179): memory near r4:
12-19 19:33:13.338 I/DEBUG   (  179):     7c81ee74 7c81ee28 00000000 00000000 7da1cda8  
12-19 19:33:13.338 I/DEBUG   (  179):     7c81ee84 7afb8108 00000000 00000000 7b2dc7c8  
12-19 19:33:13.338 I/DEBUG   (  179):     7c81ee94 00000000 00000000 00000000 00000001  
12-19 19:33:13.338 I/DEBUG   (  179):     7c81eea4 00000000 00000000 00000000 00000000  
12-19 19:33:13.338 I/DEBUG   (  179):     7c81eeb4 00000000 00000000 00000000 00000000  
12-19 19:33:13.338 I/DEBUG   (  179):     7c81eec4 00000000 00000000 00000100 723a4a81  
12-19 19:33:13.338 I/DEBUG   (  179):     7c81eed4 00000000 723a4a81 00000000 00000000  
12-19 19:33:13.338 I/DEBUG   (  179):     7c81eee4 00000000 00000000 00000001 00000000  
12-19 19:33:13.338 I/DEBUG   (  179):     7c81eef4 79fc0000 00000000 00000000 00000000  
12-19 19:33:13.338 I/DEBUG   (  179):     7c81ef04 00000000 00000000 00000000 00000000  
12-19 19:33:13.338 I/DEBUG   (  179):     7c81ef14 785bce58 00000100 723a4a81 00000000  
12-19 19:33:13.338 I/DEBUG   (  179):     7c81ef24 723a4a81 00000000 00000000 000000b1  
12-19 19:33:13.338 I/DEBUG   (  179):     7c81ef34 00000001 00000101 00000000 00000004  
12-19 19:33:13.338 I/DEBUG   (  179):     7c81ef44 00000000 ffffffff 00000000 ffffffff  
12-19 19:33:13.338 I/DEBUG   (  179):     7c81ef54 00000007 0000000c 00000014 00000004  
12-19 19:33:13.338 I/DEBUG   (  179):     7c81ef64 00000018 00000001 00000000 ffffffff  
12-19 19:33:13.338 I/DEBUG   (  179): 
12-19 19:33:13.338 I/DEBUG   (  179): memory near r5:
12-19 19:33:13.338 I/DEBUG   (  179):     7c81ee08 00000001 00000001 7b4f472c 00000000  
12-19 19:33:13.338 I/DEBUG   (  179):     7c81ee18 00000002 730c9078 730c909c 78010001  
12-19 19:33:13.338 I/DEBUG   (  179):     7c81ee28 00000000 00000000 00000000 00000001  
12-19 19:33:13.338 I/DEBUG   (  179):     7c81ee38 00000000 00000000 00000000 00000000  
12-19 19:33:13.338 I/DEBUG   (  179):     7c81ee48 00000000 00000000 00000000 00000000  
12-19 19:33:13.338 I/DEBUG   (  179):     7c81ee58 00000000 00001908 01000101 723a4a81  
12-19 19:33:13.338 I/DEBUG   (  179):     7c81ee68 00000000 723a4a81 00000000 7c81ee28  
12-19 19:33:13.338 I/DEBUG   (  179):     7c81ee78 00000000 00000000 7da1cda8 7afb8108  
12-19 19:33:13.338 I/DEBUG   (  179):     7c81ee88 00000000 00000000 7b2dc7c8 00000000  
12-19 19:33:13.338 I/DEBUG   (  179):     7c81ee98 00000000 00000000 00000001 00000000  
12-19 19:33:13.338 I/DEBUG   (  179):     7c81eea8 00000000 00000000 00000000 00000000  
12-19 19:33:13.338 I/DEBUG   (  179):     7c81eeb8 00000000 00000000 00000000 00000000  
12-19 19:33:13.338 I/DEBUG   (  179):     7c81eec8 00000000 00000100 723a4a81 00000000  
12-19 19:33:13.338 I/DEBUG   (  179):     7c81eed8 723a4a81 00000000 00000000 00000000  
12-19 19:33:13.338 I/DEBUG   (  179):     7c81eee8 00000000 00000001 00000000 79fc0000  
12-19 19:33:13.338 I/DEBUG   (  179):     7c81eef8 00000000 00000000 00000000 00000000  
12-19 19:33:13.338 I/DEBUG   (  179): 
12-19 19:33:13.338 I/DEBUG   (  179): memory near r6:
12-19 19:33:13.338 I/DEBUG   (  179):     7c81ee74 7c81ee28 00000000 00000000 7da1cda8  
12-19 19:33:13.338 I/DEBUG   (  179):     7c81ee84 7afb8108 00000000 00000000 7b2dc7c8  
12-19 19:33:13.338 I/DEBUG   (  179):     7c81ee94 00000000 00000000 00000000 00000001  
12-19 19:33:13.338 I/DEBUG   (  179):     7c81eea4 00000000 00000000 00000000 00000000  
12-19 19:33:13.338 I/DEBUG   (  179):     7c81eeb4 00000000 00000000 00000000 00000000  
12-19 19:33:13.338 I/DEBUG   (  179):     7c81eec4 00000000 00000000 00000100 723a4a81  
12-19 19:33:13.338 I/DEBUG   (  179):     7c81eed4 00000000 723a4a81 00000000 00000000  
12-19 19:33:13.338 I/DEBUG   (  179):     7c81eee4 00000000 00000000 00000001 00000000  
12-19 19:33:13.338 I/DEBUG   (  179):     7c81eef4 79fc0000 00000000 00000000 00000000  
12-19 19:33:13.338 I/DEBUG   (  179):     7c81ef04 00000000 00000000 00000000 00000000  
12-19 19:33:13.338 I/DEBUG   (  179):     7c81ef14 785bce58 00000100 723a4a81 00000000  
12-19 19:33:13.338 I/DEBUG   (  179):     7c81ef24 723a4a81 00000000 00000000 000000b1  
12-19 19:33:13.338 I/DEBUG   (  179):     7c81ef34 00000001 00000101 00000000 00000004  
12-19 19:33:13.338 I/DEBUG   (  179):     7c81ef44 00000000 ffffffff 00000000 ffffffff  
12-19 19:33:13.338 I/DEBUG   (  179):     7c81ef54 00000007 0000000c 00000014 00000004  
12-19 19:33:13.338 I/DEBUG   (  179):     7c81ef64 00000018 00000001 00000000 ffffffff  
12-19 19:33:13.338 I/DEBUG   (  179): 
12-19 19:33:13.338 I/DEBUG   (  179): memory near r7:
12-19 19:33:13.338 I/DEBUG   (  179):     730c907c 723348a3 723326a3 7233268f 723325c5  
12-19 19:33:13.338 I/DEBUG   (  179):     730c908c 72332735 7233267b ffffffe0 00000000  
12-19 19:33:13.338 I/DEBUG   (  179):     730c909c 72334889 723348ab 72334ce9 72039ca1  
12-19 19:33:13.338 I/DEBUG   (  179):     730c90ac 7203bda9 00000000 00000000 72335829  
12-19 19:33:13.338 I/DEBUG   (  179):     730c90bc 72335841 7224b2d1 7224b1b5 00000000  
12-19 19:33:13.338 I/DEBUG   (  179):     730c90cc 00000000 72335a01 72335a11 400da931  
12-19 19:33:13.338 I/DEBUG   (  179):     730c90dc 00000000 00000000 00000000 72335a29  
12-19 19:33:13.338 I/DEBUG   (  179):     730c90ec 72335a51 72057515 00000000 00000000  
12-19 19:33:13.338 I/DEBUG   (  179):     730c90fc 00000000 72342ffd 72343079 7203bda9  
12-19 19:33:13.338 I/DEBUG   (  179):     730c910c 7203accd 72039ca1 72c232c9 72c2325f  
12-19 19:33:13.338 I/DEBUG   (  179):     730c911c 7203accd 72039ca1 72342f4d 72342ef9  
12-19 19:33:13.338 I/DEBUG   (  179):     730c912c 7203bda9 720479b5 72c234f1 72c234f7  
12-19 19:33:13.338 I/DEBUG   (  179):     730c913c 72c234fd 72039ca1 72039ca1 7203accd  
12-19 19:33:13.338 I/DEBUG   (  179):     730c914c 00000000 00000000 00000000 7234308d  
12-19 19:33:13.338 I/DEBUG   (  179):     730c915c 723430c1 72039ca1 723325dd 723340ff  
12-19 19:33:13.338 I/DEBUG   (  179):     730c916c 72c232c9 72c2325f 7203accd 72333819  
12-19 19:33:13.338 I/DEBUG   (  179): 
12-19 19:33:13.338 I/DEBUG   (  179): memory near r8:
12-19 19:33:13.338 I/DEBUG   (  179):     7c81ef94 00000000 00000000 00000000 00000001  
12-19 19:33:13.338 I/DEBUG   (  179):     7c81efa4 40800000 00000000 72d999e6 0000005c  
12-19 19:33:13.338 I/DEBUG   (  179):     7c81efb4 7b4f472c 00000100 00000000 00000000  
12-19 19:33:13.338 I/DEBUG   (  179):     7c81efc4 ffffffff 00000000 ffffffff 00000000  
12-19 19:33:13.338 I/DEBUG   (  179):     7c81efd4 ffffffff 00000000 ffffffff 00000000  
12-19 19:33:13.338 I/DEBUG   (  179):     7c81efe4 ffffffff 00000000 ffffffff 00000000  
12-19 19:33:13.338 I/DEBUG   (  179):     7c81eff4 ffffffff 00000000 ffffffff 00000000  
12-19 19:33:13.338 I/DEBUG   (  179):     7c81f004 00000000 00000000 7cefe960 0000000f  
12-19 19:33:13.338 I/DEBUG   (  179):     7c81f014 0000000f 7b33e660 00000010 00000000  
12-19 19:33:13.338 I/DEBUG   (  179):     7c81f024 7b0b5850 7ce2e470 7b155048 00000000  
12-19 19:33:13.338 I/DEBUG   (  179):     7c81f034 00000001 00000240 00000043 00000001  
12-19 19:33:13.338 I/DEBUG   (  179):     7c81f044 0000002c 00000000 00000000 00680043  
12-19 19:33:13.338 I/DEBUG   (  179):     7c81f054 00690072 00200073 00720061 00200065  
12-19 19:33:13.338 I/DEBUG   (  179):     7c81f064 006f0079 00200075 00620061 0065006c  
12-19 19:33:13.338 I/DEBUG   (  179):     7c81f074 00740020 0000006f 00000063 401ee558  
12-19 19:33:13.338 I/DEBUG   (  179):     7c81f084 7b5c6b50 401edd38 7b4ecd68 00000015  
12-19 19:33:13.338 I/DEBUG   (  179): 
12-19 19:33:13.338 I/DEBUG   (  179): memory near r9:
12-19 19:33:13.338 I/DEBUG   (  179):     7c81ef18 00000100 723a4a81 00000000 723a4a81  
12-19 19:33:13.338 I/DEBUG   (  179):     7c81ef28 00000000 00000000 000000b1 00000001  
12-19 19:33:13.338 I/DEBUG   (  179):     7c81ef38 00000101 00000000 00000004 00000000  
12-19 19:33:13.338 I/DEBUG   (  179):     7c81ef48 ffffffff 00000000 ffffffff 00000007  
12-19 19:33:13.338 I/DEBUG   (  179):     7c81ef58 0000000c 00000014 00000004 00000018  
12-19 19:33:13.338 I/DEBUG   (  179):     7c81ef68 00000001 00000000 ffffffff 00000000  
12-19 19:33:13.338 I/DEBUG   (  179):     7c81ef78 ffffffff 00000000 76885c88 00000000  
12-19 19:33:13.338 I/DEBUG   (  179):     7c81ef88 00000000 00000003 00000000 00000000  
12-19 19:33:13.338 I/DEBUG   (  179):     7c81ef98 00000000 00000000 00000001 40800000  
12-19 19:33:13.338 I/DEBUG   (  179):     7c81efa8 00000000 72d999e6 0000005c 7b4f472c  
12-19 19:33:13.338 I/DEBUG   (  179):     7c81efb8 00000100 00000000 00000000 ffffffff  
12-19 19:33:13.338 I/DEBUG   (  179):     7c81efc8 00000000 ffffffff 00000000 ffffffff  
12-19 19:33:13.338 I/DEBUG   (  179):     7c81efd8 00000000 ffffffff 00000000 ffffffff  
12-19 19:33:13.338 I/DEBUG   (  179):     7c81efe8 00000000 ffffffff 00000000 ffffffff  
12-19 19:33:13.338 I/DEBUG   (  179):     7c81eff8 00000000 ffffffff 00000000 00000000  
12-19 19:33:13.338 I/DEBUG   (  179):     7c81f008 00000000 7cefe960 0000000f 0000000f  
12-19 19:33:13.338 I/DEBUG   (  179): 
12-19 19:33:13.338 I/DEBUG   (  179): memory near sl:
12-19 19:33:13.338 I/DEBUG   (  179):     7315de38 72ca6701 72ca7061 72ca7701 72ca6b15  
12-19 19:33:13.338 I/DEBUG   (  179):     7315de48 72ca6d2d 7315a5e0 40586e80 40586eb8  
12-19 19:33:13.338 I/DEBUG   (  179):     7315de58 00000000 00000000 00000000 400a7799  
12-19 19:33:13.338 I/DEBUG   (  179):     7315de68 400a76a5 400da919 400da927 400a0840  
12-19 19:33:13.338 I/DEBUG   (  179):     7315de78 40283bdd 400a0fcd 400a1f85 4026e61b  
12-19 19:33:13.338 I/DEBUG   (  179):     7315de88 40283be1 40090ef5 400da931 4026fcc5  
12-19 19:33:13.338 I/DEBUG   (  179):     7315de98 400a228c 400da919 400da927 400a0b70  
12-19 19:33:13.338 I/DEBUG   (  179):     7315dea8 40094091 4047a371 400ee5c8 400eab68  
12-19 19:33:13.338 I/DEBUG   (  179):     7315deb8 4049b897 4049b7e1 4047a375 400ba590  
12-19 19:33:13.338 I/DEBUG   (  179):     7315dec8 400b92c0 400a10dc 40072570 4027637b  
12-19 19:33:13.338 I/DEBUG   (  179):     7315ded8 40277765 40276437 402763ed 40480311  
12-19 19:33:13.338 I/DEBUG   (  179):     7315dee8 40479fa9 4047b1d1 4047feb1 4049686d  
12-19 19:33:13.338 I/DEBUG   (  179):     7315def8 404969ab 40496a5f 731d656d 731d65c5  
12-19 19:33:13.338 I/DEBUG   (  179):     7315df08 4046d65b 4046da59 4046d9ef 404802a1  
12-19 19:33:13.338 I/DEBUG   (  179):     7315df18 40479827 4046db1b 731d65fd 404f8d25  
12-19 19:33:13.338 I/DEBUG   (  179):     7315df28 4047a6d5 4048c123 4047a6f7 404fb769  
12-19 19:33:13.338 I/DEBUG   (  179): 
12-19 19:33:13.338 I/DEBUG   (  179): memory near fp:
12-19 19:33:13.338 I/DEBUG   (  179):     400cb2cc 00000000 00000000 00000000 00000000  
12-19 19:33:13.338 I/DEBUG   (  179):     400cb2dc 00000000 00000000 ffffffff 00000000  
12-19 19:33:13.338 I/DEBUG   (  179):     400cb2ec 00000000 00000001 ffffffff 003fffff  
12-19 19:33:13.338 I/DEBUG   (  179):     400cb2fc 00000000 00000000 00000000 00000000  
12-19 19:33:13.338 I/DEBUG   (  179):     400cb30c 00000000 00000000 00000000 00000000  
12-19 19:33:13.338 I/DEBUG   (  179):     400cb31c 00000000 00000000 40091a4d 40091a49  
12-19 19:33:13.338 I/DEBUG   (  179):     400cb32c 400923fb 40092535 00000000 00000000  
12-19 19:33:13.338 I/DEBUG   (  179):     400cb33c 00000000 00000000 41500145 400925c9  
12-19 19:33:13.338 I/DEBUG   (  179):     400cb34c 404a7d55 00000000 00000000 00000000  
12-19 19:33:13.338 I/DEBUG   (  179):     400cb35c 40106de1 401363ed 00000000 00000000  
12-19 19:33:13.338 I/DEBUG   (  179):     400cb36c 00000000 72092681 00000000 00000000  
12-19 19:33:13.338 I/DEBUG   (  179):     400cb37c 00000000 00000000 00000000 74682fdc  
12-19 19:33:13.338 I/DEBUG   (  179):     400cb38c 402ef041 00000000 00000000 00000000  
12-19 19:33:13.338 I/DEBUG   (  179):     400cb39c 00000000 00000000 00000000 00000000  
12-19 19:33:13.338 I/DEBUG   (  179):     400cb3ac 00000000 00000000 00000000 72c9a27d  
12-19 19:33:13.338 I/DEBUG   (  179):     400cb3bc 721ef959 721df56d 725e469f 72251263  
12-19 19:33:13.338 I/DEBUG   (  179): 
12-19 19:33:13.338 I/DEBUG   (  179): memory near sp:
12-19 19:33:13.338 I/DEBUG   (  179):     7cc2c630 00000001 7226ec69 7317c784 721ee7d3  
12-19 19:33:13.338 I/DEBUG   (  179):     7cc2c640 00000000 72332a27 7c81ee00 00000000  
12-19 19:33:13.338 I/DEBUG   (  179):     7cc2c650 7c81ee00 7c81ee28 7c81ee94 730c909c  
12-19 19:33:13.338 I/DEBUG   (  179):     7cc2c660 7c81efb4 72333f47 7da1cdb0 00000000  
12-19 19:33:13.338 I/DEBUG   (  179):     7cc2c670 730c909c 00000000 00000000 00000000  
12-19 19:33:13.338 I/DEBUG   (  179):     7cc2c680 00000000 00000000 7c81f034 7b4f472c  
12-19 19:33:13.338 I/DEBUG   (  179):     7cc2c690 00000001 00000000 12493411 41d4ace4  
12-19 19:33:13.338 I/DEBUG   (  179):     7cc2c6a0 00000000 00000000 00000000 7c81ee00  
12-19 19:33:13.338 I/DEBUG   (  179):     7cc2c6b0 00000000 7cc2c700 730c909c 7cc2c828  
12-19 19:33:13.338 I/DEBUG   (  179):     7cc2c6c0 00000000 00000000 400cb2ec 72334c65  
12-19 19:33:13.338 I/DEBUG   (  179):     7cc2c6d0 7c81ee00 730c8ff8 00000000 7c81ee00  
12-19 19:33:13.338 I/DEBUG   (  179):     7cc2c6e0 00000001 72334ce5 b71b6fff 7c81ee20  
12-19 19:33:13.338 I/DEBUG   (  179):     7cc2c6f0 785c2808 7244c18f 7c81ee20 785c280c  
12-19 19:33:13.338 I/DEBUG   (  179):     7cc2c700 7b59db40 00000002 00000002 00000002  
12-19 19:33:13.338 I/DEBUG   (  179):     7cc2c710 785c2808 785c2808 40f21825 785c70c0  
12-19 19:33:13.338 I/DEBUG   (  179):     7cc2c720 7ce29f40 7244b6cf 730e09d8 7244b761  
12-19 19:33:13.338 I/DEBUG   (  179): 
12-19 19:33:13.338 I/DEBUG   (  179): code around pc:
12-19 19:33:13.338 I/DEBUG   (  179):     72337650 fdd8f6a7 f7ff4630 6eeaff64 3202b102  
12-19 19:33:13.338 I/DEBUG   (  179):     72337660 1a8068e1 60a31a43 e92dbd7c 460441f0  
12-19 19:33:13.338 I/DEBUG   (  179):     72337670 b094681d 46174688 bb15461e fd12f06d  
12-19 19:33:13.338 I/DEBUG   (  179):     72337680 b3136efb d0203302 46394668 f906f000  
12-19 19:33:13.338 I/DEBUG   (  179):     72337690 a8014669 fc60f745 4620a901 fd36f06d  
12-19 19:33:13.338 I/DEBUG   (  179):     723376a0 f7fba80a 980cf9eb 950cb118 f6a7950d  
12-19 19:33:13.338 I/DEBUG   (  179):     723376b0 a802ff59 fbc6f745 b1309800 fda2f6a7  
12-19 19:33:13.338 I/DEBUG   (  179):     723376c0 f100e003 f06d014c f104fe6d 4641054c  
12-19 19:33:13.338 I/DEBUG   (  179):     723376d0 f06d4628 4628fd1b ff23f7ff 46204605  
12-19 19:33:13.338 I/DEBUG   (  179):     723376e0 fb27f06d 60f01a28 e8bdb014 b57081f0  
12-19 19:33:13.338 I/DEBUG   (  179):     723376f0 68844605 460e4608 fdeaf6a7 d1074284  
12-19 19:33:13.338 I/DEBUG   (  179):     72337700 6830b144 68294622 4070e8bd bce3f6a9  
12-19 19:33:13.338 I/DEBUG   (  179):     72337710 bd702000 bd702001 6800b508 b9906809  
12-19 19:33:13.338 I/DEBUG   (  179):     72337720 2200e00e fae6f6a9 f6a9e003 e000fbf1  
12-19 19:33:13.338 I/DEBUG   (  179):     72337730 f1d06848 bf380001 bd082000 bd082001  
12-19 19:33:13.338 I/DEBUG   (  179):     72337740 d1f52900 2a00e7fa e7ead0ef 28bcf8d0  
12-19 19:33:13.338 I/DEBUG   (  179): 
12-19 19:33:13.338 I/DEBUG   (  179): code around lr:
12-19 19:33:13.338 I/DEBUG   (  179):     72333f24 46020694 f7fea803 4648fc7b 46426921  
12-19 19:33:13.338 I/DEBUG   (  179):     72333f34 ff48f010 4630e035 6fe24629 f0036fa3  
12-19 19:33:13.338 I/DEBUG   (  179):     72333f44 6fe0fb92 6fa24629 fb08f004 68a2b918  
12-19 19:33:13.338 I/DEBUG   (  179):     72333f54 dc742a01 f8d4e031 68572084 4630b9ef  
12-19 19:33:13.338 I/DEBUG   (  179):     72333f64 6fe24629 f0036fa3 6fe3fb64 aa056fa1  
12-19 19:33:13.338 I/DEBUG   (  179):     72333f74 91057958 96064649 001cf88d f010a802  
12-19 19:33:13.338 I/DEBUG   (  179):     72333f84 f8ddfd83 4638b008 f5029702 f1bbebd0  
12-19 19:33:13.338 I/DEBUG   (  179):     72333f94 d1620f00 f5024658 4620ebca f7ff6fa1  
12-19 19:33:13.338 I/DEBUG   (  179):     72333fa4 4620ff86 aa089901 fcecf7fe d0ce2800  
12-19 19:33:13.338 I/DEBUG   (  179):     72333fb4 3038f89d d1ca2b00 f89de048 b11b3038  
12-19 19:33:13.338 I/DEBUG   (  179):     72333fc4 0090f8d4 fcabf001 6d416820 47884620  
12-19 19:33:13.338 I/DEBUG   (  179):     72333fd4 f8d4b330 b9d66088 10f8f640 f6ab6927  
12-19 19:33:13.338 I/DEBUG   (  179):     72333fe4 f104fabb f5070124 4642789e f0024607  
12-19 19:33:13.338 I/DEBUG   (  179):     72333ff4 f8d4f9bf f8c40088 f7fe7088 4630fdca  
12-19 19:33:13.338 I/DEBUG   (  179):     72334004 fdc7f7fe 0088f8d4 f0014629 6922fdf2  
12-19 19:33:13.338 I/DEBUG   (  179):     72334014 0088f8d4 122cf8d4 720bf502 fbb4f002  
12-19 19:33:13.848 W/ActivityManager(  771):   Force finishing activity kik.android/.chat.fragment.KikFragmentActivity
12-19 19:33:13.888 I/ActivityManager(  771): Process kik.android (pid 21068) has died.
12-19 19:33:13.888 I/WindowState(  771): WIN DEATH: Window{439daf78 u0 kik.android/kik.android.chat.fragment.KikFragmentActivity}
12-19 19:33:13.898 D/Zygote  (  182): Process 21068 terminated by signal (11)
12-19 19:33:13.908 I/ProcessStatsService(  771): Prepared write state in 5ms
12-19 19:33:13.918 I/ProcessStatsService(  771): Prepared write state in 2ms
12-19 19:33:13.918 I/ProcessStatsService(  771): Pruning old procstats: /data/system/procstats/state-2013-12-18-09-55-37.bin
12-19 19:33:14.078 D/dalvikvm(21836): Late-enabling CheckJNI
12-19 19:33:14.078 I/ActivityManager(  771): Start proc kik.android for service kik.android/.net.communicator.CommunicatorService: pid=21836 uid=10076 gids={50076, 3003, 1028, 1015}
12-19 19:33:14.148 D/dalvikvm(21836): GC_CONCURRENT freed 150K, 2% free 16978K/17164K, paused 3ms+3ms, total 20ms
12-19 19:33:14.188 D/dalvikvm(21836): GC_CONCURRENT freed 285K, 2% free 17199K/17516K, paused 2ms+1ms, total 15ms
12-19 19:33:14.208 D/dalvikvm(21836): GC_CONCURRENT freed 257K, 2% free 17420K/17712K, paused 1ms+1ms, total 13ms
12-19 19:33:14.248 D/dalvikvm(21836): GC_CONCURRENT freed 360K, 3% free 17560K/17964K, paused 7ms+1ms, total 20ms
12-19 19:33:14.248 D/dalvikvm(21836): WAIT_FOR_CONCURRENT_GC blocked 10ms
12-19 19:33:14.258 D/dalvikvm(21836): GC_FOR_ALLOC freed 31K, 3% free 17590K/18028K, paused 12ms, total 12ms
12-19 19:33:14.268 I/dalvikvm-heap(21836): Grow heap (frag case) to 17.331MB for 129040-byte allocation
12-19 19:33:14.278 D/dalvikvm(21836): GC_FOR_ALLOC freed 62K, 3% free 17654K/18156K, paused 15ms, total 15ms
12-19 19:33:14.278 D/dalvikvm(21836): WAIT_FOR_CONCURRENT_GC blocked 37ms
12-19 19:33:14.288 D/dalvikvm(21836): GC_FOR_ALLOC freed 6K, 3% free 17653K/18156K, paused 11ms, total 11ms
12-19 19:33:14.288 I/dalvikvm-heap(21836): Grow heap (frag case) to 17.349MB for 84160-byte allocation
